******************************************************************************
             TMS320C2000 Linker PC v20.2.5                     
******************************************************************************
>> Linked Tue Sep  7 16:15:58 2021

OUTPUT FILE NAME:   <Example_F2802xLEDBlink.out>
ENTRY POINT SYMBOL: "code_start"  address: 00000000


MEMORY CONFIGURATION

         name            origin    length      used     unused   attr    fill
----------------------  --------  ---------  --------  --------  ----  --------
PAGE 0:
  BEGIN                 00000000   00000002  00000002  00000000  RWIX
  RAMM0                 00000050   000003b0  000003b0  00000000  RWIX
  RAML0                 00008000   00000800  0000013e  000006c2  RWIX
  IQTABLES              003fe000   00000b50  00000000  00000b50  RWIX
  IQTABLES2             003feb50   0000008c  00000000  0000008c  RWIX
  IQTABLES3             003febdc   000000aa  00000000  000000aa  RWIX
  BOOTROM               003ff27c   00000d44  00000000  00000d44  RWIX
  RESET                 003fffc0   00000002  00000000  00000002  RWIX

PAGE 1:
  BOOT_RSVD             00000002   0000004e  00000000  0000004e  RWIX
  RAMM1                 00000400   00000400  00000319  000000e7  RWIX
  DEV_EMU               00000880   00000105  00000000  00000105  RWIX
  SYS_PWR_CTL           00000985   00000003  00000000  00000003  RWIX
  FLASH_REGS            00000a80   00000060  00000000  00000060  RWIX
  CSM                   00000ae0   00000010  00000000  00000010  RWIX
  ADC_RESULT            00000b00   00000020  00000000  00000020  RWIX
  CPU_TIMER0            00000c00   00000008  00000000  00000008  RWIX
  CPU_TIMER1            00000c08   00000008  00000000  00000008  RWIX
  CPU_TIMER2            00000c10   00000008  00000000  00000008  RWIX
  PIE_CTRL              00000ce0   00000020  00000000  00000020  RWIX
  PIE_VECT              00000d00   00000100  00000000  00000100  RWIX
  COMP1                 00006400   00000020  00000000  00000020  RWIX
  COMP2                 00006420   00000020  00000000  00000020  RWIX
  EPWM1                 00006800   00000040  00000000  00000040  RWIX
  EPWM2                 00006840   00000040  00000000  00000040  RWIX
  EPWM3                 00006880   00000040  00000000  00000040  RWIX
  EPWM4                 000068c0   00000040  00000000  00000040  RWIX
  ECAP1                 00006a00   00000020  00000000  00000020  RWIX
  GPIOCTRL              00006f80   00000040  00000000  00000040  RWIX
  GPIODAT               00006fc0   00000020  00000000  00000020  RWIX
  GPIOINT               00006fe0   00000020  00000000  00000020  RWIX
  SYSTEM                00007010   00000020  00000000  00000020  RWIX
  SPIA                  00007040   00000010  00000000  00000010  RWIX
  SCIA                  00007050   00000010  00000000  00000010  RWIX
  NMIINTRUPT            00007060   00000010  00000000  00000010  RWIX
  XINTRUPT              00007070   00000010  00000000  00000010  RWIX
  ADC                   00007100   00000080  00000000  00000080  RWIX
  I2CA                  00007900   00000040  00000000  00000040  RWIX
  PARTID                003d7fff   00000001  00000000  00000001  RWIX
  CSM_PWL               003f7ff8   00000008  00000000  00000008  RWIX


SECTION ALLOCATION MAP

 output                                  attributes/
section   page    origin      length       input sections
--------  ----  ----------  ----------   ----------------
codestart 
*          0    00000000    00000002     
                  00000000    00000002     driverlib.lib : f2802xx_codestartbranch.obj (codestart)

.cinit     0    00008120    0000001e     
                  00008120    0000000e     rts2800_ml.lib : exit.c.obj (.cinit)
                  0000812e    00000005                    : _lock.c.obj (.cinit:__lock)
                  00008133    00000005                    : _lock.c.obj (.cinit:__unlock)
                  00008138    00000004     2802xLEDBlink_edit.obj (.cinit)
                  0000813c    00000002     --HOLE-- [fill = 0]

.pinit     0    00000050    00000000     UNINITIALIZED

.reset     0    003fffc0    00000002     DSECT
                  003fffc0    00000002     rts2800_ml.lib : boot28.asm.obj (.reset)

.stack     1    00000400    00000200     UNINITIALIZED
                  00000400    00000200     --HOLE--

.econst    1    00000600    00000100     
                  00000600    00000100     driverlib.lib : pie.obj (.econst:_PIE_tableDebugInit)

.ebss      1    00000700    00000019     UNINITIALIZED
                  00000700    0000000e     2802xLEDBlink_edit.obj (.ebss)
                  0000070e    00000006     rts2800_ml.lib : exit.c.obj (.ebss)
                  00000714    00000002                    : _lock.c.obj (.ebss:__lock)
                  00000716    00000002                    : _lock.c.obj (.ebss:__unlock)
                  00000718    00000001     driverlib.lib : cpu.obj (.ebss)

.text.1    0    00000050    000003b0     
                  00000050    00000114     2802xLEDBlink_edit.obj (.text)
                  00000164    00000054     rts2800_ml.lib : boot28.asm.obj (.text)
                  000001b8    00000048     driverlib.lib : gpio.obj (.text:_GPIO_setMode)
                  00000200    00000031     2802xLEDBlink_edit.obj (.text:retain)
                  00000231    00000029     driverlib.lib : gpio.obj (.text:_GPIO_setDirection)
                  0000025a    00000029     rts2800_ml.lib : exit.c.obj (.text)
                  00000283    00000024                    : cpy_tbl.c.obj (.text)
                  000002a7    0000001d                    : memcpy.c.obj (.text)
                  000002c4    00000015     driverlib.lib : pll.obj (.text:_PLL_setup)
                  000002d9    00000014                   : gpio.obj (.text:_GPIO_setHigh)
                  000002ed    00000014                   : gpio.obj (.text:_GPIO_setLow)
                  00000301    00000014                   : gpio.obj (.text:_GPIO_toggle)
                  00000315    00000013                   : timer.obj (.text:_TIMER_setPreScaler)
                  00000328    00000011                   : pie.obj (.text:_PIE_disableAllInts)
                  00000339    00000011                   : pie.obj (.text:_PIE_setDebugIntVectorTable)
                  0000034a    00000011     rts2800_ml.lib : args_main.c.obj (.text)
                  0000035b    0000000f     driverlib.lib : pie.obj (.text:_PIE_registerPieIntHandler)
                  0000036a    0000000a                   : adc.obj (.text:_ADC_init)
                  00000374    0000000a                   : pie.obj (.text:_PIE_init)
                  0000037e    00000009     rts2800_ml.lib : _lock.c.obj (.text)
                  00000387    00000008     driverlib.lib : clk.obj (.text:_CLK_init)
                  0000038f    00000008                   : flash.obj (.text:_FLASH_init)
                  00000397    00000008                   : gpio.obj (.text:_GPIO_init)
                  0000039f    00000008                   : pll.obj (.text:_PLL_init)
                  000003a7    00000008                   : timer.obj (.text:_TIMER_init)
                  000003af    00000008                   : wdog.obj (.text:_WDOG_disable)
                  000003b7    00000008                   : wdog.obj (.text:_WDOG_init)
                  000003bf    00000008                   : f2802xx_codestartbranch.obj (.text)
                  000003c7    00000007                   : clk.obj (.text:_CLK_enableAdcClock)
                  000003ce    00000007                   : clk.obj (.text:_CLK_setOscSrc)
                  000003d5    00000007                   : pll.obj (.text:_PLL_setDivider)
                  000003dc    00000006                   : pll.obj (.text:_PLL_setMultiplier)
                  000003e2    00000006                   : timer.obj (.text:_TIMER_setEmulationMode)
                  000003e8    00000005                   : f2802xx_defaultisr.obj (.text:_ADCINT1_ISR)
                  000003ed    00000005                   : f2802xx_defaultisr.obj (.text:_ADCINT2_ISR)
                  000003f2    00000005                   : f2802xx_defaultisr.obj (.text:_ADCINT3_ISR)
                  000003f7    00000005                   : f2802xx_defaultisr.obj (.text:_ADCINT4_ISR)
                  000003fc    00000004                   : cpu.obj (.text:_CPU_enableInt)

.text.2    0    00008000    00000120     
                  00008000    00000005     driverlib.lib : f2802xx_defaultisr.obj (.text:_ADCINT5_ISR)
                  00008005    00000005                   : f2802xx_defaultisr.obj (.text:_ADCINT6_ISR)
                  0000800a    00000005                   : f2802xx_defaultisr.obj (.text:_ADCINT7_ISR)
                  0000800f    00000005                   : f2802xx_defaultisr.obj (.text:_ADCINT8_ISR)
                  00008014    00000005                   : f2802xx_defaultisr.obj (.text:_ADCINT9_ISR)
                  00008019    00000005                   : f2802xx_defaultisr.obj (.text:_DATALOG_ISR)
                  0000801e    00000005                   : f2802xx_defaultisr.obj (.text:_ECAP1_INT_ISR)
                  00008023    00000005                   : f2802xx_defaultisr.obj (.text:_EMPTY_ISR)
                  00008028    00000005                   : f2802xx_defaultisr.obj (.text:_EMUINT_ISR)
                  0000802d    00000005                   : f2802xx_defaultisr.obj (.text:_EPWM1_INT_ISR)
                  00008032    00000005                   : f2802xx_defaultisr.obj (.text:_EPWM1_TZINT_ISR)
                  00008037    00000005                   : f2802xx_defaultisr.obj (.text:_EPWM2_INT_ISR)
                  0000803c    00000005                   : f2802xx_defaultisr.obj (.text:_EPWM2_TZINT_ISR)
                  00008041    00000005                   : f2802xx_defaultisr.obj (.text:_EPWM3_INT_ISR)
                  00008046    00000005                   : f2802xx_defaultisr.obj (.text:_EPWM3_TZINT_ISR)
                  0000804b    00000005                   : f2802xx_defaultisr.obj (.text:_EPWM4_INT_ISR)
                  00008050    00000005                   : f2802xx_defaultisr.obj (.text:_EPWM4_TZINT_ISR)
                  00008055    00000005                   : f2802xx_defaultisr.obj (.text:_I2CINT1A_ISR)
                  0000805a    00000005                   : f2802xx_defaultisr.obj (.text:_I2CINT2A_ISR)
                  0000805f    00000005                   : f2802xx_defaultisr.obj (.text:_ILLEGAL_ISR)
                  00008064    00000005                   : f2802xx_defaultisr.obj (.text:_INT13_ISR)
                  00008069    00000005                   : f2802xx_defaultisr.obj (.text:_INT14_ISR)
                  0000806e    00000005                   : f2802xx_defaultisr.obj (.text:_NMI_ISR)
                  00008073    00000005                   : f2802xx_defaultisr.obj (.text:_PIE_RESERVED)
                  00008078    00000005                   : pie.obj (.text:_PIE_illegalIsr)
                  0000807d    00000005                   : f2802xx_defaultisr.obj (.text:_RTOSINT_ISR)
                  00008082    00000005                   : f2802xx_defaultisr.obj (.text:_SCIRXINTA_ISR)
                  00008087    00000005                   : f2802xx_defaultisr.obj (.text:_SCITXINTA_ISR)
                  0000808c    00000005                   : f2802xx_defaultisr.obj (.text:_SPIRXINTA_ISR)
                  00008091    00000005                   : f2802xx_defaultisr.obj (.text:_SPITXINTA_ISR)
                  00008096    00000005                   : f2802xx_defaultisr.obj (.text:_TINT0_ISR)
                  0000809b    00000005                   : f2802xx_defaultisr.obj (.text:_USER10_ISR)
                  000080a0    00000005                   : f2802xx_defaultisr.obj (.text:_USER11_ISR)
                  000080a5    00000005                   : f2802xx_defaultisr.obj (.text:_USER12_ISR)
                  000080aa    00000005                   : f2802xx_defaultisr.obj (.text:_USER1_ISR)
                  000080af    00000005                   : f2802xx_defaultisr.obj (.text:_USER2_ISR)
                  000080b4    00000005                   : f2802xx_defaultisr.obj (.text:_USER3_ISR)
                  000080b9    00000005                   : f2802xx_defaultisr.obj (.text:_USER4_ISR)
                  000080be    00000005                   : f2802xx_defaultisr.obj (.text:_USER5_ISR)
                  000080c3    00000005                   : f2802xx_defaultisr.obj (.text:_USER6_ISR)
                  000080c8    00000005                   : f2802xx_defaultisr.obj (.text:_USER7_ISR)
                  000080cd    00000005                   : f2802xx_defaultisr.obj (.text:_USER8_ISR)
                  000080d2    00000005                   : f2802xx_defaultisr.obj (.text:_USER9_ISR)
                  000080d7    00000005                   : f2802xx_defaultisr.obj (.text:_WAKEINT_ISR)
                  000080dc    00000005                   : f2802xx_defaultisr.obj (.text:_XINT1_ISR)
                  000080e1    00000005                   : f2802xx_defaultisr.obj (.text:_XINT2_ISR)
                  000080e6    00000005                   : f2802xx_defaultisr.obj (.text:_XINT3_ISR)
                  000080eb    00000005                   : f2802xx_defaultisr.obj (.text:_rsvd_ISR)
                  000080f0    00000004                   : cpu.obj (.text:_CPU_init)
                  000080f4    00000003                   : cpu.obj (.text:_CPU_clearIntFlags)
                  000080f7    00000003                   : cpu.obj (.text:_CPU_disableGlobalInts)
                  000080fa    00000003                   : cpu.obj (.text:_CPU_enableDebugInt)
                  000080fd    00000003                   : cpu.obj (.text:_CPU_enableGlobalInts)
                  00008100    00000003                   : pie.obj (.text:_PIE_disable)
                  00008103    00000003                   : pie.obj (.text:_PIE_enable)
                  00008106    00000003                   : pie.obj (.text:_PIE_enableTimer0Int)
                  00008109    00000003                   : pll.obj (.text:_PLL_getClkStatus)
                  0000810c    00000003                   : pll.obj (.text:_PLL_getLockStatus)
                  0000810f    00000003                   : timer.obj (.text:_TIMER_enableInt)
                  00008112    00000003                   : timer.obj (.text:_TIMER_reload)
                  00008115    00000003                   : timer.obj (.text:_TIMER_start)
                  00008118    00000003                   : timer.obj (.text:_TIMER_stop)
                  0000811b    00000002                   : timer.obj (.text:_TIMER_setPeriod)
                  0000811d    00000002     rts2800_ml.lib : pre_init.c.obj (.text)
                  0000811f    00000001                    : startup.c.obj (.text)

MODULE SUMMARY

       Module                        code   initialized data   uninitialized data
       ------                        ----   ----------------   ------------------
    .\
       2802xLEDBlink_edit.obj        325    4                  14                
    +--+-----------------------------+------+------------------+--------------------+
       Total:                        325    4                  14                
                                                                                 
    D:/Softwares/TI/C2000Ware_3_04_00_00_Software/device_support/f2802x/common/ccs/Debug/driverlib.lib
       pie.obj                       73     256                0                 
       f2802xx_defaultisr.obj        255    0                  0                 
       gpio.obj                      181    0                  0                 
       pll.obj                       48     0                  0                 
       timer.obj                     47     0                  0                 
       clk.obj                       22     0                  0                 
       cpu.obj                       20     0                  1                 
       wdog.obj                      16     0                  0                 
       adc.obj                       10     0                  0                 
       f2802xx_codestartbranch.obj   10     0                  0                 
       flash.obj                     8      0                  0                 
    +--+-----------------------------+------+------------------+--------------------+
       Total:                        690    256                1                 
                                                                                 
    D:/Softwares/TI/ccs/tools/compiler/ti-cgt-c2000_20.2.5.LTS/lib/rts2800_ml.lib
       boot28.asm.obj                84     0                  0                 
       exit.c.obj                    41     14                 6                 
       cpy_tbl.c.obj                 36     0                  0                 
       memcpy.c.obj                  29     0                  0                 
       _lock.c.obj                   9      10                 4                 
       args_main.c.obj               17     0                  0                 
       pre_init.c.obj                2      0                  0                 
       startup.c.obj                 1      0                  0                 
    +--+-----------------------------+------+------------------+--------------------+
       Total:                        219    24                 10                
                                                                                 
       Stack:                        0      0                  512               
    +--+-----------------------------+------+------------------+--------------------+
       Grand Total:                  1234   284                537               


GLOBAL DATA SYMBOLS: SORTED BY DATA PAGE

address     data page           name
--------    ----------------    ----
00000400      10 (00000400)     __stack

00000600      18 (00000600)     _PIE_tableDebugInit

00000700      1c (00000700)     _interruptCount
00000702      1c (00000700)     _myAdc
00000704      1c (00000700)     _myClk
00000706      1c (00000700)     _myFlash
00000708      1c (00000700)     _myGpio
0000070a      1c (00000700)     _myPie
0000070c      1c (00000700)     _myTimer
0000070e      1c (00000700)     ___TI_enable_exit_profile_output
00000710      1c (00000700)     ___TI_cleanup_ptr
00000712      1c (00000700)     ___TI_dtors_ptr
00000714      1c (00000700)     __lock
00000716      1c (00000700)     __unlock
00000718      1c (00000700)     _cpu


GLOBAL SYMBOLS: SORTED ALPHABETICALLY BY Name 

page  address   name                            
----  -------   ----                            
abs   ffffffff  .text                           
0     0000025a  C$$EXIT                         
0     000003e8  _ADCINT1_ISR                    
0     000003ed  _ADCINT2_ISR                    
0     000003f2  _ADCINT3_ISR                    
0     000003f7  _ADCINT4_ISR                    
0     00008000  _ADCINT5_ISR                    
0     00008005  _ADCINT6_ISR                    
0     0000800a  _ADCINT7_ISR                    
0     0000800f  _ADCINT8_ISR                    
0     00008014  _ADCINT9_ISR                    
0     0000036a  _ADC_init                       
0     000003c7  _CLK_enableAdcClock             
0     00000387  _CLK_init                       
0     000003ce  _CLK_setOscSrc                  
0     000080f4  _CPU_clearIntFlags              
0     000080f7  _CPU_disableGlobalInts          
0     000080fa  _CPU_enableDebugInt             
0     000080fd  _CPU_enableGlobalInts           
0     000003fc  _CPU_enableInt                  
0     000080f0  _CPU_init                       
0     00008019  _DATALOG_ISR                    
0     0000801e  _ECAP1_INT_ISR                  
0     00008023  _EMPTY_ISR                      
0     00008028  _EMUINT_ISR                     
0     0000802d  _EPWM1_INT_ISR                  
0     00008032  _EPWM1_TZINT_ISR                
0     00008037  _EPWM2_INT_ISR                  
0     0000803c  _EPWM2_TZINT_ISR                
0     00008041  _EPWM3_INT_ISR                  
0     00008046  _EPWM3_TZINT_ISR                
0     0000804b  _EPWM4_INT_ISR                  
0     00008050  _EPWM4_TZINT_ISR                
0     0000038f  _FLASH_init                     
0     00000397  _GPIO_init                      
0     00000231  _GPIO_setDirection              
0     000002d9  _GPIO_setHigh                   
0     000002ed  _GPIO_setLow                    
0     000001b8  _GPIO_setMode                   
0     00000301  _GPIO_toggle                    
0     00008055  _I2CINT1A_ISR                   
0     0000805a  _I2CINT2A_ISR                   
0     0000805f  _ILLEGAL_ISR                    
0     00008064  _INT13_ISR                      
0     00008069  _INT14_ISR                      
0     0000806e  _NMI_ISR                        
0     00008073  _PIE_RESERVED                   
0     00008100  _PIE_disable                    
0     00000328  _PIE_disableAllInts             
0     00008103  _PIE_enable                     
0     00008106  _PIE_enableTimer0Int            
0     00008078  _PIE_illegalIsr                 
0     00000374  _PIE_init                       
0     0000035b  _PIE_registerPieIntHandler      
0     00000339  _PIE_setDebugIntVectorTable     
1     00000600  _PIE_tableDebugInit             
0     00008109  _PLL_getClkStatus               
0     0000810c  _PLL_getLockStatus              
0     0000039f  _PLL_init                       
0     000003d5  _PLL_setDivider                 
0     000003dc  _PLL_setMultiplier              
0     000002c4  _PLL_setup                      
0     0000807d  _RTOSINT_ISR                    
0     00008082  _SCIRXINTA_ISR                  
0     00008087  _SCITXINTA_ISR                  
0     0000808c  _SPIRXINTA_ISR                  
0     00008091  _SPITXINTA_ISR                  
0     0000810f  _TIMER_enableInt                
0     000003a7  _TIMER_init                     
0     00008112  _TIMER_reload                   
0     000003e2  _TIMER_setEmulationMode         
0     0000811b  _TIMER_setPeriod                
0     00000315  _TIMER_setPreScaler             
0     00008115  _TIMER_start                    
0     00008118  _TIMER_stop                     
0     00008096  _TINT0_ISR                      
0     0000809b  _USER10_ISR                     
0     000080a0  _USER11_ISR                     
0     000080a5  _USER12_ISR                     
0     000080aa  _USER1_ISR                      
0     000080af  _USER2_ISR                      
0     000080b4  _USER3_ISR                      
0     000080b9  _USER4_ISR                      
0     000080be  _USER5_ISR                      
0     000080c3  _USER6_ISR                      
0     000080c8  _USER7_ISR                      
0     000080cd  _USER8_ISR                      
0     000080d2  _USER9_ISR                      
0     000080d7  _WAKEINT_ISR                    
0     000003af  _WDOG_disable                   
0     000003b7  _WDOG_init                      
0     000080dc  _XINT1_ISR                      
0     000080e1  _XINT2_ISR                      
0     000080e6  _XINT3_ISR                      
1     00000600  __STACK_END                     
abs   00000200  __STACK_SIZE                    
1     00000710  ___TI_cleanup_ptr               
1     00000712  ___TI_dtors_ptr                 
1     0000070e  ___TI_enable_exit_profile_output
abs   ffffffff  ___TI_pprof_out_hndl            
abs   ffffffff  ___TI_prof_data_size            
abs   ffffffff  ___TI_prof_data_start           
abs   ffffffff  ___binit__                      
abs   ffffffff  ___c_args__                     
0     00008120  ___cinit__                      
abs   ffffffff  ___etext__                      
abs   ffffffff  ___pinit__                      
abs   ffffffff  ___text__                       
0     0000034a  __args_main                     
1     00000714  __lock                          
0     00000386  __nop                           
0     00000382  __register_lock                 
0     0000037e  __register_unlock               
1     00000400  __stack                         
0     0000811f  __system_post_cinit             
0     0000811d  __system_pre_init               
1     00000716  __unlock                        
0     0000025a  _abort                          
0     00000164  _c_int00                        
0     00000283  _copy_in                        
1     00000718  _cpu                            
0     00000200  _cpu_timer0_isr                 
0     0000025c  _exit                           
1     00000700  _interruptCount                 
0     0000005b  _main                           
0     000002a7  _memcpy                         
1     00000702  _myAdc                          
1     00000704  _myClk                          
1     00000706  _myFlash                        
1     00000708  _myGpio                         
1     0000070a  _myPie                          
1     0000070c  _myTimer                        
0     000080eb  _rsvd_ISR                       
abs   ffffffff  binit                           
0     00008120  cinit                           
0     00000000  code_start                      
abs   ffffffff  etext                           
abs   ffffffff  pinit                           


GLOBAL SYMBOLS: SORTED BY Symbol Address 

page  address   name                            
----  -------   ----                            
0     00000000  code_start                      
0     0000005b  _main                           
0     00000164  _c_int00                        
0     000001b8  _GPIO_setMode                   
0     00000200  _cpu_timer0_isr                 
0     00000231  _GPIO_setDirection              
0     0000025a  C$$EXIT                         
0     0000025a  _abort                          
0     0000025c  _exit                           
0     00000283  _copy_in                        
0     000002a7  _memcpy                         
0     000002c4  _PLL_setup                      
0     000002d9  _GPIO_setHigh                   
0     000002ed  _GPIO_setLow                    
0     00000301  _GPIO_toggle                    
0     00000315  _TIMER_setPreScaler             
0     00000328  _PIE_disableAllInts             
0     00000339  _PIE_setDebugIntVectorTable     
0     0000034a  __args_main                     
0     0000035b  _PIE_registerPieIntHandler      
0     0000036a  _ADC_init                       
0     00000374  _PIE_init                       
0     0000037e  __register_unlock               
0     00000382  __register_lock                 
0     00000386  __nop                           
0     00000387  _CLK_init                       
0     0000038f  _FLASH_init                     
0     00000397  _GPIO_init                      
0     0000039f  _PLL_init                       
0     000003a7  _TIMER_init                     
0     000003af  _WDOG_disable                   
0     000003b7  _WDOG_init                      
0     000003c7  _CLK_enableAdcClock             
0     000003ce  _CLK_setOscSrc                  
0     000003d5  _PLL_setDivider                 
0     000003dc  _PLL_setMultiplier              
0     000003e2  _TIMER_setEmulationMode         
0     000003e8  _ADCINT1_ISR                    
0     000003ed  _ADCINT2_ISR                    
0     000003f2  _ADCINT3_ISR                    
0     000003f7  _ADCINT4_ISR                    
0     000003fc  _CPU_enableInt                  
0     00008000  _ADCINT5_ISR                    
0     00008005  _ADCINT6_ISR                    
0     0000800a  _ADCINT7_ISR                    
0     0000800f  _ADCINT8_ISR                    
0     00008014  _ADCINT9_ISR                    
0     00008019  _DATALOG_ISR                    
0     0000801e  _ECAP1_INT_ISR                  
0     00008023  _EMPTY_ISR                      
0     00008028  _EMUINT_ISR                     
0     0000802d  _EPWM1_INT_ISR                  
0     00008032  _EPWM1_TZINT_ISR                
0     00008037  _EPWM2_INT_ISR                  
0     0000803c  _EPWM2_TZINT_ISR                
0     00008041  _EPWM3_INT_ISR                  
0     00008046  _EPWM3_TZINT_ISR                
0     0000804b  _EPWM4_INT_ISR                  
0     00008050  _EPWM4_TZINT_ISR                
0     00008055  _I2CINT1A_ISR                   
0     0000805a  _I2CINT2A_ISR                   
0     0000805f  _ILLEGAL_ISR                    
0     00008064  _INT13_ISR                      
0     00008069  _INT14_ISR                      
0     0000806e  _NMI_ISR                        
0     00008073  _PIE_RESERVED                   
0     00008078  _PIE_illegalIsr                 
0     0000807d  _RTOSINT_ISR                    
0     00008082  _SCIRXINTA_ISR                  
0     00008087  _SCITXINTA_ISR                  
0     0000808c  _SPIRXINTA_ISR                  
0     00008091  _SPITXINTA_ISR                  
0     00008096  _TINT0_ISR                      
0     0000809b  _USER10_ISR                     
0     000080a0  _USER11_ISR                     
0     000080a5  _USER12_ISR                     
0     000080aa  _USER1_ISR                      
0     000080af  _USER2_ISR                      
0     000080b4  _USER3_ISR                      
0     000080b9  _USER4_ISR                      
0     000080be  _USER5_ISR                      
0     000080c3  _USER6_ISR                      
0     000080c8  _USER7_ISR                      
0     000080cd  _USER8_ISR                      
0     000080d2  _USER9_ISR                      
0     000080d7  _WAKEINT_ISR                    
0     000080dc  _XINT1_ISR                      
0     000080e1  _XINT2_ISR                      
0     000080e6  _XINT3_ISR                      
0     000080eb  _rsvd_ISR                       
0     000080f0  _CPU_init                       
0     000080f4  _CPU_clearIntFlags              
0     000080f7  _CPU_disableGlobalInts          
0     000080fa  _CPU_enableDebugInt             
0     000080fd  _CPU_enableGlobalInts           
0     00008100  _PIE_disable                    
0     00008103  _PIE_enable                     
0     00008106  _PIE_enableTimer0Int            
0     00008109  _PLL_getClkStatus               
0     0000810c  _PLL_getLockStatus              
0     0000810f  _TIMER_enableInt                
0     00008112  _TIMER_reload                   
0     00008115  _TIMER_start                    
0     00008118  _TIMER_stop                     
0     0000811b  _TIMER_setPeriod                
0     0000811d  __system_pre_init               
0     0000811f  __system_post_cinit             
0     00008120  ___cinit__                      
0     00008120  cinit                           
1     00000400  __stack                         
1     00000600  _PIE_tableDebugInit             
1     00000600  __STACK_END                     
1     00000700  _interruptCount                 
1     00000702  _myAdc                          
1     00000704  _myClk                          
1     00000706  _myFlash                        
1     00000708  _myGpio                         
1     0000070a  _myPie                          
1     0000070c  _myTimer                        
1     0000070e  ___TI_enable_exit_profile_output
1     00000710  ___TI_cleanup_ptr               
1     00000712  ___TI_dtors_ptr                 
1     00000714  __lock                          
1     00000716  __unlock                        
1     00000718  _cpu                            
abs   00000200  __STACK_SIZE                    
abs   ffffffff  .text                           
abs   ffffffff  ___TI_pprof_out_hndl            
abs   ffffffff  ___TI_prof_data_size            
abs   ffffffff  ___TI_prof_data_start           
abs   ffffffff  ___binit__                      
abs   ffffffff  ___c_args__                     
abs   ffffffff  ___etext__                      
abs   ffffffff  ___pinit__                      
abs   ffffffff  ___text__                       
abs   ffffffff  binit                           
abs   ffffffff  etext                           
abs   ffffffff  pinit                           

[138 symbols]
