<?xml version="1.0" encoding="ISO-8859-1" ?>
<link_info>
   <banner>TMS320C2000 Linker PC v20.2.5.LTS</banner>
   <copyright>Copyright (c) 1996-2018 Texas Instruments Incorporated</copyright>
   <link_time>0x61374067</link_time>
   <link_errors>0x0</link_errors>
   <output_file>Example_F2802xLEDBlink.out</output_file>
   <entry_point>
      <name>code_start</name>
      <address>0x0</address>
   </entry_point>
   <input_file_list>
      <input_file id="fl-2">
         <path>.\</path>
         <kind>object</kind>
         <file>Example_2802xLEDBlink.obj</file>
         <name>Example_2802xLEDBlink.obj</name>
      </input_file>
      <input_file id="fl-9">
         <kind>object</kind>
         <file>&lt;internal&gt;</file>
         <name>&lt;internal&gt;</name>
      </input_file>
      <input_file id="fl-a">
         <path>D:\Softwares\TI\C2000Ware_3_04_00_00_Software\device_support\f2802x\common\ccs\Debug\</path>
         <kind>archive</kind>
         <file>driverlib.lib</file>
         <name>adc.obj</name>
      </input_file>
      <input_file id="fl-b">
         <path>D:\Softwares\TI\C2000Ware_3_04_00_00_Software\device_support\f2802x\common\ccs\Debug\</path>
         <kind>archive</kind>
         <file>driverlib.lib</file>
         <name>clk.obj</name>
      </input_file>
      <input_file id="fl-c">
         <path>D:\Softwares\TI\C2000Ware_3_04_00_00_Software\device_support\f2802x\common\ccs\Debug\</path>
         <kind>archive</kind>
         <file>driverlib.lib</file>
         <name>cpu.obj</name>
      </input_file>
      <input_file id="fl-d">
         <path>D:\Softwares\TI\C2000Ware_3_04_00_00_Software\device_support\f2802x\common\ccs\Debug\</path>
         <kind>archive</kind>
         <file>driverlib.lib</file>
         <name>f2802xx_codestartbranch.obj</name>
      </input_file>
      <input_file id="fl-e">
         <path>D:\Softwares\TI\C2000Ware_3_04_00_00_Software\device_support\f2802x\common\ccs\Debug\</path>
         <kind>archive</kind>
         <file>driverlib.lib</file>
         <name>flash.obj</name>
      </input_file>
      <input_file id="fl-f">
         <path>D:\Softwares\TI\C2000Ware_3_04_00_00_Software\device_support\f2802x\common\ccs\Debug\</path>
         <kind>archive</kind>
         <file>driverlib.lib</file>
         <name>gpio.obj</name>
      </input_file>
      <input_file id="fl-10">
         <path>D:\Softwares\TI\C2000Ware_3_04_00_00_Software\device_support\f2802x\common\ccs\Debug\</path>
         <kind>archive</kind>
         <file>driverlib.lib</file>
         <name>pie.obj</name>
      </input_file>
      <input_file id="fl-11">
         <path>D:\Softwares\TI\C2000Ware_3_04_00_00_Software\device_support\f2802x\common\ccs\Debug\</path>
         <kind>archive</kind>
         <file>driverlib.lib</file>
         <name>pll.obj</name>
      </input_file>
      <input_file id="fl-12">
         <path>D:\Softwares\TI\C2000Ware_3_04_00_00_Software\device_support\f2802x\common\ccs\Debug\</path>
         <kind>archive</kind>
         <file>driverlib.lib</file>
         <name>timer.obj</name>
      </input_file>
      <input_file id="fl-13">
         <path>D:\Softwares\TI\C2000Ware_3_04_00_00_Software\device_support\f2802x\common\ccs\Debug\</path>
         <kind>archive</kind>
         <file>driverlib.lib</file>
         <name>wdog.obj</name>
      </input_file>
      <input_file id="fl-14">
         <path>D:\Softwares\TI\C2000Ware_3_04_00_00_Software\device_support\f2802x\common\ccs\Debug\</path>
         <kind>archive</kind>
         <file>driverlib.lib</file>
         <name>f2802xx_defaultisr.obj</name>
      </input_file>
      <input_file id="fl-15">
         <path>D:\Softwares\TI\ccs\tools\compiler\ti-cgt-c2000_20.2.5.LTS\lib\</path>
         <kind>archive</kind>
         <file>rts2800_ml.lib</file>
         <name>boot28.asm.obj</name>
      </input_file>
      <input_file id="fl-16">
         <path>D:\Softwares\TI\ccs\tools\compiler\ti-cgt-c2000_20.2.5.LTS\lib\</path>
         <kind>archive</kind>
         <file>rts2800_ml.lib</file>
         <name>cpy_tbl.c.obj</name>
      </input_file>
      <input_file id="fl-17">
         <path>D:\Softwares\TI\ccs\tools\compiler\ti-cgt-c2000_20.2.5.LTS\lib\</path>
         <kind>archive</kind>
         <file>rts2800_ml.lib</file>
         <name>memcpy.c.obj</name>
      </input_file>
      <input_file id="fl-18">
         <path>D:\Softwares\TI\ccs\tools\compiler\ti-cgt-c2000_20.2.5.LTS\lib\</path>
         <kind>archive</kind>
         <file>rts2800_ml.lib</file>
         <name>pre_init.c.obj</name>
      </input_file>
      <input_file id="fl-19">
         <path>D:\Softwares\TI\ccs\tools\compiler\ti-cgt-c2000_20.2.5.LTS\lib\</path>
         <kind>archive</kind>
         <file>rts2800_ml.lib</file>
         <name>startup.c.obj</name>
      </input_file>
      <input_file id="fl-1a">
         <path>D:\Softwares\TI\ccs\tools\compiler\ti-cgt-c2000_20.2.5.LTS\lib\</path>
         <kind>archive</kind>
         <file>rts2800_ml.lib</file>
         <name>exit.c.obj</name>
      </input_file>
      <input_file id="fl-1b">
         <path>D:\Softwares\TI\ccs\tools\compiler\ti-cgt-c2000_20.2.5.LTS\lib\</path>
         <kind>archive</kind>
         <file>rts2800_ml.lib</file>
         <name>_lock.c.obj</name>
      </input_file>
      <input_file id="fl-1c">
         <path>D:\Softwares\TI\ccs\tools\compiler\ti-cgt-c2000_20.2.5.LTS\lib\</path>
         <kind>archive</kind>
         <file>rts2800_ml.lib</file>
         <name>args_main.c.obj</name>
      </input_file>
   </input_file_list>
   <object_component_list>
      <object_component id="oc-33">
         <name>codestart</name>
         <load_address>0x0</load_address>
         <run_address>0x0</run_address>
         <size>0x2</size>
         <input_file_ref idref="fl-d"/>
      </object_component>
      <object_component id="oc-d5">
         <name>.text</name>
         <load_address>0x50</load_address>
         <run_address>0x50</run_address>
         <size>0x114</size>
         <input_file_ref idref="fl-2"/>
      </object_component>
      <object_component id="oc-a8">
         <name>.text</name>
         <load_address>0x164</load_address>
         <run_address>0x164</run_address>
         <size>0x54</size>
         <input_file_ref idref="fl-15"/>
      </object_component>
      <object_component id="oc-f6">
         <name>.text:_GPIO_setMode</name>
         <load_address>0x1b8</load_address>
         <run_address>0x1b8</run_address>
         <size>0x48</size>
         <input_file_ref idref="fl-f"/>
      </object_component>
      <object_component id="oc-37">
         <name>.text:retain</name>
         <load_address>0x200</load_address>
         <run_address>0x200</run_address>
         <size>0x31</size>
         <input_file_ref idref="fl-2"/>
      </object_component>
      <object_component id="oc-f7">
         <name>.text:_GPIO_setDirection</name>
         <load_address>0x231</load_address>
         <run_address>0x231</run_address>
         <size>0x29</size>
         <input_file_ref idref="fl-f"/>
      </object_component>
      <object_component id="oc-da">
         <name>.text</name>
         <load_address>0x25a</load_address>
         <run_address>0x25a</run_address>
         <size>0x29</size>
         <input_file_ref idref="fl-1a"/>
      </object_component>
      <object_component id="oc-d7">
         <name>.text</name>
         <load_address>0x283</load_address>
         <run_address>0x283</run_address>
         <size>0x24</size>
         <input_file_ref idref="fl-16"/>
      </object_component>
      <object_component id="oc-fe">
         <name>.text</name>
         <load_address>0x2a7</load_address>
         <run_address>0x2a7</run_address>
         <size>0x1d</size>
         <input_file_ref idref="fl-17"/>
      </object_component>
      <object_component id="oc-e7">
         <name>.text:_PLL_setup</name>
         <load_address>0x2c4</load_address>
         <run_address>0x2c4</run_address>
         <size>0x15</size>
         <input_file_ref idref="fl-11"/>
      </object_component>
      <object_component id="oc-f9">
         <name>.text:_GPIO_setHigh</name>
         <load_address>0x2d9</load_address>
         <run_address>0x2d9</run_address>
         <size>0x14</size>
         <input_file_ref idref="fl-f"/>
      </object_component>
      <object_component id="oc-f8">
         <name>.text:_GPIO_setLow</name>
         <load_address>0x2ed</load_address>
         <run_address>0x2ed</run_address>
         <size>0x14</size>
         <input_file_ref idref="fl-f"/>
      </object_component>
      <object_component id="oc-d4">
         <name>.text:_GPIO_toggle</name>
         <load_address>0x301</load_address>
         <run_address>0x301</run_address>
         <size>0x14</size>
         <input_file_ref idref="fl-f"/>
      </object_component>
      <object_component id="oc-f1">
         <name>.text:_TIMER_setPreScaler</name>
         <load_address>0x315</load_address>
         <run_address>0x315</run_address>
         <size>0x13</size>
         <input_file_ref idref="fl-12"/>
      </object_component>
      <object_component id="oc-e9">
         <name>.text:_PIE_disableAllInts</name>
         <load_address>0x328</load_address>
         <run_address>0x328</run_address>
         <size>0x11</size>
         <input_file_ref idref="fl-10"/>
      </object_component>
      <object_component id="oc-ec">
         <name>.text:_PIE_setDebugIntVectorTable</name>
         <load_address>0x339</load_address>
         <run_address>0x339</run_address>
         <size>0x11</size>
         <input_file_ref idref="fl-10"/>
      </object_component>
      <object_component id="oc-d9">
         <name>.text</name>
         <load_address>0x34a</load_address>
         <run_address>0x34a</run_address>
         <size>0x11</size>
         <input_file_ref idref="fl-1c"/>
      </object_component>
      <object_component id="oc-ee">
         <name>.text:_PIE_registerPieIntHandler</name>
         <load_address>0x35b</load_address>
         <run_address>0x35b</run_address>
         <size>0xf</size>
         <input_file_ref idref="fl-10"/>
      </object_component>
      <object_component id="oc-db">
         <name>.text:_ADC_init</name>
         <load_address>0x36a</load_address>
         <run_address>0x36a</run_address>
         <size>0xa</size>
         <input_file_ref idref="fl-a"/>
      </object_component>
      <object_component id="oc-e0">
         <name>.text:_PIE_init</name>
         <load_address>0x374</load_address>
         <run_address>0x374</run_address>
         <size>0xa</size>
         <input_file_ref idref="fl-10"/>
      </object_component>
      <object_component id="oc-106">
         <name>.text</name>
         <load_address>0x37e</load_address>
         <run_address>0x37e</run_address>
         <size>0x9</size>
         <input_file_ref idref="fl-1b"/>
      </object_component>
      <object_component id="oc-dc">
         <name>.text:_CLK_init</name>
         <load_address>0x387</load_address>
         <run_address>0x387</run_address>
         <size>0x8</size>
         <input_file_ref idref="fl-b"/>
      </object_component>
      <object_component id="oc-de">
         <name>.text:_FLASH_init</name>
         <load_address>0x38f</load_address>
         <run_address>0x38f</run_address>
         <size>0x8</size>
         <input_file_ref idref="fl-e"/>
      </object_component>
      <object_component id="oc-df">
         <name>.text:_GPIO_init</name>
         <load_address>0x397</load_address>
         <run_address>0x397</run_address>
         <size>0x8</size>
         <input_file_ref idref="fl-f"/>
      </object_component>
      <object_component id="oc-e1">
         <name>.text:_PLL_init</name>
         <load_address>0x39f</load_address>
         <run_address>0x39f</run_address>
         <size>0x8</size>
         <input_file_ref idref="fl-11"/>
      </object_component>
      <object_component id="oc-e2">
         <name>.text:_TIMER_init</name>
         <load_address>0x3a7</load_address>
         <run_address>0x3a7</run_address>
         <size>0x8</size>
         <input_file_ref idref="fl-12"/>
      </object_component>
      <object_component id="oc-e4">
         <name>.text:_WDOG_disable</name>
         <load_address>0x3af</load_address>
         <run_address>0x3af</run_address>
         <size>0x8</size>
         <input_file_ref idref="fl-13"/>
      </object_component>
      <object_component id="oc-e3">
         <name>.text:_WDOG_init</name>
         <load_address>0x3b7</load_address>
         <run_address>0x3b7</run_address>
         <size>0x8</size>
         <input_file_ref idref="fl-13"/>
      </object_component>
      <object_component id="oc-4c">
         <name>.text</name>
         <load_address>0x3bf</load_address>
         <run_address>0x3bf</run_address>
         <size>0x8</size>
         <input_file_ref idref="fl-d"/>
      </object_component>
      <object_component id="oc-e5">
         <name>.text:_CLK_enableAdcClock</name>
         <load_address>0x3c7</load_address>
         <run_address>0x3c7</run_address>
         <size>0x7</size>
         <input_file_ref idref="fl-b"/>
      </object_component>
      <object_component id="oc-e6">
         <name>.text:_CLK_setOscSrc</name>
         <load_address>0x3ce</load_address>
         <run_address>0x3ce</run_address>
         <size>0x7</size>
         <input_file_ref idref="fl-b"/>
      </object_component>
      <object_component id="oc-102">
         <name>.text:_PLL_setDivider</name>
         <load_address>0x3d5</load_address>
         <run_address>0x3d5</run_address>
         <size>0x7</size>
         <input_file_ref idref="fl-11"/>
      </object_component>
      <object_component id="oc-103">
         <name>.text:_PLL_setMultiplier</name>
         <load_address>0x3dc</load_address>
         <run_address>0x3dc</run_address>
         <size>0x6</size>
         <input_file_ref idref="fl-11"/>
      </object_component>
      <object_component id="oc-f3">
         <name>.text:_TIMER_setEmulationMode</name>
         <load_address>0x3e2</load_address>
         <run_address>0x3e2</run_address>
         <size>0x6</size>
         <input_file_ref idref="fl-12"/>
      </object_component>
      <object_component id="oc-84">
         <name>.text:_ADCINT1_ISR</name>
         <load_address>0x3e8</load_address>
         <run_address>0x3e8</run_address>
         <size>0x5</size>
         <input_file_ref idref="fl-14"/>
      </object_component>
      <object_component id="oc-85">
         <name>.text:_ADCINT2_ISR</name>
         <load_address>0x3ed</load_address>
         <run_address>0x3ed</run_address>
         <size>0x5</size>
         <input_file_ref idref="fl-14"/>
      </object_component>
      <object_component id="oc-9a">
         <name>.text:_ADCINT3_ISR</name>
         <load_address>0x3f2</load_address>
         <run_address>0x3f2</run_address>
         <size>0x5</size>
         <input_file_ref idref="fl-14"/>
      </object_component>
      <object_component id="oc-9b">
         <name>.text:_ADCINT4_ISR</name>
         <load_address>0x3f7</load_address>
         <run_address>0x3f7</run_address>
         <size>0x5</size>
         <input_file_ref idref="fl-14"/>
      </object_component>
      <object_component id="oc-fa">
         <name>.text:_CPU_enableInt</name>
         <load_address>0x3fc</load_address>
         <run_address>0x3fc</run_address>
         <size>0x4</size>
         <input_file_ref idref="fl-c"/>
      </object_component>
      <object_component id="oc-9c">
         <name>.text:_ADCINT5_ISR</name>
         <load_address>0x8000</load_address>
         <run_address>0x8000</run_address>
         <size>0x5</size>
         <input_file_ref idref="fl-14"/>
      </object_component>
      <object_component id="oc-9d">
         <name>.text:_ADCINT6_ISR</name>
         <load_address>0x8005</load_address>
         <run_address>0x8005</run_address>
         <size>0x5</size>
         <input_file_ref idref="fl-14"/>
      </object_component>
      <object_component id="oc-9e">
         <name>.text:_ADCINT7_ISR</name>
         <load_address>0x800a</load_address>
         <run_address>0x800a</run_address>
         <size>0x5</size>
         <input_file_ref idref="fl-14"/>
      </object_component>
      <object_component id="oc-9f">
         <name>.text:_ADCINT8_ISR</name>
         <load_address>0x800f</load_address>
         <run_address>0x800f</run_address>
         <size>0x5</size>
         <input_file_ref idref="fl-14"/>
      </object_component>
      <object_component id="oc-88">
         <name>.text:_ADCINT9_ISR</name>
         <load_address>0x8014</load_address>
         <run_address>0x8014</run_address>
         <size>0x5</size>
         <input_file_ref idref="fl-14"/>
      </object_component>
      <object_component id="oc-73">
         <name>.text:_DATALOG_ISR</name>
         <load_address>0x8019</load_address>
         <run_address>0x8019</run_address>
         <size>0x5</size>
         <input_file_ref idref="fl-14"/>
      </object_component>
      <object_component id="oc-93">
         <name>.text:_ECAP1_INT_ISR</name>
         <load_address>0x801e</load_address>
         <run_address>0x801e</run_address>
         <size>0x5</size>
         <input_file_ref idref="fl-14"/>
      </object_component>
      <object_component id="oc-a1">
         <name>.text:_EMPTY_ISR</name>
         <load_address>0x8023</load_address>
         <run_address>0x8023</run_address>
         <size>0x5</size>
         <input_file_ref idref="fl-14"/>
      </object_component>
      <object_component id="oc-75">
         <name>.text:_EMUINT_ISR</name>
         <load_address>0x8028</load_address>
         <run_address>0x8028</run_address>
         <size>0x5</size>
         <input_file_ref idref="fl-14"/>
      </object_component>
      <object_component id="oc-8f">
         <name>.text:_EPWM1_INT_ISR</name>
         <load_address>0x802d</load_address>
         <run_address>0x802d</run_address>
         <size>0x5</size>
         <input_file_ref idref="fl-14"/>
      </object_component>
      <object_component id="oc-8b">
         <name>.text:_EPWM1_TZINT_ISR</name>
         <load_address>0x8032</load_address>
         <run_address>0x8032</run_address>
         <size>0x5</size>
         <input_file_ref idref="fl-14"/>
      </object_component>
      <object_component id="oc-90">
         <name>.text:_EPWM2_INT_ISR</name>
         <load_address>0x8037</load_address>
         <run_address>0x8037</run_address>
         <size>0x5</size>
         <input_file_ref idref="fl-14"/>
      </object_component>
      <object_component id="oc-8c">
         <name>.text:_EPWM2_TZINT_ISR</name>
         <load_address>0x803c</load_address>
         <run_address>0x803c</run_address>
         <size>0x5</size>
         <input_file_ref idref="fl-14"/>
      </object_component>
      <object_component id="oc-91">
         <name>.text:_EPWM3_INT_ISR</name>
         <load_address>0x8041</load_address>
         <run_address>0x8041</run_address>
         <size>0x5</size>
         <input_file_ref idref="fl-14"/>
      </object_component>
      <object_component id="oc-8d">
         <name>.text:_EPWM3_TZINT_ISR</name>
         <load_address>0x8046</load_address>
         <run_address>0x8046</run_address>
         <size>0x5</size>
         <input_file_ref idref="fl-14"/>
      </object_component>
      <object_component id="oc-92">
         <name>.text:_EPWM4_INT_ISR</name>
         <load_address>0x804b</load_address>
         <run_address>0x804b</run_address>
         <size>0x5</size>
         <input_file_ref idref="fl-14"/>
      </object_component>
      <object_component id="oc-8e">
         <name>.text:_EPWM4_TZINT_ISR</name>
         <load_address>0x8050</load_address>
         <run_address>0x8050</run_address>
         <size>0x5</size>
         <input_file_ref idref="fl-14"/>
      </object_component>
      <object_component id="oc-96">
         <name>.text:_I2CINT1A_ISR</name>
         <load_address>0x8055</load_address>
         <run_address>0x8055</run_address>
         <size>0x5</size>
         <input_file_ref idref="fl-14"/>
      </object_component>
      <object_component id="oc-97">
         <name>.text:_I2CINT2A_ISR</name>
         <load_address>0x805a</load_address>
         <run_address>0x805a</run_address>
         <size>0x5</size>
         <input_file_ref idref="fl-14"/>
      </object_component>
      <object_component id="oc-77">
         <name>.text:_ILLEGAL_ISR</name>
         <load_address>0x805f</load_address>
         <run_address>0x805f</run_address>
         <size>0x5</size>
         <input_file_ref idref="fl-14"/>
      </object_component>
      <object_component id="oc-71">
         <name>.text:_INT13_ISR</name>
         <load_address>0x8064</load_address>
         <run_address>0x8064</run_address>
         <size>0x5</size>
         <input_file_ref idref="fl-14"/>
      </object_component>
      <object_component id="oc-72">
         <name>.text:_INT14_ISR</name>
         <load_address>0x8069</load_address>
         <run_address>0x8069</run_address>
         <size>0x5</size>
         <input_file_ref idref="fl-14"/>
      </object_component>
      <object_component id="oc-76">
         <name>.text:_NMI_ISR</name>
         <load_address>0x806e</load_address>
         <run_address>0x806e</run_address>
         <size>0x5</size>
         <input_file_ref idref="fl-14"/>
      </object_component>
      <object_component id="oc-a2">
         <name>.text:_PIE_RESERVED</name>
         <load_address>0x8073</load_address>
         <run_address>0x8073</run_address>
         <size>0x5</size>
         <input_file_ref idref="fl-14"/>
      </object_component>
      <object_component id="oc-5c">
         <name>.text:_PIE_illegalIsr</name>
         <load_address>0x8078</load_address>
         <run_address>0x8078</run_address>
         <size>0x5</size>
         <input_file_ref idref="fl-10"/>
      </object_component>
      <object_component id="oc-74">
         <name>.text:_RTOSINT_ISR</name>
         <load_address>0x807d</load_address>
         <run_address>0x807d</run_address>
         <size>0x5</size>
         <input_file_ref idref="fl-14"/>
      </object_component>
      <object_component id="oc-98">
         <name>.text:_SCIRXINTA_ISR</name>
         <load_address>0x8082</load_address>
         <run_address>0x8082</run_address>
         <size>0x5</size>
         <input_file_ref idref="fl-14"/>
      </object_component>
      <object_component id="oc-99">
         <name>.text:_SCITXINTA_ISR</name>
         <load_address>0x8087</load_address>
         <run_address>0x8087</run_address>
         <size>0x5</size>
         <input_file_ref idref="fl-14"/>
      </object_component>
      <object_component id="oc-94">
         <name>.text:_SPIRXINTA_ISR</name>
         <load_address>0x808c</load_address>
         <run_address>0x808c</run_address>
         <size>0x5</size>
         <input_file_ref idref="fl-14"/>
      </object_component>
      <object_component id="oc-95">
         <name>.text:_SPITXINTA_ISR</name>
         <load_address>0x8091</load_address>
         <run_address>0x8091</run_address>
         <size>0x5</size>
         <input_file_ref idref="fl-14"/>
      </object_component>
      <object_component id="oc-89">
         <name>.text:_TINT0_ISR</name>
         <load_address>0x8096</load_address>
         <run_address>0x8096</run_address>
         <size>0x5</size>
         <input_file_ref idref="fl-14"/>
      </object_component>
      <object_component id="oc-81">
         <name>.text:_USER10_ISR</name>
         <load_address>0x809b</load_address>
         <run_address>0x809b</run_address>
         <size>0x5</size>
         <input_file_ref idref="fl-14"/>
      </object_component>
      <object_component id="oc-82">
         <name>.text:_USER11_ISR</name>
         <load_address>0x80a0</load_address>
         <run_address>0x80a0</run_address>
         <size>0x5</size>
         <input_file_ref idref="fl-14"/>
      </object_component>
      <object_component id="oc-83">
         <name>.text:_USER12_ISR</name>
         <load_address>0x80a5</load_address>
         <run_address>0x80a5</run_address>
         <size>0x5</size>
         <input_file_ref idref="fl-14"/>
      </object_component>
      <object_component id="oc-78">
         <name>.text:_USER1_ISR</name>
         <load_address>0x80aa</load_address>
         <run_address>0x80aa</run_address>
         <size>0x5</size>
         <input_file_ref idref="fl-14"/>
      </object_component>
      <object_component id="oc-79">
         <name>.text:_USER2_ISR</name>
         <load_address>0x80af</load_address>
         <run_address>0x80af</run_address>
         <size>0x5</size>
         <input_file_ref idref="fl-14"/>
      </object_component>
      <object_component id="oc-7a">
         <name>.text:_USER3_ISR</name>
         <load_address>0x80b4</load_address>
         <run_address>0x80b4</run_address>
         <size>0x5</size>
         <input_file_ref idref="fl-14"/>
      </object_component>
      <object_component id="oc-7b">
         <name>.text:_USER4_ISR</name>
         <load_address>0x80b9</load_address>
         <run_address>0x80b9</run_address>
         <size>0x5</size>
         <input_file_ref idref="fl-14"/>
      </object_component>
      <object_component id="oc-7c">
         <name>.text:_USER5_ISR</name>
         <load_address>0x80be</load_address>
         <run_address>0x80be</run_address>
         <size>0x5</size>
         <input_file_ref idref="fl-14"/>
      </object_component>
      <object_component id="oc-7d">
         <name>.text:_USER6_ISR</name>
         <load_address>0x80c3</load_address>
         <run_address>0x80c3</run_address>
         <size>0x5</size>
         <input_file_ref idref="fl-14"/>
      </object_component>
      <object_component id="oc-7e">
         <name>.text:_USER7_ISR</name>
         <load_address>0x80c8</load_address>
         <run_address>0x80c8</run_address>
         <size>0x5</size>
         <input_file_ref idref="fl-14"/>
      </object_component>
      <object_component id="oc-7f">
         <name>.text:_USER8_ISR</name>
         <load_address>0x80cd</load_address>
         <run_address>0x80cd</run_address>
         <size>0x5</size>
         <input_file_ref idref="fl-14"/>
      </object_component>
      <object_component id="oc-80">
         <name>.text:_USER9_ISR</name>
         <load_address>0x80d2</load_address>
         <run_address>0x80d2</run_address>
         <size>0x5</size>
         <input_file_ref idref="fl-14"/>
      </object_component>
      <object_component id="oc-8a">
         <name>.text:_WAKEINT_ISR</name>
         <load_address>0x80d7</load_address>
         <run_address>0x80d7</run_address>
         <size>0x5</size>
         <input_file_ref idref="fl-14"/>
      </object_component>
      <object_component id="oc-86">
         <name>.text:_XINT1_ISR</name>
         <load_address>0x80dc</load_address>
         <run_address>0x80dc</run_address>
         <size>0x5</size>
         <input_file_ref idref="fl-14"/>
      </object_component>
      <object_component id="oc-87">
         <name>.text:_XINT2_ISR</name>
         <load_address>0x80e1</load_address>
         <run_address>0x80e1</run_address>
         <size>0x5</size>
         <input_file_ref idref="fl-14"/>
      </object_component>
      <object_component id="oc-a0">
         <name>.text:_XINT3_ISR</name>
         <load_address>0x80e6</load_address>
         <run_address>0x80e6</run_address>
         <size>0x5</size>
         <input_file_ref idref="fl-14"/>
      </object_component>
      <object_component id="oc-a3">
         <name>.text:_rsvd_ISR</name>
         <load_address>0x80eb</load_address>
         <run_address>0x80eb</run_address>
         <size>0x5</size>
         <input_file_ref idref="fl-14"/>
      </object_component>
      <object_component id="oc-dd">
         <name>.text:_CPU_init</name>
         <load_address>0x80f0</load_address>
         <run_address>0x80f0</run_address>
         <size>0x4</size>
         <input_file_ref idref="fl-c"/>
      </object_component>
      <object_component id="oc-eb">
         <name>.text:_CPU_clearIntFlags</name>
         <load_address>0x80f4</load_address>
         <run_address>0x80f4</run_address>
         <size>0x3</size>
         <input_file_ref idref="fl-c"/>
      </object_component>
      <object_component id="oc-ea">
         <name>.text:_CPU_disableGlobalInts</name>
         <load_address>0x80f7</load_address>
         <run_address>0x80f7</run_address>
         <size>0x3</size>
         <input_file_ref idref="fl-c"/>
      </object_component>
      <object_component id="oc-fd">
         <name>.text:_CPU_enableDebugInt</name>
         <load_address>0x80fa</load_address>
         <run_address>0x80fa</run_address>
         <size>0x3</size>
         <input_file_ref idref="fl-c"/>
      </object_component>
      <object_component id="oc-fc">
         <name>.text:_CPU_enableGlobalInts</name>
         <load_address>0x80fd</load_address>
         <run_address>0x80fd</run_address>
         <size>0x3</size>
         <input_file_ref idref="fl-c"/>
      </object_component>
      <object_component id="oc-e8">
         <name>.text:_PIE_disable</name>
         <load_address>0x8100</load_address>
         <run_address>0x8100</run_address>
         <size>0x3</size>
         <input_file_ref idref="fl-10"/>
      </object_component>
      <object_component id="oc-ed">
         <name>.text:_PIE_enable</name>
         <load_address>0x8103</load_address>
         <run_address>0x8103</run_address>
         <size>0x3</size>
         <input_file_ref idref="fl-10"/>
      </object_component>
      <object_component id="oc-fb">
         <name>.text:_PIE_enableTimer0Int</name>
         <load_address>0x8106</load_address>
         <run_address>0x8106</run_address>
         <size>0x3</size>
         <input_file_ref idref="fl-10"/>
      </object_component>
      <object_component id="oc-101">
         <name>.text:_PLL_getClkStatus</name>
         <load_address>0x8109</load_address>
         <run_address>0x8109</run_address>
         <size>0x3</size>
         <input_file_ref idref="fl-11"/>
      </object_component>
      <object_component id="oc-104">
         <name>.text:_PLL_getLockStatus</name>
         <load_address>0x810c</load_address>
         <run_address>0x810c</run_address>
         <size>0x3</size>
         <input_file_ref idref="fl-11"/>
      </object_component>
      <object_component id="oc-f4">
         <name>.text:_TIMER_enableInt</name>
         <load_address>0x810f</load_address>
         <run_address>0x810f</run_address>
         <size>0x3</size>
         <input_file_ref idref="fl-12"/>
      </object_component>
      <object_component id="oc-f2">
         <name>.text:_TIMER_reload</name>
         <load_address>0x8112</load_address>
         <run_address>0x8112</run_address>
         <size>0x3</size>
         <input_file_ref idref="fl-12"/>
      </object_component>
      <object_component id="oc-f5">
         <name>.text:_TIMER_start</name>
         <load_address>0x8115</load_address>
         <run_address>0x8115</run_address>
         <size>0x3</size>
         <input_file_ref idref="fl-12"/>
      </object_component>
      <object_component id="oc-ef">
         <name>.text:_TIMER_stop</name>
         <load_address>0x8118</load_address>
         <run_address>0x8118</run_address>
         <size>0x3</size>
         <input_file_ref idref="fl-12"/>
      </object_component>
      <object_component id="oc-f0">
         <name>.text:_TIMER_setPeriod</name>
         <load_address>0x811b</load_address>
         <run_address>0x811b</run_address>
         <size>0x2</size>
         <input_file_ref idref="fl-12"/>
      </object_component>
      <object_component id="oc-d6">
         <name>.text</name>
         <load_address>0x811d</load_address>
         <run_address>0x811d</run_address>
         <size>0x2</size>
         <input_file_ref idref="fl-18"/>
      </object_component>
      <object_component id="oc-d8">
         <name>.text</name>
         <load_address>0x811f</load_address>
         <run_address>0x811f</run_address>
         <size>0x1</size>
         <input_file_ref idref="fl-19"/>
      </object_component>
      <object_component id="oc-c4">
         <name>.cinit</name>
         <load_address>0x8120</load_address>
         <run_address>0x8120</run_address>
         <size>0xe</size>
         <input_file_ref idref="fl-1a"/>
      </object_component>
      <object_component id="oc-100">
         <name>.cinit:__lock</name>
         <load_address>0x812e</load_address>
         <run_address>0x812e</run_address>
         <size>0x5</size>
         <input_file_ref idref="fl-1b"/>
      </object_component>
      <object_component id="oc-107">
         <name>.cinit:__unlock</name>
         <load_address>0x8133</load_address>
         <run_address>0x8133</run_address>
         <size>0x5</size>
         <input_file_ref idref="fl-1b"/>
      </object_component>
      <object_component id="oc-35">
         <name>.cinit</name>
         <load_address>0x8138</load_address>
         <run_address>0x8138</run_address>
         <size>0x4</size>
         <input_file_ref idref="fl-2"/>
      </object_component>
      <object_component id="oc-aa">
         <name>.reset</name>
         <load_address>0x3fffc0</load_address>
         <run_address>0x3fffc0</run_address>
         <size>0x2</size>
         <input_file_ref idref="fl-15"/>
      </object_component>
      <object_component id="oc-a9">
         <name>.stack</name>
         <uninitialized>true</uninitialized>
         <run_address>0x400</run_address>
         <size>0x0</size>
         <input_file_ref idref="fl-15"/>
      </object_component>
      <object_component id="oc-143">
         <name>.stack</name>
         <uninitialized>true</uninitialized>
         <run_address>0x400</run_address>
         <size>0x0</size>
      </object_component>
      <object_component id="oc-36">
         <name>.ebss</name>
         <uninitialized>true</uninitialized>
         <run_address>0x700</run_address>
         <size>0xe</size>
         <input_file_ref idref="fl-2"/>
      </object_component>
      <object_component id="oc-47">
         <name>.ebss</name>
         <uninitialized>true</uninitialized>
         <run_address>0x718</run_address>
         <size>0x1</size>
         <input_file_ref idref="fl-c"/>
      </object_component>
      <object_component id="oc-c5">
         <name>.ebss</name>
         <uninitialized>true</uninitialized>
         <run_address>0x70e</run_address>
         <size>0x6</size>
         <input_file_ref idref="fl-1a"/>
      </object_component>
      <object_component id="oc-ff">
         <name>.ebss:__lock</name>
         <uninitialized>true</uninitialized>
         <run_address>0x714</run_address>
         <size>0x2</size>
         <input_file_ref idref="fl-1b"/>
      </object_component>
      <object_component id="oc-108">
         <name>.ebss:__unlock</name>
         <uninitialized>true</uninitialized>
         <run_address>0x716</run_address>
         <size>0x2</size>
         <input_file_ref idref="fl-1b"/>
      </object_component>
      <object_component id="oc-105">
         <name>.econst:_PIE_tableDebugInit</name>
         <load_address>0x600</load_address>
         <run_address>0x600</run_address>
         <size>0x100</size>
         <input_file_ref idref="fl-10"/>
      </object_component>
      <object_component id="oc-34">
         <name>.debug_info</name>
         <load_address>0x0</load_address>
         <run_address>0x0</run_address>
         <size>0x3da6</size>
         <input_file_ref idref="fl-2"/>
      </object_component>
      <object_component id="oc-3c">
         <name>.debug_info</name>
         <load_address>0x3da6</load_address>
         <run_address>0x3da6</run_address>
         <size>0x19f5</size>
         <input_file_ref idref="fl-a"/>
      </object_component>
      <object_component id="oc-41">
         <name>.debug_info</name>
         <load_address>0x579b</load_address>
         <run_address>0x579b</run_address>
         <size>0xd0d</size>
         <input_file_ref idref="fl-b"/>
      </object_component>
      <object_component id="oc-46">
         <name>.debug_info</name>
         <load_address>0x64a8</load_address>
         <run_address>0x64a8</run_address>
         <size>0xa77</size>
         <input_file_ref idref="fl-c"/>
      </object_component>
      <object_component id="oc-4d">
         <name>.debug_info</name>
         <load_address>0x6f1f</load_address>
         <run_address>0x6f1f</run_address>
         <size>0x1eb</size>
         <input_file_ref idref="fl-d"/>
      </object_component>
      <object_component id="oc-51">
         <name>.debug_info</name>
         <load_address>0x710a</load_address>
         <run_address>0x710a</run_address>
         <size>0xc8c</size>
         <input_file_ref idref="fl-e"/>
      </object_component>
      <object_component id="oc-56">
         <name>.debug_info</name>
         <load_address>0x7d96</load_address>
         <run_address>0x7d96</run_address>
         <size>0x1c93</size>
         <input_file_ref idref="fl-f"/>
      </object_component>
      <object_component id="oc-5b">
         <name>.debug_info</name>
         <load_address>0x9a29</load_address>
         <run_address>0x9a29</run_address>
         <size>0x2c93</size>
         <input_file_ref idref="fl-10"/>
      </object_component>
      <object_component id="oc-61">
         <name>.debug_info</name>
         <load_address>0xc6bc</load_address>
         <run_address>0xc6bc</run_address>
         <size>0xd6c</size>
         <input_file_ref idref="fl-11"/>
      </object_component>
      <object_component id="oc-66">
         <name>.debug_info</name>
         <load_address>0xd428</load_address>
         <run_address>0xd428</run_address>
         <size>0xd58</size>
         <input_file_ref idref="fl-12"/>
      </object_component>
      <object_component id="oc-6b">
         <name>.debug_info</name>
         <load_address>0xe180</load_address>
         <run_address>0xe180</run_address>
         <size>0x7a9</size>
         <input_file_ref idref="fl-13"/>
      </object_component>
      <object_component id="oc-70">
         <name>.debug_info</name>
         <load_address>0xe929</load_address>
         <run_address>0xe929</run_address>
         <size>0x2d3e</size>
         <input_file_ref idref="fl-14"/>
      </object_component>
      <object_component id="oc-ab">
         <name>.debug_info</name>
         <load_address>0x11667</load_address>
         <run_address>0x11667</run_address>
         <size>0x173</size>
         <input_file_ref idref="fl-15"/>
      </object_component>
      <object_component id="oc-af">
         <name>.debug_info</name>
         <load_address>0x117da</load_address>
         <run_address>0x117da</run_address>
         <size>0x4fa</size>
         <input_file_ref idref="fl-16"/>
      </object_component>
      <object_component id="oc-b4">
         <name>.debug_info</name>
         <load_address>0x11cd4</load_address>
         <run_address>0x11cd4</run_address>
         <size>0x3d3</size>
         <input_file_ref idref="fl-17"/>
      </object_component>
      <object_component id="oc-b9">
         <name>.debug_info</name>
         <load_address>0x120a7</load_address>
         <run_address>0x120a7</run_address>
         <size>0x346</size>
         <input_file_ref idref="fl-18"/>
      </object_component>
      <object_component id="oc-be">
         <name>.debug_info</name>
         <load_address>0x123ed</load_address>
         <run_address>0x123ed</run_address>
         <size>0x343</size>
         <input_file_ref idref="fl-19"/>
      </object_component>
      <object_component id="oc-c3">
         <name>.debug_info</name>
         <load_address>0x12730</load_address>
         <run_address>0x12730</run_address>
         <size>0x4dd</size>
         <input_file_ref idref="fl-1a"/>
      </object_component>
      <object_component id="oc-ca">
         <name>.debug_info</name>
         <load_address>0x12c0d</load_address>
         <run_address>0x12c0d</run_address>
         <size>0x465</size>
         <input_file_ref idref="fl-1b"/>
      </object_component>
      <object_component id="oc-cf">
         <name>.debug_info</name>
         <load_address>0x13072</load_address>
         <run_address>0x13072</run_address>
         <size>0x3ee</size>
         <input_file_ref idref="fl-1c"/>
      </object_component>
      <object_component id="oc-146">
         <name>.debug_info</name>
         <load_address>0x13460</load_address>
         <run_address>0x13460</run_address>
         <size>0xb0</size>
      </object_component>
      <object_component id="oc-38">
         <name>.debug_frame</name>
         <load_address>0x0</load_address>
         <run_address>0x0</run_address>
         <size>0xac</size>
         <input_file_ref idref="fl-2"/>
      </object_component>
      <object_component id="oc-3d">
         <name>.debug_frame</name>
         <load_address>0x2a4</load_address>
         <run_address>0x2a4</run_address>
         <size>0x77</size>
         <input_file_ref idref="fl-a"/>
      </object_component>
      <object_component id="oc-42">
         <name>.debug_frame</name>
         <load_address>0x31b</load_address>
         <run_address>0x31b</run_address>
         <size>0xa1</size>
         <input_file_ref idref="fl-b"/>
      </object_component>
      <object_component id="oc-48">
         <name>.debug_frame</name>
         <load_address>0x3bc</load_address>
         <run_address>0x3bc</run_address>
         <size>0xe0</size>
         <input_file_ref idref="fl-c"/>
      </object_component>
      <object_component id="oc-52">
         <name>.debug_frame</name>
         <load_address>0x49c</load_address>
         <run_address>0x49c</run_address>
         <size>0x77</size>
         <input_file_ref idref="fl-e"/>
      </object_component>
      <object_component id="oc-57">
         <name>.debug_frame</name>
         <load_address>0x513</load_address>
         <run_address>0x513</run_address>
         <size>0xe0</size>
         <input_file_ref idref="fl-f"/>
      </object_component>
      <object_component id="oc-5d">
         <name>.debug_frame</name>
         <load_address>0x5f3</load_address>
         <run_address>0x5f3</run_address>
         <size>0x10a</size>
         <input_file_ref idref="fl-10"/>
      </object_component>
      <object_component id="oc-62">
         <name>.debug_frame</name>
         <load_address>0x6fd</load_address>
         <run_address>0x6fd</run_address>
         <size>0xe0</size>
         <input_file_ref idref="fl-11"/>
      </object_component>
      <object_component id="oc-67">
         <name>.debug_frame</name>
         <load_address>0x7dd</load_address>
         <run_address>0x7dd</run_address>
         <size>0x10a</size>
         <input_file_ref idref="fl-12"/>
      </object_component>
      <object_component id="oc-6c">
         <name>.debug_frame</name>
         <load_address>0x8e7</load_address>
         <run_address>0x8e7</run_address>
         <size>0x8c</size>
         <input_file_ref idref="fl-13"/>
      </object_component>
      <object_component id="oc-a4">
         <name>.debug_frame</name>
         <load_address>0x973</load_address>
         <run_address>0x973</run_address>
         <size>0x491</size>
         <input_file_ref idref="fl-14"/>
      </object_component>
      <object_component id="oc-b0">
         <name>.debug_frame</name>
         <load_address>0xac</load_address>
         <run_address>0xac</run_address>
         <size>0x58</size>
         <input_file_ref idref="fl-16"/>
      </object_component>
      <object_component id="oc-b5">
         <name>.debug_frame</name>
         <load_address>0x104</load_address>
         <run_address>0x104</run_address>
         <size>0x38</size>
         <input_file_ref idref="fl-17"/>
      </object_component>
      <object_component id="oc-ba">
         <name>.debug_frame</name>
         <load_address>0x13c</load_address>
         <run_address>0x13c</run_address>
         <size>0x38</size>
         <input_file_ref idref="fl-18"/>
      </object_component>
      <object_component id="oc-bf">
         <name>.debug_frame</name>
         <load_address>0x174</load_address>
         <run_address>0x174</run_address>
         <size>0x38</size>
         <input_file_ref idref="fl-19"/>
      </object_component>
      <object_component id="oc-c6">
         <name>.debug_frame</name>
         <load_address>0x1ac</load_address>
         <run_address>0x1ac</run_address>
         <size>0x58</size>
         <input_file_ref idref="fl-1a"/>
      </object_component>
      <object_component id="oc-cb">
         <name>.debug_frame</name>
         <load_address>0x204</load_address>
         <run_address>0x204</run_address>
         <size>0x68</size>
         <input_file_ref idref="fl-1b"/>
      </object_component>
      <object_component id="oc-d0">
         <name>.debug_frame</name>
         <load_address>0x26c</load_address>
         <run_address>0x26c</run_address>
         <size>0x38</size>
         <input_file_ref idref="fl-1c"/>
      </object_component>
      <object_component id="oc-39">
         <name>.debug_line</name>
         <load_address>0x0</load_address>
         <run_address>0x0</run_address>
         <size>0x11d</size>
         <input_file_ref idref="fl-2"/>
      </object_component>
      <object_component id="oc-3e">
         <name>.debug_line</name>
         <load_address>0x11d</load_address>
         <run_address>0x11d</run_address>
         <size>0x82</size>
         <input_file_ref idref="fl-a"/>
      </object_component>
      <object_component id="oc-43">
         <name>.debug_line</name>
         <load_address>0x19f</load_address>
         <run_address>0x19f</run_address>
         <size>0xbf</size>
         <input_file_ref idref="fl-b"/>
      </object_component>
      <object_component id="oc-49">
         <name>.debug_line</name>
         <load_address>0x25e</load_address>
         <run_address>0x25e</run_address>
         <size>0xfb</size>
         <input_file_ref idref="fl-c"/>
      </object_component>
      <object_component id="oc-4e">
         <name>.debug_line</name>
         <load_address>0x359</load_address>
         <run_address>0x359</run_address>
         <size>0x9d</size>
         <input_file_ref idref="fl-d"/>
      </object_component>
      <object_component id="oc-53">
         <name>.debug_line</name>
         <load_address>0x3f6</load_address>
         <run_address>0x3f6</run_address>
         <size>0x84</size>
         <input_file_ref idref="fl-e"/>
      </object_component>
      <object_component id="oc-58">
         <name>.debug_line</name>
         <load_address>0x47a</load_address>
         <run_address>0x47a</run_address>
         <size>0x17e</size>
         <input_file_ref idref="fl-f"/>
      </object_component>
      <object_component id="oc-5e">
         <name>.debug_line</name>
         <load_address>0x5f8</load_address>
         <run_address>0x5f8</run_address>
         <size>0x15b</size>
         <input_file_ref idref="fl-10"/>
      </object_component>
      <object_component id="oc-63">
         <name>.debug_line</name>
         <load_address>0x753</load_address>
         <run_address>0x753</run_address>
         <size>0x123</size>
         <input_file_ref idref="fl-11"/>
      </object_component>
      <object_component id="oc-68">
         <name>.debug_line</name>
         <load_address>0x876</load_address>
         <run_address>0x876</run_address>
         <size>0x148</size>
         <input_file_ref idref="fl-12"/>
      </object_component>
      <object_component id="oc-6d">
         <name>.debug_line</name>
         <load_address>0x9be</load_address>
         <run_address>0x9be</run_address>
         <size>0xa3</size>
         <input_file_ref idref="fl-13"/>
      </object_component>
      <object_component id="oc-a5">
         <name>.debug_line</name>
         <load_address>0xa61</load_address>
         <run_address>0xa61</run_address>
         <size>0x4fb</size>
         <input_file_ref idref="fl-14"/>
      </object_component>
      <object_component id="oc-ac">
         <name>.debug_line</name>
         <load_address>0xf5c</load_address>
         <run_address>0xf5c</run_address>
         <size>0x7d</size>
         <input_file_ref idref="fl-15"/>
      </object_component>
      <object_component id="oc-b1">
         <name>.debug_line</name>
         <load_address>0xfd9</load_address>
         <run_address>0xfd9</run_address>
         <size>0x50</size>
         <input_file_ref idref="fl-16"/>
      </object_component>
      <object_component id="oc-b6">
         <name>.debug_line</name>
         <load_address>0x1029</load_address>
         <run_address>0x1029</run_address>
         <size>0x62</size>
         <input_file_ref idref="fl-17"/>
      </object_component>
      <object_component id="oc-bb">
         <name>.debug_line</name>
         <load_address>0x108b</load_address>
         <run_address>0x108b</run_address>
         <size>0x3e</size>
         <input_file_ref idref="fl-18"/>
      </object_component>
      <object_component id="oc-c0">
         <name>.debug_line</name>
         <load_address>0x10c9</load_address>
         <run_address>0x10c9</run_address>
         <size>0x3a</size>
         <input_file_ref idref="fl-19"/>
      </object_component>
      <object_component id="oc-c7">
         <name>.debug_line</name>
         <load_address>0x1103</load_address>
         <run_address>0x1103</run_address>
         <size>0x65</size>
         <input_file_ref idref="fl-1a"/>
      </object_component>
      <object_component id="oc-cc">
         <name>.debug_line</name>
         <load_address>0x1168</load_address>
         <run_address>0x1168</run_address>
         <size>0x5e</size>
         <input_file_ref idref="fl-1b"/>
      </object_component>
      <object_component id="oc-d1">
         <name>.debug_line</name>
         <load_address>0x11c6</load_address>
         <run_address>0x11c6</run_address>
         <size>0x4f</size>
         <input_file_ref idref="fl-1c"/>
      </object_component>
      <object_component id="oc-3a">
         <name>.debug_abbrev</name>
         <load_address>0x0</load_address>
         <run_address>0x0</run_address>
         <size>0x1bf</size>
         <input_file_ref idref="fl-2"/>
      </object_component>
      <object_component id="oc-3f">
         <name>.debug_abbrev</name>
         <load_address>0x1bf</load_address>
         <run_address>0x1bf</run_address>
         <size>0x191</size>
         <input_file_ref idref="fl-a"/>
      </object_component>
      <object_component id="oc-44">
         <name>.debug_abbrev</name>
         <load_address>0x350</load_address>
         <run_address>0x350</run_address>
         <size>0x174</size>
         <input_file_ref idref="fl-b"/>
      </object_component>
      <object_component id="oc-4a">
         <name>.debug_abbrev</name>
         <load_address>0x4c4</load_address>
         <run_address>0x4c4</run_address>
         <size>0x11b</size>
         <input_file_ref idref="fl-c"/>
      </object_component>
      <object_component id="oc-4f">
         <name>.debug_abbrev</name>
         <load_address>0x5df</load_address>
         <run_address>0x5df</run_address>
         <size>0x21</size>
         <input_file_ref idref="fl-d"/>
      </object_component>
      <object_component id="oc-54">
         <name>.debug_abbrev</name>
         <load_address>0x600</load_address>
         <run_address>0x600</run_address>
         <size>0x16e</size>
         <input_file_ref idref="fl-e"/>
      </object_component>
      <object_component id="oc-59">
         <name>.debug_abbrev</name>
         <load_address>0x76e</load_address>
         <run_address>0x76e</run_address>
         <size>0x16b</size>
         <input_file_ref idref="fl-f"/>
      </object_component>
      <object_component id="oc-5f">
         <name>.debug_abbrev</name>
         <load_address>0x8d9</load_address>
         <run_address>0x8d9</run_address>
         <size>0x1d9</size>
         <input_file_ref idref="fl-10"/>
      </object_component>
      <object_component id="oc-64">
         <name>.debug_abbrev</name>
         <load_address>0xab2</load_address>
         <run_address>0xab2</run_address>
         <size>0x182</size>
         <input_file_ref idref="fl-11"/>
      </object_component>
      <object_component id="oc-69">
         <name>.debug_abbrev</name>
         <load_address>0xc34</load_address>
         <run_address>0xc34</run_address>
         <size>0x11b</size>
         <input_file_ref idref="fl-12"/>
      </object_component>
      <object_component id="oc-6e">
         <name>.debug_abbrev</name>
         <load_address>0xd4f</load_address>
         <run_address>0xd4f</run_address>
         <size>0x11d</size>
         <input_file_ref idref="fl-13"/>
      </object_component>
      <object_component id="oc-a6">
         <name>.debug_abbrev</name>
         <load_address>0xe6c</load_address>
         <run_address>0xe6c</run_address>
         <size>0xb6</size>
         <input_file_ref idref="fl-14"/>
      </object_component>
      <object_component id="oc-ad">
         <name>.debug_abbrev</name>
         <load_address>0xf22</load_address>
         <run_address>0xf22</run_address>
         <size>0x46</size>
         <input_file_ref idref="fl-15"/>
      </object_component>
      <object_component id="oc-b2">
         <name>.debug_abbrev</name>
         <load_address>0xf68</load_address>
         <run_address>0xf68</run_address>
         <size>0xe3</size>
         <input_file_ref idref="fl-16"/>
      </object_component>
      <object_component id="oc-b7">
         <name>.debug_abbrev</name>
         <load_address>0x104b</load_address>
         <run_address>0x104b</run_address>
         <size>0xa8</size>
         <input_file_ref idref="fl-17"/>
      </object_component>
      <object_component id="oc-bc">
         <name>.debug_abbrev</name>
         <load_address>0x10f3</load_address>
         <run_address>0x10f3</run_address>
         <size>0x68</size>
         <input_file_ref idref="fl-18"/>
      </object_component>
      <object_component id="oc-c1">
         <name>.debug_abbrev</name>
         <load_address>0x115b</load_address>
         <run_address>0x115b</run_address>
         <size>0x66</size>
         <input_file_ref idref="fl-19"/>
      </object_component>
      <object_component id="oc-c8">
         <name>.debug_abbrev</name>
         <load_address>0x11c1</load_address>
         <run_address>0x11c1</run_address>
         <size>0x130</size>
         <input_file_ref idref="fl-1a"/>
      </object_component>
      <object_component id="oc-cd">
         <name>.debug_abbrev</name>
         <load_address>0x12f1</load_address>
         <run_address>0x12f1</run_address>
         <size>0xb2</size>
         <input_file_ref idref="fl-1b"/>
      </object_component>
      <object_component id="oc-d2">
         <name>.debug_abbrev</name>
         <load_address>0x13a3</load_address>
         <run_address>0x13a3</run_address>
         <size>0xee</size>
         <input_file_ref idref="fl-1c"/>
      </object_component>
      <object_component id="oc-147">
         <name>.debug_abbrev</name>
         <load_address>0x1491</load_address>
         <run_address>0x1491</run_address>
         <size>0xf</size>
      </object_component>
      <object_component id="oc-3b">
         <name>.debug_aranges</name>
         <load_address>0x0</load_address>
         <run_address>0x0</run_address>
         <size>0x30</size>
         <input_file_ref idref="fl-2"/>
      </object_component>
      <object_component id="oc-40">
         <name>.debug_aranges</name>
         <load_address>0x30</load_address>
         <run_address>0x30</run_address>
         <size>0x20</size>
         <input_file_ref idref="fl-a"/>
      </object_component>
      <object_component id="oc-45">
         <name>.debug_aranges</name>
         <load_address>0x50</load_address>
         <run_address>0x50</run_address>
         <size>0x30</size>
         <input_file_ref idref="fl-b"/>
      </object_component>
      <object_component id="oc-4b">
         <name>.debug_aranges</name>
         <load_address>0x80</load_address>
         <run_address>0x80</run_address>
         <size>0x48</size>
         <input_file_ref idref="fl-c"/>
      </object_component>
      <object_component id="oc-50">
         <name>.debug_aranges</name>
         <load_address>0xc8</load_address>
         <run_address>0xc8</run_address>
         <size>0x28</size>
         <input_file_ref idref="fl-d"/>
      </object_component>
      <object_component id="oc-55">
         <name>.debug_aranges</name>
         <load_address>0xf0</load_address>
         <run_address>0xf0</run_address>
         <size>0x20</size>
         <input_file_ref idref="fl-e"/>
      </object_component>
      <object_component id="oc-5a">
         <name>.debug_aranges</name>
         <load_address>0x110</load_address>
         <run_address>0x110</run_address>
         <size>0x48</size>
         <input_file_ref idref="fl-f"/>
      </object_component>
      <object_component id="oc-60">
         <name>.debug_aranges</name>
         <load_address>0x158</load_address>
         <run_address>0x158</run_address>
         <size>0x58</size>
         <input_file_ref idref="fl-10"/>
      </object_component>
      <object_component id="oc-65">
         <name>.debug_aranges</name>
         <load_address>0x1b0</load_address>
         <run_address>0x1b0</run_address>
         <size>0x48</size>
         <input_file_ref idref="fl-11"/>
      </object_component>
      <object_component id="oc-6a">
         <name>.debug_aranges</name>
         <load_address>0x1f8</load_address>
         <run_address>0x1f8</run_address>
         <size>0x58</size>
         <input_file_ref idref="fl-12"/>
      </object_component>
      <object_component id="oc-6f">
         <name>.debug_aranges</name>
         <load_address>0x250</load_address>
         <run_address>0x250</run_address>
         <size>0x28</size>
         <input_file_ref idref="fl-13"/>
      </object_component>
      <object_component id="oc-a7">
         <name>.debug_aranges</name>
         <load_address>0x278</load_address>
         <run_address>0x278</run_address>
         <size>0x1b0</size>
         <input_file_ref idref="fl-14"/>
      </object_component>
      <object_component id="oc-ae">
         <name>.debug_aranges</name>
         <load_address>0x428</load_address>
         <run_address>0x428</run_address>
         <size>0x20</size>
         <input_file_ref idref="fl-15"/>
      </object_component>
      <object_component id="oc-b3">
         <name>.debug_aranges</name>
         <load_address>0x448</load_address>
         <run_address>0x448</run_address>
         <size>0x20</size>
         <input_file_ref idref="fl-16"/>
      </object_component>
      <object_component id="oc-b8">
         <name>.debug_aranges</name>
         <load_address>0x468</load_address>
         <run_address>0x468</run_address>
         <size>0x20</size>
         <input_file_ref idref="fl-17"/>
      </object_component>
      <object_component id="oc-bd">
         <name>.debug_aranges</name>
         <load_address>0x488</load_address>
         <run_address>0x488</run_address>
         <size>0x20</size>
         <input_file_ref idref="fl-18"/>
      </object_component>
      <object_component id="oc-c2">
         <name>.debug_aranges</name>
         <load_address>0x4a8</load_address>
         <run_address>0x4a8</run_address>
         <size>0x20</size>
         <input_file_ref idref="fl-19"/>
      </object_component>
      <object_component id="oc-c9">
         <name>.debug_aranges</name>
         <load_address>0x4c8</load_address>
         <run_address>0x4c8</run_address>
         <size>0x28</size>
         <input_file_ref idref="fl-1a"/>
      </object_component>
      <object_component id="oc-ce">
         <name>.debug_aranges</name>
         <load_address>0x4f0</load_address>
         <run_address>0x4f0</run_address>
         <size>0x30</size>
         <input_file_ref idref="fl-1b"/>
      </object_component>
      <object_component id="oc-d3">
         <name>.debug_aranges</name>
         <load_address>0x520</load_address>
         <run_address>0x520</run_address>
         <size>0x20</size>
         <input_file_ref idref="fl-1c"/>
      </object_component>
   </object_component_list>
   <logical_group_list>
      <logical_group id="lg-3" display="no" color="cyan">
         <name>PieVectTableFile</name>
         <run_address>0x0</run_address>
         <size>0x0</size>
         <contents>
         </contents>
      </logical_group>
      <logical_group id="lg-5" display="no" color="cyan">
         <name>EmuKeyVar</name>
         <run_address>0x0</run_address>
         <size>0x0</size>
         <contents>
         </contents>
      </logical_group>
      <logical_group id="lg-6" display="no" color="cyan">
         <name>EmuBModeVar</name>
         <run_address>0x0</run_address>
         <size>0x0</size>
         <contents>
         </contents>
      </logical_group>
      <logical_group id="lg-7" display="no" color="cyan">
         <name>FlashCallbackVar</name>
         <run_address>0x0</run_address>
         <size>0x0</size>
         <contents>
         </contents>
      </logical_group>
      <logical_group id="lg-8" display="no" color="cyan">
         <name>FlashScalingVar</name>
         <run_address>0x0</run_address>
         <size>0x0</size>
         <contents>
         </contents>
      </logical_group>
      <logical_group id="lg-4" display="no" color="cyan">
         <name>GROUP_2</name>
         <run_address>0x0</run_address>
         <size>0x0</size>
         <contents>
            <logical_group_ref idref="lg-5"/>
            <logical_group_ref idref="lg-6"/>
            <logical_group_ref idref="lg-7"/>
            <logical_group_ref idref="lg-8"/>
         </contents>
      </logical_group>
      <overlay id="lg-2" display="no" color="cyan">
         <name>UNION_1</name>
         <run_address>0x0</run_address>
         <size>0x0</size>
         <contents>
            <logical_group_ref idref="lg-3"/>
            <logical_group_ref idref="lg-4"/>
         </contents>
      </overlay>
      <logical_group id="lg-9" display="no" color="cyan">
         <name>DevEmuRegsFile</name>
         <run_address>0x0</run_address>
         <size>0x0</size>
         <contents>
         </contents>
      </logical_group>
      <logical_group id="lg-a" display="no" color="cyan">
         <name>SysPwrCtrlRegsFile</name>
         <run_address>0x0</run_address>
         <size>0x0</size>
         <contents>
         </contents>
      </logical_group>
      <logical_group id="lg-b" display="no" color="cyan">
         <name>FlashRegsFile</name>
         <run_address>0x0</run_address>
         <size>0x0</size>
         <contents>
         </contents>
      </logical_group>
      <logical_group id="lg-c" display="no" color="cyan">
         <name>CsmRegsFile</name>
         <run_address>0x0</run_address>
         <size>0x0</size>
         <contents>
         </contents>
      </logical_group>
      <logical_group id="lg-d" display="no" color="cyan">
         <name>AdcResultFile</name>
         <run_address>0x0</run_address>
         <size>0x0</size>
         <contents>
         </contents>
      </logical_group>
      <logical_group id="lg-e" display="no" color="cyan">
         <name>CpuTimer0RegsFile</name>
         <run_address>0x0</run_address>
         <size>0x0</size>
         <contents>
         </contents>
      </logical_group>
      <logical_group id="lg-f" display="no" color="cyan">
         <name>CpuTimer1RegsFile</name>
         <run_address>0x0</run_address>
         <size>0x0</size>
         <contents>
         </contents>
      </logical_group>
      <logical_group id="lg-10" display="no" color="cyan">
         <name>CpuTimer2RegsFile</name>
         <run_address>0x0</run_address>
         <size>0x0</size>
         <contents>
         </contents>
      </logical_group>
      <logical_group id="lg-11" display="no" color="cyan">
         <name>PieCtrlRegsFile</name>
         <run_address>0x0</run_address>
         <size>0x0</size>
         <contents>
         </contents>
      </logical_group>
      <logical_group id="lg-12" display="no" color="cyan">
         <name>ECap1RegsFile</name>
         <run_address>0x0</run_address>
         <size>0x0</size>
         <contents>
         </contents>
      </logical_group>
      <logical_group id="lg-13" display="no" color="cyan">
         <name>GpioCtrlRegsFile</name>
         <run_address>0x0</run_address>
         <size>0x0</size>
         <contents>
         </contents>
      </logical_group>
      <logical_group id="lg-14" display="no" color="cyan">
         <name>GpioDataRegsFile</name>
         <run_address>0x0</run_address>
         <size>0x0</size>
         <contents>
         </contents>
      </logical_group>
      <logical_group id="lg-15" display="no" color="cyan">
         <name>GpioIntRegsFile</name>
         <run_address>0x0</run_address>
         <size>0x0</size>
         <contents>
         </contents>
      </logical_group>
      <logical_group id="lg-16" display="no" color="cyan">
         <name>SysCtrlRegsFile</name>
         <run_address>0x0</run_address>
         <size>0x0</size>
         <contents>
         </contents>
      </logical_group>
      <logical_group id="lg-17" display="no" color="cyan">
         <name>SpiaRegsFile</name>
         <run_address>0x0</run_address>
         <size>0x0</size>
         <contents>
         </contents>
      </logical_group>
      <logical_group id="lg-18" display="no" color="cyan">
         <name>SciaRegsFile</name>
         <run_address>0x0</run_address>
         <size>0x0</size>
         <contents>
         </contents>
      </logical_group>
      <logical_group id="lg-19" display="no" color="cyan">
         <name>NmiIntruptRegsFile</name>
         <run_address>0x0</run_address>
         <size>0x0</size>
         <contents>
         </contents>
      </logical_group>
      <logical_group id="lg-1a" display="no" color="cyan">
         <name>XIntruptRegsFile</name>
         <run_address>0x0</run_address>
         <size>0x0</size>
         <contents>
         </contents>
      </logical_group>
      <logical_group id="lg-1b" display="no" color="cyan">
         <name>AdcRegsFile</name>
         <run_address>0x0</run_address>
         <size>0x0</size>
         <contents>
         </contents>
      </logical_group>
      <logical_group id="lg-1c" display="no" color="cyan">
         <name>I2caRegsFile</name>
         <run_address>0x0</run_address>
         <size>0x0</size>
         <contents>
         </contents>
      </logical_group>
      <logical_group id="lg-1d" display="no" color="cyan">
         <name>Comp1RegsFile</name>
         <run_address>0x0</run_address>
         <size>0x0</size>
         <contents>
         </contents>
      </logical_group>
      <logical_group id="lg-1e" display="no" color="cyan">
         <name>Comp2RegsFile</name>
         <run_address>0x0</run_address>
         <size>0x0</size>
         <contents>
         </contents>
      </logical_group>
      <logical_group id="lg-1f" display="no" color="cyan">
         <name>EPwm1RegsFile</name>
         <run_address>0x0</run_address>
         <size>0x0</size>
         <contents>
         </contents>
      </logical_group>
      <logical_group id="lg-20" display="no" color="cyan">
         <name>EPwm2RegsFile</name>
         <run_address>0x0</run_address>
         <size>0x0</size>
         <contents>
         </contents>
      </logical_group>
      <logical_group id="lg-21" display="no" color="cyan">
         <name>EPwm3RegsFile</name>
         <run_address>0x0</run_address>
         <size>0x0</size>
         <contents>
         </contents>
      </logical_group>
      <logical_group id="lg-22" display="no" color="cyan">
         <name>EPwm4RegsFile</name>
         <run_address>0x0</run_address>
         <size>0x0</size>
         <contents>
         </contents>
      </logical_group>
      <logical_group id="lg-23" display="no" color="cyan">
         <name>CsmPwlFile</name>
         <run_address>0x0</run_address>
         <size>0x0</size>
         <contents>
         </contents>
      </logical_group>
      <logical_group id="lg-24" display="no" color="cyan">
         <name>PartIdRegsFile</name>
         <run_address>0x0</run_address>
         <size>0x0</size>
         <contents>
         </contents>
      </logical_group>
      <logical_group id="lg-25" display="no" color="cyan">
         <name>codestart</name>
         <load_address>0x0</load_address>
         <run_address>0x0</run_address>
         <size>0x2</size>
         <contents>
            <object_component_ref idref="oc-33"/>
         </contents>
      </logical_group>
      <logical_group id="lg-26" display="no" color="cyan">
         <name>ramfuncs</name>
         <run_address>0x0</run_address>
         <size>0x0</size>
         <contents>
         </contents>
      </logical_group>
      <logical_group id="lg-144" display="no" color="cyan">
         <name>.text.1</name>
         <load_address>0x50</load_address>
         <run_address>0x50</run_address>
         <size>0x3b0</size>
         <contents>
            <object_component_ref idref="oc-d5"/>
            <object_component_ref idref="oc-a8"/>
            <object_component_ref idref="oc-f6"/>
            <object_component_ref idref="oc-37"/>
            <object_component_ref idref="oc-f7"/>
            <object_component_ref idref="oc-da"/>
            <object_component_ref idref="oc-d7"/>
            <object_component_ref idref="oc-fe"/>
            <object_component_ref idref="oc-e7"/>
            <object_component_ref idref="oc-f9"/>
            <object_component_ref idref="oc-f8"/>
            <object_component_ref idref="oc-d4"/>
            <object_component_ref idref="oc-f1"/>
            <object_component_ref idref="oc-e9"/>
            <object_component_ref idref="oc-ec"/>
            <object_component_ref idref="oc-d9"/>
            <object_component_ref idref="oc-ee"/>
            <object_component_ref idref="oc-db"/>
            <object_component_ref idref="oc-e0"/>
            <object_component_ref idref="oc-106"/>
            <object_component_ref idref="oc-dc"/>
            <object_component_ref idref="oc-de"/>
            <object_component_ref idref="oc-df"/>
            <object_component_ref idref="oc-e1"/>
            <object_component_ref idref="oc-e2"/>
            <object_component_ref idref="oc-e4"/>
            <object_component_ref idref="oc-e3"/>
            <object_component_ref idref="oc-4c"/>
            <object_component_ref idref="oc-e5"/>
            <object_component_ref idref="oc-e6"/>
            <object_component_ref idref="oc-102"/>
            <object_component_ref idref="oc-103"/>
            <object_component_ref idref="oc-f3"/>
            <object_component_ref idref="oc-84"/>
            <object_component_ref idref="oc-85"/>
            <object_component_ref idref="oc-9a"/>
            <object_component_ref idref="oc-9b"/>
            <object_component_ref idref="oc-fa"/>
         </contents>
      </logical_group>
      <logical_group id="lg-145" display="no" color="cyan">
         <name>.text.2</name>
         <load_address>0x8000</load_address>
         <run_address>0x8000</run_address>
         <size>0x120</size>
         <contents>
            <object_component_ref idref="oc-9c"/>
            <object_component_ref idref="oc-9d"/>
            <object_component_ref idref="oc-9e"/>
            <object_component_ref idref="oc-9f"/>
            <object_component_ref idref="oc-88"/>
            <object_component_ref idref="oc-73"/>
            <object_component_ref idref="oc-93"/>
            <object_component_ref idref="oc-a1"/>
            <object_component_ref idref="oc-75"/>
            <object_component_ref idref="oc-8f"/>
            <object_component_ref idref="oc-8b"/>
            <object_component_ref idref="oc-90"/>
            <object_component_ref idref="oc-8c"/>
            <object_component_ref idref="oc-91"/>
            <object_component_ref idref="oc-8d"/>
            <object_component_ref idref="oc-92"/>
            <object_component_ref idref="oc-8e"/>
            <object_component_ref idref="oc-96"/>
            <object_component_ref idref="oc-97"/>
            <object_component_ref idref="oc-77"/>
            <object_component_ref idref="oc-71"/>
            <object_component_ref idref="oc-72"/>
            <object_component_ref idref="oc-76"/>
            <object_component_ref idref="oc-a2"/>
            <object_component_ref idref="oc-5c"/>
            <object_component_ref idref="oc-74"/>
            <object_component_ref idref="oc-98"/>
            <object_component_ref idref="oc-99"/>
            <object_component_ref idref="oc-94"/>
            <object_component_ref idref="oc-95"/>
            <object_component_ref idref="oc-89"/>
            <object_component_ref idref="oc-81"/>
            <object_component_ref idref="oc-82"/>
            <object_component_ref idref="oc-83"/>
            <object_component_ref idref="oc-78"/>
            <object_component_ref idref="oc-79"/>
            <object_component_ref idref="oc-7a"/>
            <object_component_ref idref="oc-7b"/>
            <object_component_ref idref="oc-7c"/>
            <object_component_ref idref="oc-7d"/>
            <object_component_ref idref="oc-7e"/>
            <object_component_ref idref="oc-7f"/>
            <object_component_ref idref="oc-80"/>
            <object_component_ref idref="oc-8a"/>
            <object_component_ref idref="oc-86"/>
            <object_component_ref idref="oc-87"/>
            <object_component_ref idref="oc-a0"/>
            <object_component_ref idref="oc-a3"/>
            <object_component_ref idref="oc-dd"/>
            <object_component_ref idref="oc-eb"/>
            <object_component_ref idref="oc-ea"/>
            <object_component_ref idref="oc-fd"/>
            <object_component_ref idref="oc-fc"/>
            <object_component_ref idref="oc-e8"/>
            <object_component_ref idref="oc-ed"/>
            <object_component_ref idref="oc-fb"/>
            <object_component_ref idref="oc-101"/>
            <object_component_ref idref="oc-104"/>
            <object_component_ref idref="oc-f4"/>
            <object_component_ref idref="oc-f2"/>
            <object_component_ref idref="oc-f5"/>
            <object_component_ref idref="oc-ef"/>
            <object_component_ref idref="oc-f0"/>
            <object_component_ref idref="oc-d6"/>
            <object_component_ref idref="oc-d8"/>
         </contents>
      </logical_group>
      <split_section id="lg-27" display="no" color="cyan">
         <name>.text</name>
         <contents>
            <logical_group_ref idref="lg-144"/>
            <logical_group_ref idref="lg-145"/>
         </contents>
      </split_section>
      <logical_group id="lg-28" display="no" color="cyan">
         <name>.cinit</name>
         <load_address>0x8120</load_address>
         <run_address>0x8120</run_address>
         <size>0x1e</size>
         <contents>
            <object_component_ref idref="oc-c4"/>
            <object_component_ref idref="oc-100"/>
            <object_component_ref idref="oc-107"/>
            <object_component_ref idref="oc-35"/>
         </contents>
      </logical_group>
      <logical_group id="lg-29" display="no" color="cyan">
         <name>.pinit</name>
         <run_address>0x0</run_address>
         <size>0x0</size>
         <contents>
         </contents>
      </logical_group>
      <logical_group id="lg-2a" display="no" color="cyan">
         <name>.switch</name>
         <run_address>0x0</run_address>
         <size>0x0</size>
         <contents>
         </contents>
      </logical_group>
      <logical_group id="lg-2b" display="no" color="cyan">
         <name>.reset</name>
         <load_address>0x3fffc0</load_address>
         <run_address>0x3fffc0</run_address>
         <size>0x2</size>
         <contents>
            <object_component_ref idref="oc-aa"/>
         </contents>
      </logical_group>
      <logical_group id="lg-2c" display="no" color="cyan">
         <name>.stack</name>
         <run_address>0x400</run_address>
         <size>0x200</size>
         <contents>
            <object_component_ref idref="oc-a9"/>
            <object_component_ref idref="oc-143"/>
         </contents>
      </logical_group>
      <logical_group id="lg-2d" display="no" color="cyan">
         <name>.ebss</name>
         <run_address>0x700</run_address>
         <size>0x19</size>
         <contents>
            <object_component_ref idref="oc-36"/>
            <object_component_ref idref="oc-47"/>
            <object_component_ref idref="oc-c5"/>
            <object_component_ref idref="oc-ff"/>
            <object_component_ref idref="oc-108"/>
         </contents>
      </logical_group>
      <logical_group id="lg-2e" display="no" color="cyan">
         <name>.econst</name>
         <load_address>0x600</load_address>
         <run_address>0x600</run_address>
         <size>0x100</size>
         <contents>
            <object_component_ref idref="oc-105"/>
         </contents>
      </logical_group>
      <logical_group id="lg-2f" display="no" color="cyan">
         <name>.esysmem</name>
         <run_address>0x0</run_address>
         <size>0x0</size>
         <contents>
         </contents>
      </logical_group>
      <logical_group id="lg-30" display="no" color="cyan">
         <name>IQmath</name>
         <run_address>0x0</run_address>
         <size>0x0</size>
         <contents>
         </contents>
      </logical_group>
      <logical_group id="lg-31" display="no" color="cyan">
         <name>IQmathTables</name>
         <run_address>0x0</run_address>
         <size>0x0</size>
         <contents>
         </contents>
      </logical_group>
      <logical_group id="lg-137" display="never" color="cyan">
         <name>.debug_info</name>
         <load_address>0x0</load_address>
         <run_address>0x0</run_address>
         <size>0x13510</size>
         <contents>
            <object_component_ref idref="oc-34"/>
            <object_component_ref idref="oc-3c"/>
            <object_component_ref idref="oc-41"/>
            <object_component_ref idref="oc-46"/>
            <object_component_ref idref="oc-4d"/>
            <object_component_ref idref="oc-51"/>
            <object_component_ref idref="oc-56"/>
            <object_component_ref idref="oc-5b"/>
            <object_component_ref idref="oc-61"/>
            <object_component_ref idref="oc-66"/>
            <object_component_ref idref="oc-6b"/>
            <object_component_ref idref="oc-70"/>
            <object_component_ref idref="oc-ab"/>
            <object_component_ref idref="oc-af"/>
            <object_component_ref idref="oc-b4"/>
            <object_component_ref idref="oc-b9"/>
            <object_component_ref idref="oc-be"/>
            <object_component_ref idref="oc-c3"/>
            <object_component_ref idref="oc-ca"/>
            <object_component_ref idref="oc-cf"/>
            <object_component_ref idref="oc-146"/>
         </contents>
      </logical_group>
      <logical_group id="lg-139" display="never" color="cyan">
         <name>.debug_frame</name>
         <load_address>0x0</load_address>
         <run_address>0x0</run_address>
         <size>0xe04</size>
         <contents>
            <object_component_ref idref="oc-38"/>
            <object_component_ref idref="oc-3d"/>
            <object_component_ref idref="oc-42"/>
[...]
      <symbol id="sm-8">
         <name>___c_args__</name>
         <value>0xffffffff</value>
      </symbol>
      <symbol id="sm-9">
         <name>.text</name>
         <value>0xffffffff</value>
      </symbol>
      <symbol id="sm-a">
         <name>___text__</name>
         <value>0xffffffff</value>
      </symbol>
      <symbol id="sm-b">
         <name>etext</name>
         <value>0xffffffff</value>
      </symbol>
      <symbol id="sm-c">
         <name>___etext__</name>
         <value>0xffffffff</value>
      </symbol>
      <symbol id="sm-d">
         <name>___TI_pprof_out_hndl</name>
         <value>0xffffffff</value>
      </symbol>
      <symbol id="sm-e">
         <name>___TI_prof_data_start</name>
         <value>0xffffffff</value>
      </symbol>
      <symbol id="sm-f">
         <name>___TI_prof_data_size</name>
         <value>0xffffffff</value>
      </symbol>
      <symbol id="sm-8b">
         <name>_interruptCount</name>
         <value>0x700</value>
         <object_component_ref idref="oc-36"/>
      </symbol>
      <symbol id="sm-8c">
         <name>_main</name>
         <value>0x5b</value>
         <object_component_ref idref="oc-d5"/>
      </symbol>
      <symbol id="sm-8e">
         <name>_cpu_timer0_isr</name>
         <value>0x200</value>
         <object_component_ref idref="oc-37"/>
      </symbol>
      <symbol id="sm-90">
         <name>_myPie</name>
         <value>0x70a</value>
         <object_component_ref idref="oc-36"/>
      </symbol>
      <symbol id="sm-91">
         <name>_myAdc</name>
         <value>0x702</value>
         <object_component_ref idref="oc-36"/>
      </symbol>
      <symbol id="sm-92">
         <name>_myGpio</name>
         <value>0x708</value>
         <object_component_ref idref="oc-36"/>
      </symbol>
      <symbol id="sm-93">
         <name>_myClk</name>
         <value>0x704</value>
         <object_component_ref idref="oc-36"/>
      </symbol>
      <symbol id="sm-94">
         <name>_myFlash</name>
         <value>0x706</value>
         <object_component_ref idref="oc-36"/>
      </symbol>
      <symbol id="sm-95">
         <name>_myTimer</name>
         <value>0x70c</value>
         <object_component_ref idref="oc-36"/>
      </symbol>
      <symbol id="sm-a4">
         <name>_ADC_init</name>
         <value>0x36a</value>
         <object_component_ref idref="oc-db"/>
      </symbol>
      <symbol id="sm-b7">
         <name>_CLK_enableAdcClock</name>
         <value>0x3c7</value>
         <object_component_ref idref="oc-e5"/>
      </symbol>
      <symbol id="sm-b8">
         <name>_CLK_setOscSrc</name>
         <value>0x3ce</value>
         <object_component_ref idref="oc-e6"/>
      </symbol>
      <symbol id="sm-b9">
         <name>_CLK_init</name>
         <value>0x387</value>
         <object_component_ref idref="oc-dc"/>
      </symbol>
      <symbol id="sm-d3">
         <name>_CPU_disableGlobalInts</name>
         <value>0x80f7</value>
         <object_component_ref idref="oc-ea"/>
      </symbol>
      <symbol id="sm-d4">
         <name>_CPU_enableGlobalInts</name>
         <value>0x80fd</value>
         <object_component_ref idref="oc-fc"/>
      </symbol>
      <symbol id="sm-d5">
         <name>_CPU_clearIntFlags</name>
         <value>0x80f4</value>
         <object_component_ref idref="oc-eb"/>
      </symbol>
      <symbol id="sm-d6">
         <name>_CPU_init</name>
         <value>0x80f0</value>
         <object_component_ref idref="oc-dd"/>
      </symbol>
      <symbol id="sm-d7">
         <name>_cpu</name>
         <value>0x718</value>
         <object_component_ref idref="oc-47"/>
      </symbol>
      <symbol id="sm-d8">
         <name>_CPU_enableDebugInt</name>
         <value>0x80fa</value>
         <object_component_ref idref="oc-fd"/>
      </symbol>
      <symbol id="sm-d9">
         <name>_CPU_enableInt</name>
         <value>0x3fc</value>
         <object_component_ref idref="oc-fa"/>
      </symbol>
      <symbol id="sm-e9">
         <name>code_start</name>
         <value>0x0</value>
         <object_component_ref idref="oc-33"/>
      </symbol>
      <symbol id="sm-f8">
         <name>_FLASH_init</name>
         <value>0x38f</value>
         <object_component_ref idref="oc-de"/>
      </symbol>
      <symbol id="sm-11c">
         <name>_GPIO_setLow</name>
         <value>0x2ed</value>
         <object_component_ref idref="oc-f8"/>
      </symbol>
      <symbol id="sm-11d">
         <name>_GPIO_toggle</name>
         <value>0x301</value>
         <object_component_ref idref="oc-d4"/>
      </symbol>
      <symbol id="sm-11e">
         <name>_GPIO_setMode</name>
         <value>0x1b8</value>
         <object_component_ref idref="oc-f6"/>
      </symbol>
      <symbol id="sm-11f">
         <name>_GPIO_init</name>
         <value>0x397</value>
         <object_component_ref idref="oc-df"/>
      </symbol>
      <symbol id="sm-120">
         <name>_GPIO_setDirection</name>
         <value>0x231</value>
         <object_component_ref idref="oc-f7"/>
      </symbol>
      <symbol id="sm-121">
         <name>_GPIO_setHigh</name>
         <value>0x2d9</value>
         <object_component_ref idref="oc-f9"/>
      </symbol>
      <symbol id="sm-145">
         <name>_PIE_enable</name>
         <value>0x8103</value>
         <object_component_ref idref="oc-ed"/>
      </symbol>
      <symbol id="sm-146">
         <name>_PIE_disableAllInts</name>
         <value>0x328</value>
         <object_component_ref idref="oc-e9"/>
      </symbol>
      <symbol id="sm-147">
         <name>_PIE_disable</name>
         <value>0x8100</value>
         <object_component_ref idref="oc-e8"/>
      </symbol>
      <symbol id="sm-148">
         <name>_PIE_illegalIsr</name>
         <value>0x8078</value>
         <object_component_ref idref="oc-5c"/>
      </symbol>
      <symbol id="sm-149">
         <name>_PIE_enableTimer0Int</name>
         <value>0x8106</value>
         <object_component_ref idref="oc-fb"/>
      </symbol>
      <symbol id="sm-14a">
         <name>_PIE_registerPieIntHandler</name>
         <value>0x35b</value>
         <object_component_ref idref="oc-ee"/>
      </symbol>
      <symbol id="sm-14b">
         <name>_PIE_init</name>
         <value>0x374</value>
         <object_component_ref idref="oc-e0"/>
      </symbol>
      <symbol id="sm-14c">
         <name>_PIE_setDebugIntVectorTable</name>
         <value>0x339</value>
         <object_component_ref idref="oc-ec"/>
      </symbol>
      <symbol id="sm-14d">
         <name>_PIE_tableDebugInit</name>
         <value>0x600</value>
         <object_component_ref idref="oc-105"/>
      </symbol>
      <symbol id="sm-168">
         <name>_PLL_getClkStatus</name>
         <value>0x8109</value>
         <object_component_ref idref="oc-101"/>
      </symbol>
      <symbol id="sm-169">
         <name>_PLL_setDivider</name>
         <value>0x3d5</value>
         <object_component_ref idref="oc-102"/>
      </symbol>
      <symbol id="sm-16a">
         <name>_PLL_init</name>
         <value>0x39f</value>
         <object_component_ref idref="oc-e1"/>
      </symbol>
      <symbol id="sm-16b">
         <name>_PLL_getLockStatus</name>
         <value>0x810c</value>
         <object_component_ref idref="oc-104"/>
      </symbol>
      <symbol id="sm-16c">
         <name>_PLL_setup</name>
         <value>0x2c4</value>
         <object_component_ref idref="oc-e7"/>
      </symbol>
      <symbol id="sm-16d">
         <name>_PLL_setMultiplier</name>
         <value>0x3dc</value>
         <object_component_ref idref="oc-103"/>
      </symbol>
      <symbol id="sm-18a">
         <name>_TIMER_setEmulationMode</name>
         <value>0x3e2</value>
         <object_component_ref idref="oc-f3"/>
      </symbol>
      <symbol id="sm-18b">
         <name>_TIMER_start</name>
         <value>0x8115</value>
         <object_component_ref idref="oc-f5"/>
      </symbol>
      <symbol id="sm-18c">
         <name>_TIMER_setPreScaler</name>
         <value>0x315</value>
         <object_component_ref idref="oc-f1"/>
      </symbol>
      <symbol id="sm-18d">
         <name>_TIMER_setPeriod</name>
         <value>0x811b</value>
         <object_component_ref idref="oc-f0"/>
      </symbol>
      <symbol id="sm-18e">
         <name>_TIMER_init</name>
         <value>0x3a7</value>
         <object_component_ref idref="oc-e2"/>
      </symbol>
      <symbol id="sm-18f">
         <name>_TIMER_reload</name>
         <value>0x8112</value>
         <object_component_ref idref="oc-f2"/>
      </symbol>
      <symbol id="sm-190">
         <name>_TIMER_enableInt</name>
         <value>0x810f</value>
         <object_component_ref idref="oc-f4"/>
      </symbol>
      <symbol id="sm-191">
         <name>_TIMER_stop</name>
         <value>0x8118</value>
         <object_component_ref idref="oc-ef"/>
      </symbol>
      <symbol id="sm-1a2">
         <name>_WDOG_init</name>
         <value>0x3b7</value>
         <object_component_ref idref="oc-e3"/>
      </symbol>
      <symbol id="sm-1a3">
         <name>_WDOG_disable</name>
         <value>0x3af</value>
         <object_component_ref idref="oc-e4"/>
      </symbol>
      <symbol id="sm-246">
         <name>_ILLEGAL_ISR</name>
         <value>0x805f</value>
         <object_component_ref idref="oc-77"/>
      </symbol>
      <symbol id="sm-247">
         <name>_ADCINT4_ISR</name>
         <value>0x3f7</value>
         <object_component_ref idref="oc-9b"/>
      </symbol>
      <symbol id="sm-248">
         <name>_DATALOG_ISR</name>
         <value>0x8019</value>
         <object_component_ref idref="oc-73"/>
      </symbol>
      <symbol id="sm-249">
         <name>_SPITXINTA_ISR</name>
         <value>0x8091</value>
         <object_component_ref idref="oc-95"/>
      </symbol>
      <symbol id="sm-24a">
         <name>_SPIRXINTA_ISR</name>
         <value>0x808c</value>
         <object_component_ref idref="oc-94"/>
      </symbol>
      <symbol id="sm-24b">
         <name>_INT13_ISR</name>
         <value>0x8064</value>
         <object_component_ref idref="oc-71"/>
      </symbol>
      <symbol id="sm-24c">
         <name>_ADCINT5_ISR</name>
         <value>0x8000</value>
         <object_component_ref idref="oc-9c"/>
      </symbol>
      <symbol id="sm-24d">
         <name>_EPWM4_INT_ISR</name>
         <value>0x804b</value>
         <object_component_ref idref="oc-92"/>
      </symbol>
      <symbol id="sm-24e">
         <name>_USER5_ISR</name>
         <value>0x80be</value>
         <object_component_ref idref="oc-7c"/>
      </symbol>
      <symbol id="sm-24f">
         <name>_EMPTY_ISR</name>
         <value>0x8023</value>
         <object_component_ref idref="oc-a1"/>
      </symbol>
      <symbol id="sm-250">
         <name>_EPWM4_TZINT_ISR</name>
         <value>0x8050</value>
         <object_component_ref idref="oc-8e"/>
      </symbol>
      <symbol id="sm-251">
         <name>_EMUINT_ISR</name>
         <value>0x8028</value>
         <object_component_ref idref="oc-75"/>
      </symbol>
      <symbol id="sm-252">
         <name>_ECAP1_INT_ISR</name>
         <value>0x801e</value>
         <object_component_ref idref="oc-93"/>
      </symbol>
      <symbol id="sm-253">
         <name>_EPWM1_TZINT_ISR</name>
         <value>0x8032</value>
         <object_component_ref idref="oc-8b"/>
      </symbol>
      <symbol id="sm-254">
         <name>_ADCINT6_ISR</name>
         <value>0x8005</value>
         <object_component_ref idref="oc-9d"/>
      </symbol>
      <symbol id="sm-255">
         <name>_ADCINT8_ISR</name>
         <value>0x800f</value>
         <object_component_ref idref="oc-9f"/>
      </symbol>
      <symbol id="sm-256">
         <name>_USER11_ISR</name>
         <value>0x80a0</value>
         <object_component_ref idref="oc-82"/>
      </symbol>
      <symbol id="sm-257">
         <name>_EPWM3_TZINT_ISR</name>
         <value>0x8046</value>
         <object_component_ref idref="oc-8d"/>
      </symbol>
      <symbol id="sm-258">
         <name>_USER4_ISR</name>
         <value>0x80b9</value>
         <object_component_ref idref="oc-7b"/>
      </symbol>
      <symbol id="sm-259">
         <name>_EPWM2_TZINT_ISR</name>
         <value>0x803c</value>
         <object_component_ref idref="oc-8c"/>
      </symbol>
      <symbol id="sm-25a">
         <name>_EPWM2_INT_ISR</name>
         <value>0x8037</value>
         <object_component_ref idref="oc-90"/>
      </symbol>
      <symbol id="sm-25b">
         <name>_TINT0_ISR</name>
         <value>0x8096</value>
         <object_component_ref idref="oc-89"/>
      </symbol>
      <symbol id="sm-25c">
         <name>_WAKEINT_ISR</name>
         <value>0x80d7</value>
         <object_component_ref idref="oc-8a"/>
      </symbol>
      <symbol id="sm-25d">
         <name>_ADCINT7_ISR</name>
         <value>0x800a</value>
         <object_component_ref idref="oc-9e"/>
      </symbol>
      <symbol id="sm-25e">
         <name>_ADCINT9_ISR</name>
         <value>0x8014</value>
         <object_component_ref idref="oc-88"/>
      </symbol>
      <symbol id="sm-25f">
         <name>_USER10_ISR</name>
         <value>0x809b</value>
         <object_component_ref idref="oc-81"/>
      </symbol>
      <symbol id="sm-260">
         <name>_USER7_ISR</name>
         <value>0x80c8</value>
         <object_component_ref idref="oc-7e"/>
      </symbol>
      <symbol id="sm-261">
         <name>_XINT1_ISR</name>
         <value>0x80dc</value>
         <object_component_ref idref="oc-86"/>
      </symbol>
      <symbol id="sm-262">
         <name>_INT14_ISR</name>
         <value>0x8069</value>
         <object_component_ref idref="oc-72"/>
      </symbol>
      <symbol id="sm-263">
         <name>_USER6_ISR</name>
         <value>0x80c3</value>
         <object_component_ref idref="oc-7d"/>
      </symbol>
      <symbol id="sm-264">
         <name>_ADCINT1_ISR</name>
         <value>0x3e8</value>
         <object_component_ref idref="oc-84"/>
      </symbol>
      <symbol id="sm-265">
         <name>_USER12_ISR</name>
         <value>0x80a5</value>
         <object_component_ref idref="oc-83"/>
      </symbol>
      <symbol id="sm-266">
         <name>_USER1_ISR</name>
         <value>0x80aa</value>
         <object_component_ref idref="oc-78"/>
      </symbol>
      <symbol id="sm-267">
         <name>_XINT3_ISR</name>
         <value>0x80e6</value>
         <object_component_ref idref="oc-a0"/>
      </symbol>
      <symbol id="sm-268">
         <name>_NMI_ISR</name>
         <value>0x806e</value>
         <object_component_ref idref="oc-76"/>
      </symbol>
      <symbol id="sm-269">
         <name>_ADCINT2_ISR</name>
         <value>0x3ed</value>
         <object_component_ref idref="oc-85"/>
      </symbol>
      <symbol id="sm-26a">
         <name>_PIE_RESERVED</name>
         <value>0x8073</value>
         <object_component_ref idref="oc-a2"/>
      </symbol>
      <symbol id="sm-26b">
         <name>_I2CINT1A_ISR</name>
         <value>0x8055</value>
         <object_component_ref idref="oc-96"/>
      </symbol>
      <symbol id="sm-26c">
         <name>_XINT2_ISR</name>
         <value>0x80e1</value>
         <object_component_ref idref="oc-87"/>
      </symbol>
      <symbol id="sm-26d">
         <name>_I2CINT2A_ISR</name>
         <value>0x805a</value>
         <object_component_ref idref="oc-97"/>
      </symbol>
      <symbol id="sm-26e">
         <name>_RTOSINT_ISR</name>
         <value>0x807d</value>
         <object_component_ref idref="oc-74"/>
      </symbol>
      <symbol id="sm-26f">
         <name>_EPWM3_INT_ISR</name>
         <value>0x8041</value>
         <object_component_ref idref="oc-91"/>
      </symbol>
      <symbol id="sm-270">
         <name>_ADCINT3_ISR</name>
         <value>0x3f2</value>
         <object_component_ref idref="oc-9a"/>
      </symbol>
      <symbol id="sm-271">
         <name>_USER9_ISR</name>
         <value>0x80d2</value>
         <object_component_ref idref="oc-80"/>
      </symbol>
      <symbol id="sm-272">
         <name>_USER3_ISR</name>
         <value>0x80b4</value>
         <object_component_ref idref="oc-7a"/>
      </symbol>
      <symbol id="sm-273">
         <name>_USER8_ISR</name>
         <value>0x80cd</value>
         <object_component_ref idref="oc-7f"/>
      </symbol>
      <symbol id="sm-274">
         <name>_EPWM1_INT_ISR</name>
         <value>0x802d</value>
         <object_component_ref idref="oc-8f"/>
      </symbol>
      <symbol id="sm-275">
         <name>_USER2_ISR</name>
         <value>0x80af</value>
         <object_component_ref idref="oc-79"/>
      </symbol>
      <symbol id="sm-276">
         <name>_SCITXINTA_ISR</name>
         <value>0x8087</value>
         <object_component_ref idref="oc-99"/>
      </symbol>
      <symbol id="sm-277">
         <name>_SCIRXINTA_ISR</name>
         <value>0x8082</value>
         <object_component_ref idref="oc-98"/>
      </symbol>
      <symbol id="sm-278">
         <name>_rsvd_ISR</name>
         <value>0x80eb</value>
         <object_component_ref idref="oc-a3"/>
      </symbol>
      <symbol id="sm-293">
         <name>_c_int00</name>
         <value>0x164</value>
         <object_component_ref idref="oc-a8"/>
      </symbol>
      <symbol id="sm-294">
         <name>__stack</name>
         <value>0x400</value>
         <object_component_ref idref="oc-a9"/>
      </symbol>
      <symbol id="sm-2a3">
         <name>_copy_in</name>
         <value>0x283</value>
         <object_component_ref idref="oc-d7"/>
      </symbol>
      <symbol id="sm-2b5">
         <name>_memcpy</name>
         <value>0x2a7</value>
         <object_component_ref idref="oc-fe"/>
      </symbol>
      <symbol id="sm-2c2">
         <name>__system_pre_init</name>
         <value>0x811d</value>
         <object_component_ref idref="oc-d6"/>
      </symbol>
      <symbol id="sm-2d0">
         <name>__system_post_cinit</name>
         <value>0x811f</value>
         <object_component_ref idref="oc-d8"/>
      </symbol>
      <symbol id="sm-2e5">
         <name>C$$EXIT</name>
         <value>0x25a</value>
         <object_component_ref idref="oc-da"/>
      </symbol>
      <symbol id="sm-2e6">
         <name>_exit</name>
         <value>0x25c</value>
         <object_component_ref idref="oc-da"/>
      </symbol>
      <symbol id="sm-2e8">
         <name>___TI_cleanup_ptr</name>
         <value>0x710</value>
         <object_component_ref idref="oc-c5"/>
      </symbol>
      <symbol id="sm-2e9">
         <name>___TI_enable_exit_profile_output</name>
         <value>0x70e</value>
         <object_component_ref idref="oc-c5"/>
      </symbol>
      <symbol id="sm-2ea">
         <name>_abort</name>
         <value>0x25a</value>
         <object_component_ref idref="oc-da"/>
      </symbol>
      <symbol id="sm-2ec">
         <name>___TI_dtors_ptr</name>
         <value>0x712</value>
         <object_component_ref idref="oc-c5"/>
      </symbol>
      <symbol id="sm-300">
         <name>__unlock</name>
         <value>0x716</value>
         <object_component_ref idref="oc-108"/>
      </symbol>
      <symbol id="sm-301">
         <name>__lock</name>
         <value>0x714</value>
         <object_component_ref idref="oc-ff"/>
      </symbol>
      <symbol id="sm-302">
         <name>__register_lock</name>
         <value>0x382</value>
         <object_component_ref idref="oc-106"/>
      </symbol>
      <symbol id="sm-304">
         <name>__nop</name>
         <value>0x386</value>
         <object_component_ref idref="oc-106"/>
      </symbol>
      <symbol id="sm-306">
         <name>__register_unlock</name>
         <value>0x37e</value>
         <object_component_ref idref="oc-106"/>
      </symbol>
      <symbol id="sm-316">
         <name>__args_main</name>
         <value>0x34a</value>
         <object_component_ref idref="oc-d9"/>
      </symbol>
   </symbol_table>
   <title>Link successful</title>
</link_info>
