<?xml version="1.0" encoding="ISO-8859-1" ?>
<link_info>
   <banner>TMS320C2000 Linker PC v20.2.5.LTS</banner>
   <copyright>Copyright (c) 1996-2018 Texas Instruments Incorporated</copyright>
   <link_time>0x6133774e</link_time>
   <link_errors>0x0</link_errors>
   <output_file>Example_F2802xAdc_TempSensorConv.out</output_file>
   <entry_point>
      <name>code_start</name>
      <address>0x0</address>
   </entry_point>
   <input_file_list>
      <input_file id="fl-2">
         <path>.\</path>
         <kind>object</kind>
         <file>Example_2802xAdc_TempSensorConv.obj</file>
         <name>Example_2802xAdc_TempSensorConv.obj</name>
      </input_file>
      <input_file id="fl-9">
         <kind>object</kind>
         <file>&lt;internal&gt;</file>
         <name>&lt;internal&gt;</name>
      </input_file>
      <input_file id="fl-a">
         <path>D:\Softwares\TI\C2000Ware_3_04_00_00_Software\device_support\f2802x\common\ccs\Debug\</path>
         <kind>archive</kind>
         <file>driverlib.lib</file>
         <name>adc.obj</name>
      </input_file>
      <input_file id="fl-b">
         <path>D:\Softwares\TI\C2000Ware_3_04_00_00_Software\device_support\f2802x\common\ccs\Debug\</path>
         <kind>archive</kind>
         <file>driverlib.lib</file>
         <name>clk.obj</name>
      </input_file>
      <input_file id="fl-c">
         <path>D:\Softwares\TI\C2000Ware_3_04_00_00_Software\device_support\f2802x\common\ccs\Debug\</path>
         <kind>archive</kind>
         <file>driverlib.lib</file>
         <name>cpu.obj</name>
      </input_file>
      <input_file id="fl-d">
         <path>D:\Softwares\TI\C2000Ware_3_04_00_00_Software\device_support\f2802x\common\ccs\Debug\</path>
         <kind>archive</kind>
         <file>driverlib.lib</file>
         <name>f2802xx_codestartbranch.obj</name>
      </input_file>
      <input_file id="fl-e">
         <path>D:\Softwares\TI\C2000Ware_3_04_00_00_Software\device_support\f2802x\common\ccs\Debug\</path>
         <kind>archive</kind>
         <file>driverlib.lib</file>
         <name>flash.obj</name>
      </input_file>
      <input_file id="fl-f">
         <path>D:\Softwares\TI\C2000Ware_3_04_00_00_Software\device_support\f2802x\common\ccs\Debug\</path>
         <kind>archive</kind>
         <file>driverlib.lib</file>
         <name>gpio.obj</name>
      </input_file>
      <input_file id="fl-10">
         <path>D:\Softwares\TI\C2000Ware_3_04_00_00_Software\device_support\f2802x\common\ccs\Debug\</path>
         <kind>archive</kind>
         <file>driverlib.lib</file>
         <name>pie.obj</name>
      </input_file>
      <input_file id="fl-11">
         <path>D:\Softwares\TI\C2000Ware_3_04_00_00_Software\device_support\f2802x\common\ccs\Debug\</path>
         <kind>archive</kind>
         <file>driverlib.lib</file>
         <name>pll.obj</name>
      </input_file>
      <input_file id="fl-12">
         <path>D:\Softwares\TI\C2000Ware_3_04_00_00_Software\device_support\f2802x\common\ccs\Debug\</path>
         <kind>archive</kind>
         <file>driverlib.lib</file>
         <name>wdog.obj</name>
      </input_file>
      <input_file id="fl-13">
         <path>D:\Softwares\TI\C2000Ware_3_04_00_00_Software\device_support\f2802x\common\ccs\Debug\</path>
         <kind>archive</kind>
         <file>driverlib.lib</file>
         <name>f2802xx_defaultisr.obj</name>
      </input_file>
      <input_file id="fl-14">
         <path>D:\Softwares\TI\ccs\tools\compiler\ti-cgt-c2000_20.2.5.LTS\lib\</path>
         <kind>archive</kind>
         <file>rts2800_ml.lib</file>
         <name>boot28.asm.obj</name>
      </input_file>
      <input_file id="fl-15">
         <path>D:\Softwares\TI\ccs\tools\compiler\ti-cgt-c2000_20.2.5.LTS\lib\</path>
         <kind>archive</kind>
         <file>rts2800_ml.lib</file>
         <name>cpy_tbl.c.obj</name>
      </input_file>
      <input_file id="fl-16">
         <path>D:\Softwares\TI\ccs\tools\compiler\ti-cgt-c2000_20.2.5.LTS\lib\</path>
         <kind>archive</kind>
         <file>rts2800_ml.lib</file>
         <name>memcpy.c.obj</name>
      </input_file>
      <input_file id="fl-17">
         <path>D:\Softwares\TI\ccs\tools\compiler\ti-cgt-c2000_20.2.5.LTS\lib\</path>
         <kind>archive</kind>
         <file>rts2800_ml.lib</file>
         <name>pre_init.c.obj</name>
      </input_file>
      <input_file id="fl-18">
         <path>D:\Softwares\TI\ccs\tools\compiler\ti-cgt-c2000_20.2.5.LTS\lib\</path>
         <kind>archive</kind>
         <file>rts2800_ml.lib</file>
         <name>startup.c.obj</name>
      </input_file>
      <input_file id="fl-19">
         <path>D:\Softwares\TI\ccs\tools\compiler\ti-cgt-c2000_20.2.5.LTS\lib\</path>
         <kind>archive</kind>
         <file>rts2800_ml.lib</file>
         <name>exit.c.obj</name>
      </input_file>
      <input_file id="fl-1a">
         <path>D:\Softwares\TI\ccs\tools\compiler\ti-cgt-c2000_20.2.5.LTS\lib\</path>
         <kind>archive</kind>
         <file>rts2800_ml.lib</file>
         <name>_lock.c.obj</name>
      </input_file>
      <input_file id="fl-1b">
         <path>D:\Softwares\TI\ccs\tools\compiler\ti-cgt-c2000_20.2.5.LTS\lib\</path>
         <kind>archive</kind>
         <file>rts2800_ml.lib</file>
         <name>args_main.c.obj</name>
      </input_file>
   </input_file_list>
   <object_component_list>
      <object_component id="oc-33">
         <name>codestart</name>
         <load_address>0x0</load_address>
         <run_address>0x0</run_address>
         <size>0x2</size>
         <input_file_ref idref="fl-d"/>
      </object_component>
      <object_component id="oc-f4">
         <name>ramfuncs:_FLASH_setup</name>
         <load_address>0x80cf</load_address>
         <run_address>0x80cf</run_address>
         <size>0x16</size>
         <input_file_ref idref="fl-e"/>
      </object_component>
      <object_component id="oc-fd">
         <name>ramfuncs:_FLASH_setNumPagedReadWaitStates</name>
         <load_address>0x80e5</load_address>
         <run_address>0x80e5</run_address>
         <size>0x7</size>
         <input_file_ref idref="fl-e"/>
      </object_component>
      <object_component id="oc-fe">
         <name>ramfuncs:_FLASH_setNumRandomReadWaitStates</name>
         <load_address>0x80ec</load_address>
         <run_address>0x80ec</run_address>
         <size>0x7</size>
         <input_file_ref idref="fl-e"/>
      </object_component>
      <object_component id="oc-ff">
         <name>ramfuncs:_FLASH_setOtpWaitStates</name>
         <load_address>0x80f3</load_address>
         <run_address>0x80f3</run_address>
         <size>0x7</size>
         <input_file_ref idref="fl-e"/>
      </object_component>
      <object_component id="oc-fc">
         <name>ramfuncs:_FLASH_enablePipelineMode</name>
         <load_address>0x80fa</load_address>
         <run_address>0x80fa</run_address>
         <size>0x6</size>
         <input_file_ref idref="fl-e"/>
      </object_component>
      <object_component id="oc-101">
         <name>ramfuncs:_FLASH_setActiveWaitCount</name>
         <load_address>0x8100</load_address>
         <run_address>0x8100</run_address>
         <size>0x5</size>
         <input_file_ref idref="fl-e"/>
      </object_component>
      <object_component id="oc-100">
         <name>ramfuncs:_FLASH_setStandbyWaitCount</name>
         <load_address>0x8105</load_address>
         <run_address>0x8105</run_address>
         <size>0x5</size>
         <input_file_ref idref="fl-e"/>
      </object_component>
      <object_component id="oc-d3">
         <name>.text</name>
         <load_address>0x50</load_address>
         <run_address>0x50</run_address>
         <size>0xfd</size>
         <input_file_ref idref="fl-2"/>
      </object_component>
      <object_component id="oc-a1">
         <name>.text</name>
         <load_address>0x14d</load_address>
         <run_address>0x14d</run_address>
         <size>0x54</size>
         <input_file_ref idref="fl-14"/>
      </object_component>
      <object_component id="oc-e6">
         <name>.text:_GPIO_setMode</name>
         <load_address>0x1a1</load_address>
         <run_address>0x1a1</run_address>
         <size>0x48</size>
         <input_file_ref idref="fl-f"/>
      </object_component>
      <object_component id="oc-d1">
         <name>.text</name>
         <load_address>0x1e9</load_address>
         <run_address>0x1e9</run_address>
         <size>0x29</size>
         <input_file_ref idref="fl-19"/>
      </object_component>
      <object_component id="oc-ce">
         <name>.text</name>
         <load_address>0x212</load_address>
         <run_address>0x212</run_address>
         <size>0x24</size>
         <input_file_ref idref="fl-15"/>
      </object_component>
      <object_component id="oc-f2">
         <name>.text:_ADC_setIntSrc</name>
         <load_address>0x236</load_address>
         <run_address>0x236</run_address>
         <size>0x22</size>
         <input_file_ref idref="fl-a"/>
      </object_component>
      <object_component id="oc-d2">
         <name>.text</name>
         <load_address>0x258</load_address>
         <run_address>0x258</run_address>
         <size>0x1d</size>
         <input_file_ref idref="fl-16"/>
      </object_component>
      <object_component id="oc-f3">
         <name>.text:_ADC_enableInt</name>
         <load_address>0x275</load_address>
         <run_address>0x275</run_address>
         <size>0x17</size>
         <input_file_ref idref="fl-a"/>
      </object_component>
      <object_component id="oc-e1">
         <name>.text:_PLL_setup</name>
         <load_address>0x28c</load_address>
         <run_address>0x28c</run_address>
         <size>0x15</size>
         <input_file_ref idref="fl-11"/>
      </object_component>
      <object_component id="oc-f0">
         <name>.text:_ADC_setSocChanNumber</name>
         <load_address>0x2a1</load_address>
         <run_address>0x2a1</run_address>
         <size>0x12</size>
         <input_file_ref idref="fl-a"/>
      </object_component>
      <object_component id="oc-f1">
         <name>.text:_ADC_setSocSampleWindow</name>
         <load_address>0x2b3</load_address>
         <run_address>0x2b3</run_address>
         <size>0x12</size>
         <input_file_ref idref="fl-a"/>
      </object_component>
      <object_component id="oc-ee">
         <name>.text:_ADC_setVoltRefSrc</name>
         <load_address>0x2c5</load_address>
         <run_address>0x2c5</run_address>
         <size>0x11</size>
         <input_file_ref idref="fl-a"/>
      </object_component>
      <object_component id="oc-e3">
         <name>.text:_PIE_disableAllInts</name>
         <load_address>0x2d6</load_address>
         <run_address>0x2d6</run_address>
         <size>0x11</size>
         <input_file_ref idref="fl-10"/>
      </object_component>
      <object_component id="oc-e8">
         <name>.text:_PIE_setDebugIntVectorTable</name>
         <load_address>0x2e7</load_address>
         <run_address>0x2e7</run_address>
         <size>0x11</size>
         <input_file_ref idref="fl-10"/>
      </object_component>
      <object_component id="oc-d0">
         <name>.text</name>
         <load_address>0x2f8</load_address>
         <run_address>0x2f8</run_address>
         <size>0x11</size>
         <input_file_ref idref="fl-1b"/>
      </object_component>
      <object_component id="oc-ed">
         <name>.text:_ADC_enable</name>
         <load_address>0x309</load_address>
         <run_address>0x309</run_address>
         <size>0xa</size>
         <input_file_ref idref="fl-a"/>
      </object_component>
      <object_component id="oc-ea">
         <name>.text:_ADC_enableBandGap</name>
         <load_address>0x313</load_address>
         <run_address>0x313</run_address>
         <size>0xa</size>
         <input_file_ref idref="fl-a"/>
      </object_component>
      <object_component id="oc-eb">
         <name>.text:_ADC_enableRefBuffers</name>
         <load_address>0x31d</load_address>
         <run_address>0x31d</run_address>
         <size>0xa</size>
         <input_file_ref idref="fl-a"/>
      </object_component>
      <object_component id="oc-ef">
         <name>.text:_ADC_enableTempSensor</name>
         <load_address>0x327</load_address>
         <run_address>0x327</run_address>
         <size>0xa</size>
         <input_file_ref idref="fl-a"/>
      </object_component>
      <object_component id="oc-d6">
         <name>.text:_ADC_init</name>
         <load_address>0x331</load_address>
         <run_address>0x331</run_address>
         <size>0xa</size>
         <input_file_ref idref="fl-a"/>
      </object_component>
      <object_component id="oc-ec">
         <name>.text:_ADC_powerUp</name>
         <load_address>0x33b</load_address>
         <run_address>0x33b</run_address>
         <size>0xa</size>
         <input_file_ref idref="fl-a"/>
      </object_component>
      <object_component id="oc-db">
         <name>.text:_PIE_init</name>
         <load_address>0x345</load_address>
         <run_address>0x345</run_address>
         <size>0xa</size>
         <input_file_ref idref="fl-10"/>
      </object_component>
      <object_component id="oc-f5">
         <name>.text</name>
         <load_address>0x34f</load_address>
         <run_address>0x34f</run_address>
         <size>0x9</size>
         <input_file_ref idref="fl-1a"/>
      </object_component>
      <object_component id="oc-d7">
         <name>.text:_CLK_init</name>
         <load_address>0x358</load_address>
         <run_address>0x358</run_address>
         <size>0x8</size>
         <input_file_ref idref="fl-b"/>
      </object_component>
      <object_component id="oc-d9">
         <name>.text:_FLASH_init</name>
         <load_address>0x360</load_address>
         <run_address>0x360</run_address>
         <size>0x8</size>
         <input_file_ref idref="fl-e"/>
      </object_component>
      <object_component id="oc-da">
         <name>.text:_GPIO_init</name>
         <load_address>0x368</load_address>
         <run_address>0x368</run_address>
         <size>0x8</size>
         <input_file_ref idref="fl-f"/>
      </object_component>
      <object_component id="oc-dc">
         <name>.text:_PLL_init</name>
         <load_address>0x370</load_address>
         <run_address>0x370</run_address>
         <size>0x8</size>
         <input_file_ref idref="fl-11"/>
      </object_component>
      <object_component id="oc-de">
         <name>.text:_WDOG_disable</name>
         <load_address>0x378</load_address>
         <run_address>0x378</run_address>
         <size>0x8</size>
         <input_file_ref idref="fl-12"/>
      </object_component>
      <object_component id="oc-dd">
         <name>.text:_WDOG_init</name>
         <load_address>0x380</load_address>
         <run_address>0x380</run_address>
         <size>0x8</size>
         <input_file_ref idref="fl-12"/>
      </object_component>
      <object_component id="oc-4a">
         <name>.text</name>
         <load_address>0x388</load_address>
         <run_address>0x388</run_address>
         <size>0x8</size>
         <input_file_ref idref="fl-d"/>
      </object_component>
      <object_component id="oc-df">
         <name>.text:_CLK_enableAdcClock</name>
         <load_address>0x390</load_address>
         <run_address>0x390</run_address>
         <size>0x7</size>
         <input_file_ref idref="fl-b"/>
      </object_component>
      <object_component id="oc-e7">
         <name>.text:_CLK_setClkOutPreScaler</name>
         <load_address>0x397</load_address>
         <run_address>0x397</run_address>
         <size>0x7</size>
         <input_file_ref idref="fl-b"/>
      </object_component>
      <object_component id="oc-e0">
         <name>.text:_CLK_setOscSrc</name>
         <load_address>0x39e</load_address>
         <run_address>0x39e</run_address>
         <size>0x7</size>
         <input_file_ref idref="fl-b"/>
      </object_component>
      <object_component id="oc-f8">
         <name>.text:_PLL_setDivider</name>
         <load_address>0x3a5</load_address>
         <run_address>0x3a5</run_address>
         <size>0x7</size>
         <input_file_ref idref="fl-11"/>
      </object_component>
      <object_component id="oc-f9">
         <name>.text:_PLL_setMultiplier</name>
         <load_address>0x3ac</load_address>
         <run_address>0x3ac</run_address>
         <size>0x6</size>
         <input_file_ref idref="fl-11"/>
      </object_component>
      <object_component id="oc-7d">
         <name>.text:_ADCINT1_ISR</name>
         <load_address>0x3b2</load_address>
         <run_address>0x3b2</run_address>
         <size>0x5</size>
         <input_file_ref idref="fl-13"/>
      </object_component>
      <object_component id="oc-7e">
         <name>.text:_ADCINT2_ISR</name>
         <load_address>0x3b7</load_address>
         <run_address>0x3b7</run_address>
         <size>0x5</size>
         <input_file_ref idref="fl-13"/>
      </object_component>
      <object_component id="oc-93">
         <name>.text:_ADCINT3_ISR</name>
         <load_address>0x3bc</load_address>
         <run_address>0x3bc</run_address>
         <size>0x5</size>
         <input_file_ref idref="fl-13"/>
      </object_component>
      <object_component id="oc-94">
         <name>.text:_ADCINT4_ISR</name>
         <load_address>0x3c1</load_address>
         <run_address>0x3c1</run_address>
         <size>0x5</size>
         <input_file_ref idref="fl-13"/>
      </object_component>
      <object_component id="oc-95">
         <name>.text:_ADCINT5_ISR</name>
         <load_address>0x3c6</load_address>
         <run_address>0x3c6</run_address>
         <size>0x5</size>
         <input_file_ref idref="fl-13"/>
      </object_component>
      <object_component id="oc-96">
         <name>.text:_ADCINT6_ISR</name>
         <load_address>0x3cb</load_address>
         <run_address>0x3cb</run_address>
         <size>0x5</size>
         <input_file_ref idref="fl-13"/>
      </object_component>
      <object_component id="oc-97">
         <name>.text:_ADCINT7_ISR</name>
         <load_address>0x3d0</load_address>
         <run_address>0x3d0</run_address>
         <size>0x5</size>
         <input_file_ref idref="fl-13"/>
      </object_component>
      <object_component id="oc-98">
         <name>.text:_ADCINT8_ISR</name>
         <load_address>0x3d5</load_address>
         <run_address>0x3d5</run_address>
         <size>0x5</size>
         <input_file_ref idref="fl-13"/>
      </object_component>
      <object_component id="oc-81">
         <name>.text:_ADCINT9_ISR</name>
         <load_address>0x3da</load_address>
         <run_address>0x3da</run_address>
         <size>0x5</size>
         <input_file_ref idref="fl-13"/>
      </object_component>
      <object_component id="oc-6c">
         <name>.text:_DATALOG_ISR</name>
         <load_address>0x3df</load_address>
         <run_address>0x3df</run_address>
         <size>0x5</size>
         <input_file_ref idref="fl-13"/>
      </object_component>
      <object_component id="oc-8c">
         <name>.text:_ECAP1_INT_ISR</name>
         <load_address>0x3e4</load_address>
         <run_address>0x3e4</run_address>
         <size>0x5</size>
         <input_file_ref idref="fl-13"/>
      </object_component>
      <object_component id="oc-9a">
         <name>.text:_EMPTY_ISR</name>
         <load_address>0x3e9</load_address>
         <run_address>0x3e9</run_address>
         <size>0x5</size>
         <input_file_ref idref="fl-13"/>
      </object_component>
      <object_component id="oc-6e">
         <name>.text:_EMUINT_ISR</name>
         <load_address>0x3ee</load_address>
         <run_address>0x3ee</run_address>
         <size>0x5</size>
         <input_file_ref idref="fl-13"/>
      </object_component>
      <object_component id="oc-88">
         <name>.text:_EPWM1_INT_ISR</name>
         <load_address>0x3f3</load_address>
         <run_address>0x3f3</run_address>
         <size>0x5</size>
         <input_file_ref idref="fl-13"/>
      </object_component>
      <object_component id="oc-84">
         <name>.text:_EPWM1_TZINT_ISR</name>
         <load_address>0x3f8</load_address>
         <run_address>0x3f8</run_address>
         <size>0x5</size>
         <input_file_ref idref="fl-13"/>
      </object_component>
      <object_component id="oc-e5">
         <name>.text:_CPU_clearIntFlags</name>
         <load_address>0x3fd</load_address>
         <run_address>0x3fd</run_address>
         <size>0x3</size>
         <input_file_ref idref="fl-c"/>
      </object_component>
      <object_component id="oc-89">
         <name>.text:_EPWM2_INT_ISR</name>
         <load_address>0x8000</load_address>
         <run_address>0x8000</run_address>
         <size>0x5</size>
         <input_file_ref idref="fl-13"/>
      </object_component>
      <object_component id="oc-85">
         <name>.text:_EPWM2_TZINT_ISR</name>
         <load_address>0x8005</load_address>
         <run_address>0x8005</run_address>
         <size>0x5</size>
         <input_file_ref idref="fl-13"/>
      </object_component>
      <object_component id="oc-8a">
         <name>.text:_EPWM3_INT_ISR</name>
         <load_address>0x800a</load_address>
         <run_address>0x800a</run_address>
         <size>0x5</size>
         <input_file_ref idref="fl-13"/>
      </object_component>
      <object_component id="oc-86">
         <name>.text:_EPWM3_TZINT_ISR</name>
         <load_address>0x800f</load_address>
         <run_address>0x800f</run_address>
         <size>0x5</size>
         <input_file_ref idref="fl-13"/>
      </object_component>
      <object_component id="oc-8b">
         <name>.text:_EPWM4_INT_ISR</name>
         <load_address>0x8014</load_address>
         <run_address>0x8014</run_address>
         <size>0x5</size>
         <input_file_ref idref="fl-13"/>
      </object_component>
      <object_component id="oc-87">
         <name>.text:_EPWM4_TZINT_ISR</name>
         <load_address>0x8019</load_address>
         <run_address>0x8019</run_address>
         <size>0x5</size>
         <input_file_ref idref="fl-13"/>
      </object_component>
      <object_component id="oc-8f">
         <name>.text:_I2CINT1A_ISR</name>
         <load_address>0x801e</load_address>
         <run_address>0x801e</run_address>
         <size>0x5</size>
         <input_file_ref idref="fl-13"/>
      </object_component>
      <object_component id="oc-90">
         <name>.text:_I2CINT2A_ISR</name>
         <load_address>0x8023</load_address>
         <run_address>0x8023</run_address>
         <size>0x5</size>
         <input_file_ref idref="fl-13"/>
      </object_component>
      <object_component id="oc-70">
         <name>.text:_ILLEGAL_ISR</name>
         <load_address>0x8028</load_address>
         <run_address>0x8028</run_address>
         <size>0x5</size>
         <input_file_ref idref="fl-13"/>
      </object_component>
      <object_component id="oc-6a">
         <name>.text:_INT13_ISR</name>
         <load_address>0x802d</load_address>
         <run_address>0x802d</run_address>
         <size>0x5</size>
         <input_file_ref idref="fl-13"/>
      </object_component>
      <object_component id="oc-6b">
         <name>.text:_INT14_ISR</name>
         <load_address>0x8032</load_address>
         <run_address>0x8032</run_address>
         <size>0x5</size>
         <input_file_ref idref="fl-13"/>
      </object_component>
      <object_component id="oc-6f">
         <name>.text:_NMI_ISR</name>
         <load_address>0x8037</load_address>
         <run_address>0x8037</run_address>
         <size>0x5</size>
         <input_file_ref idref="fl-13"/>
      </object_component>
      <object_component id="oc-9b">
         <name>.text:_PIE_RESERVED</name>
         <load_address>0x803c</load_address>
         <run_address>0x803c</run_address>
         <size>0x5</size>
         <input_file_ref idref="fl-13"/>
      </object_component>
      <object_component id="oc-5a">
         <name>.text:_PIE_illegalIsr</name>
         <load_address>0x8041</load_address>
         <run_address>0x8041</run_address>
         <size>0x5</size>
         <input_file_ref idref="fl-10"/>
      </object_component>
      <object_component id="oc-6d">
         <name>.text:_RTOSINT_ISR</name>
         <load_address>0x8046</load_address>
         <run_address>0x8046</run_address>
         <size>0x5</size>
         <input_file_ref idref="fl-13"/>
      </object_component>
      <object_component id="oc-91">
         <name>.text:_SCIRXINTA_ISR</name>
         <load_address>0x804b</load_address>
         <run_address>0x804b</run_address>
         <size>0x5</size>
         <input_file_ref idref="fl-13"/>
      </object_component>
      <object_component id="oc-92">
         <name>.text:_SCITXINTA_ISR</name>
         <load_address>0x8050</load_address>
         <run_address>0x8050</run_address>
         <size>0x5</size>
         <input_file_ref idref="fl-13"/>
      </object_component>
      <object_component id="oc-8d">
         <name>.text:_SPIRXINTA_ISR</name>
         <load_address>0x8055</load_address>
         <run_address>0x8055</run_address>
         <size>0x5</size>
         <input_file_ref idref="fl-13"/>
      </object_component>
      <object_component id="oc-8e">
         <name>.text:_SPITXINTA_ISR</name>
         <load_address>0x805a</load_address>
         <run_address>0x805a</run_address>
         <size>0x5</size>
         <input_file_ref idref="fl-13"/>
      </object_component>
      <object_component id="oc-82">
         <name>.text:_TINT0_ISR</name>
         <load_address>0x805f</load_address>
         <run_address>0x805f</run_address>
         <size>0x5</size>
         <input_file_ref idref="fl-13"/>
      </object_component>
      <object_component id="oc-7a">
         <name>.text:_USER10_ISR</name>
         <load_address>0x8064</load_address>
         <run_address>0x8064</run_address>
         <size>0x5</size>
         <input_file_ref idref="fl-13"/>
      </object_component>
      <object_component id="oc-7b">
         <name>.text:_USER11_ISR</name>
         <load_address>0x8069</load_address>
         <run_address>0x8069</run_address>
         <size>0x5</size>
         <input_file_ref idref="fl-13"/>
      </object_component>
      <object_component id="oc-7c">
         <name>.text:_USER12_ISR</name>
         <load_address>0x806e</load_address>
         <run_address>0x806e</run_address>
         <size>0x5</size>
         <input_file_ref idref="fl-13"/>
      </object_component>
      <object_component id="oc-71">
         <name>.text:_USER1_ISR</name>
         <load_address>0x8073</load_address>
         <run_address>0x8073</run_address>
         <size>0x5</size>
         <input_file_ref idref="fl-13"/>
      </object_component>
      <object_component id="oc-72">
         <name>.text:_USER2_ISR</name>
         <load_address>0x8078</load_address>
         <run_address>0x8078</run_address>
         <size>0x5</size>
         <input_file_ref idref="fl-13"/>
      </object_component>
      <object_component id="oc-73">
         <name>.text:_USER3_ISR</name>
         <load_address>0x807d</load_address>
         <run_address>0x807d</run_address>
         <size>0x5</size>
         <input_file_ref idref="fl-13"/>
      </object_component>
      <object_component id="oc-74">
         <name>.text:_USER4_ISR</name>
         <load_address>0x8082</load_address>
         <run_address>0x8082</run_address>
         <size>0x5</size>
         <input_file_ref idref="fl-13"/>
      </object_component>
      <object_component id="oc-75">
         <name>.text:_USER5_ISR</name>
         <load_address>0x8087</load_address>
         <run_address>0x8087</run_address>
         <size>0x5</size>
         <input_file_ref idref="fl-13"/>
      </object_component>
      <object_component id="oc-76">
         <name>.text:_USER6_ISR</name>
         <load_address>0x808c</load_address>
         <run_address>0x808c</run_address>
         <size>0x5</size>
         <input_file_ref idref="fl-13"/>
      </object_component>
      <object_component id="oc-77">
         <name>.text:_USER7_ISR</name>
         <load_address>0x8091</load_address>
         <run_address>0x8091</run_address>
         <size>0x5</size>
         <input_file_ref idref="fl-13"/>
      </object_component>
      <object_component id="oc-78">
         <name>.text:_USER8_ISR</name>
         <load_address>0x8096</load_address>
         <run_address>0x8096</run_address>
         <size>0x5</size>
         <input_file_ref idref="fl-13"/>
      </object_component>
      <object_component id="oc-79">
         <name>.text:_USER9_ISR</name>
         <load_address>0x809b</load_address>
         <run_address>0x809b</run_address>
         <size>0x5</size>
         <input_file_ref idref="fl-13"/>
      </object_component>
      <object_component id="oc-83">
         <name>.text:_WAKEINT_ISR</name>
         <load_address>0x80a0</load_address>
         <run_address>0x80a0</run_address>
         <size>0x5</size>
         <input_file_ref idref="fl-13"/>
      </object_component>
      <object_component id="oc-7f">
         <name>.text:_XINT1_ISR</name>
         <load_address>0x80a5</load_address>
         <run_address>0x80a5</run_address>
         <size>0x5</size>
         <input_file_ref idref="fl-13"/>
      </object_component>
      <object_component id="oc-80">
         <name>.text:_XINT2_ISR</name>
         <load_address>0x80aa</load_address>
         <run_address>0x80aa</run_address>
         <size>0x5</size>
         <input_file_ref idref="fl-13"/>
      </object_component>
      <object_component id="oc-99">
         <name>.text:_XINT3_ISR</name>
         <load_address>0x80af</load_address>
         <run_address>0x80af</run_address>
         <size>0x5</size>
         <input_file_ref idref="fl-13"/>
      </object_component>
      <object_component id="oc-9c">
         <name>.text:_rsvd_ISR</name>
         <load_address>0x80b4</load_address>
         <run_address>0x80b4</run_address>
         <size>0x5</size>
         <input_file_ref idref="fl-13"/>
      </object_component>
      <object_component id="oc-d8">
         <name>.text:_CPU_init</name>
         <load_address>0x80b9</load_address>
         <run_address>0x80b9</run_address>
         <size>0x4</size>
         <input_file_ref idref="fl-c"/>
      </object_component>
      <object_component id="oc-e4">
         <name>.text:_CPU_disableGlobalInts</name>
         <load_address>0x80bd</load_address>
         <run_address>0x80bd</run_address>
         <size>0x3</size>
         <input_file_ref idref="fl-c"/>
      </object_component>
      <object_component id="oc-e2">
         <name>.text:_PIE_disable</name>
         <load_address>0x80c0</load_address>
         <run_address>0x80c0</run_address>
         <size>0x3</size>
         <input_file_ref idref="fl-10"/>
      </object_component>
      <object_component id="oc-e9">
         <name>.text:_PIE_enable</name>
         <load_address>0x80c3</load_address>
         <run_address>0x80c3</run_address>
         <size>0x3</size>
         <input_file_ref idref="fl-10"/>
      </object_component>
      <object_component id="oc-f7">
         <name>.text:_PLL_getClkStatus</name>
         <load_address>0x80c6</load_address>
         <run_address>0x80c6</run_address>
         <size>0x3</size>
         <input_file_ref idref="fl-11"/>
      </object_component>
      <object_component id="oc-fa">
         <name>.text:_PLL_getLockStatus</name>
         <load_address>0x80c9</load_address>
         <run_address>0x80c9</run_address>
         <size>0x3</size>
         <input_file_ref idref="fl-11"/>
      </object_component>
      <object_component id="oc-cd">
         <name>.text</name>
         <load_address>0x80cc</load_address>
         <run_address>0x80cc</run_address>
         <size>0x2</size>
         <input_file_ref idref="fl-17"/>
      </object_component>
      <object_component id="oc-cf">
         <name>.text</name>
         <load_address>0x80ce</load_address>
         <run_address>0x80ce</run_address>
         <size>0x1</size>
         <input_file_ref idref="fl-18"/>
      </object_component>
      <object_component id="oc-bd">
         <name>.cinit</name>
         <load_address>0x810a</load_address>
         <run_address>0x810a</run_address>
         <size>0xe</size>
         <input_file_ref idref="fl-19"/>
      </object_component>
      <object_component id="oc-d5">
         <name>.cinit:__lock</name>
         <load_address>0x8118</load_address>
         <run_address>0x8118</run_address>
         <size>0x5</size>
         <input_file_ref idref="fl-1a"/>
      </object_component>
      <object_component id="oc-f6">
         <name>.cinit:__unlock</name>
         <load_address>0x811d</load_address>
         <run_address>0x811d</run_address>
         <size>0x5</size>
         <input_file_ref idref="fl-1a"/>
      </object_component>
      <object_component id="oc-a3">
         <name>.reset</name>
         <load_address>0x3fffc0</load_address>
         <run_address>0x3fffc0</run_address>
         <size>0x2</size>
         <input_file_ref idref="fl-14"/>
      </object_component>
      <object_component id="oc-a2">
         <name>.stack</name>
         <uninitialized>true</uninitialized>
         <run_address>0x400</run_address>
         <size>0x0</size>
         <input_file_ref idref="fl-14"/>
      </object_component>
      <object_component id="oc-13d">
         <name>.stack</name>
         <uninitialized>true</uninitialized>
         <run_address>0x400</run_address>
         <size>0x0</size>
      </object_component>
      <object_component id="oc-35">
         <name>.ebss</name>
         <uninitialized>true</uninitialized>
         <run_address>0x700</run_address>
         <size>0xc</size>
         <input_file_ref idref="fl-2"/>
      </object_component>
      <object_component id="oc-45">
         <name>.ebss</name>
         <uninitialized>true</uninitialized>
         <run_address>0x716</run_address>
         <size>0x1</size>
         <input_file_ref idref="fl-c"/>
      </object_component>
      <object_component id="oc-be">
         <name>.ebss</name>
         <uninitialized>true</uninitialized>
         <run_address>0x70c</run_address>
         <size>0x6</size>
         <input_file_ref idref="fl-19"/>
      </object_component>
      <object_component id="oc-d4">
         <name>.ebss:__lock</name>
         <uninitialized>true</uninitialized>
         <run_address>0x712</run_address>
         <size>0x2</size>
         <input_file_ref idref="fl-1a"/>
      </object_component>
      <object_component id="oc-102">
         <name>.ebss:__unlock</name>
         <uninitialized>true</uninitialized>
         <run_address>0x714</run_address>
         <size>0x2</size>
         <input_file_ref idref="fl-1a"/>
      </object_component>
      <object_component id="oc-fb">
         <name>.econst:_PIE_tableDebugInit</name>
         <load_address>0x600</load_address>
         <run_address>0x600</run_address>
         <size>0x100</size>
         <input_file_ref idref="fl-10"/>
      </object_component>
      <object_component id="oc-34">
         <name>.debug_info</name>
         <load_address>0x0</load_address>
         <run_address>0x0</run_address>
         <size>0x437e</size>
         <input_file_ref idref="fl-2"/>
      </object_component>
      <object_component id="oc-3a">
         <name>.debug_info</name>
         <load_address>0x437e</load_address>
         <run_address>0x437e</run_address>
         <size>0x2607</size>
         <input_file_ref idref="fl-a"/>
      </object_component>
      <object_component id="oc-3f">
         <name>.debug_info</name>
         <load_address>0x6985</load_address>
         <run_address>0x6985</run_address>
         <size>0xe48</size>
         <input_file_ref idref="fl-b"/>
      </object_component>
      <object_component id="oc-44">
         <name>.debug_info</name>
         <load_address>0x77cd</load_address>
         <run_address>0x77cd</run_address>
         <size>0x78a</size>
         <input_file_ref idref="fl-c"/>
      </object_component>
      <object_component id="oc-4b">
         <name>.debug_info</name>
         <load_address>0x7f57</load_address>
         <run_address>0x7f57</run_address>
         <size>0x1eb</size>
         <input_file_ref idref="fl-d"/>
      </object_component>
      <object_component id="oc-4f">
         <name>.debug_info</name>
         <load_address>0x8142</load_address>
         <run_address>0x8142</run_address>
         <size>0x15bb</size>
         <input_file_ref idref="fl-e"/>
      </object_component>
      <object_component id="oc-54">
         <name>.debug_info</name>
         <load_address>0x96fd</load_address>
         <run_address>0x96fd</run_address>
         <size>0x1797</size>
         <input_file_ref idref="fl-f"/>
      </object_component>
      <object_component id="oc-59">
         <name>.debug_info</name>
         <load_address>0xae94</load_address>
         <run_address>0xae94</run_address>
         <size>0x29b9</size>
         <input_file_ref idref="fl-10"/>
      </object_component>
      <object_component id="oc-5f">
         <name>.debug_info</name>
         <load_address>0xd84d</load_address>
         <run_address>0xd84d</run_address>
         <size>0xd6c</size>
         <input_file_ref idref="fl-11"/>
      </object_component>
      <object_component id="oc-64">
         <name>.debug_info</name>
         <load_address>0xe5b9</load_address>
         <run_address>0xe5b9</run_address>
         <size>0x7a9</size>
         <input_file_ref idref="fl-12"/>
      </object_component>
      <object_component id="oc-69">
         <name>.debug_info</name>
         <load_address>0xed62</load_address>
         <run_address>0xed62</run_address>
         <size>0x2d3e</size>
         <input_file_ref idref="fl-13"/>
      </object_component>
      <object_component id="oc-a4">
         <name>.debug_info</name>
         <load_address>0x11aa0</load_address>
         <run_address>0x11aa0</run_address>
         <size>0x173</size>
         <input_file_ref idref="fl-14"/>
      </object_component>
      <object_component id="oc-a8">
         <name>.debug_info</name>
         <load_address>0x11c13</load_address>
         <run_address>0x11c13</run_address>
         <size>0x4fa</size>
         <input_file_ref idref="fl-15"/>
      </object_component>
      <object_component id="oc-ad">
         <name>.debug_info</name>
         <load_address>0x1210d</load_address>
         <run_address>0x1210d</run_address>
         <size>0x3d3</size>
         <input_file_ref idref="fl-16"/>
      </object_component>
      <object_component id="oc-b2">
         <name>.debug_info</name>
         <load_address>0x124e0</load_address>
         <run_address>0x124e0</run_address>
         <size>0x346</size>
         <input_file_ref idref="fl-17"/>
      </object_component>
      <object_component id="oc-b7">
         <name>.debug_info</name>
         <load_address>0x12826</load_address>
         <run_address>0x12826</run_address>
         <size>0x343</size>
         <input_file_ref idref="fl-18"/>
      </object_component>
      <object_component id="oc-bc">
         <name>.debug_info</name>
         <load_address>0x12b69</load_address>
         <run_address>0x12b69</run_address>
         <size>0x4dd</size>
         <input_file_ref idref="fl-19"/>
      </object_component>
      <object_component id="oc-c3">
         <name>.debug_info</name>
         <load_address>0x13046</load_address>
         <run_address>0x13046</run_address>
         <size>0x465</size>
         <input_file_ref idref="fl-1a"/>
      </object_component>
      <object_component id="oc-c8">
         <name>.debug_info</name>
         <load_address>0x134ab</load_address>
         <run_address>0x134ab</run_address>
         <size>0x3ee</size>
         <input_file_ref idref="fl-1b"/>
      </object_component>
      <object_component id="oc-141">
         <name>.debug_info</name>
         <load_address>0x13899</load_address>
         <run_address>0x13899</run_address>
         <size>0xba</size>
      </object_component>
      <object_component id="oc-36">
         <name>.debug_frame</name>
         <load_address>0x0</load_address>
         <run_address>0x0</run_address>
         <size>0x48</size>
         <input_file_ref idref="fl-2"/>
      </object_component>
      <object_component id="oc-3b">
         <name>.debug_frame</name>
         <load_address>0x240</load_address>
         <run_address>0x240</run_address>
         <size>0x149</size>
         <input_file_ref idref="fl-a"/>
      </object_component>
      <object_component id="oc-40">
         <name>.debug_frame</name>
         <load_address>0x389</load_address>
         <run_address>0x389</run_address>
         <size>0xb6</size>
         <input_file_ref idref="fl-b"/>
      </object_component>
      <object_component id="oc-46">
         <name>.debug_frame</name>
         <load_address>0x43f</load_address>
         <run_address>0x43f</run_address>
         <size>0xa1</size>
         <input_file_ref idref="fl-c"/>
      </object_component>
      <object_component id="oc-50">
         <name>.debug_frame</name>
         <load_address>0x4e0</load_address>
         <run_address>0x4e0</run_address>
         <size>0x10a</size>
         <input_file_ref idref="fl-e"/>
      </object_component>
      <object_component id="oc-55">
         <name>.debug_frame</name>
         <load_address>0x5ea</load_address>
         <run_address>0x5ea</run_address>
         <size>0x8c</size>
         <input_file_ref idref="fl-f"/>
      </object_component>
      <object_component id="oc-5b">
         <name>.debug_frame</name>
         <load_address>0x676</load_address>
         <run_address>0x676</run_address>
         <size>0xe0</size>
         <input_file_ref idref="fl-10"/>
      </object_component>
      <object_component id="oc-60">
         <name>.debug_frame</name>
         <load_address>0x756</load_address>
         <run_address>0x756</run_address>
         <size>0xe0</size>
         <input_file_ref idref="fl-11"/>
      </object_component>
      <object_component id="oc-65">
         <name>.debug_frame</name>
         <load_address>0x836</load_address>
         <run_address>0x836</run_address>
         <size>0x8c</size>
         <input_file_ref idref="fl-12"/>
      </object_component>
      <object_component id="oc-9d">
         <name>.debug_frame</name>
         <load_address>0x8c2</load_address>
         <run_address>0x8c2</run_address>
         <size>0x491</size>
         <input_file_ref idref="fl-13"/>
      </object_component>
      <object_component id="oc-a9">
         <name>.debug_frame</name>
         <load_address>0x48</load_address>
         <run_address>0x48</run_address>
         <size>0x58</size>
         <input_file_ref idref="fl-15"/>
      </object_component>
      <object_component id="oc-ae">
         <name>.debug_frame</name>
         <load_address>0xa0</load_address>
         <run_address>0xa0</run_address>
         <size>0x38</size>
         <input_file_ref idref="fl-16"/>
      </object_component>
      <object_component id="oc-b3">
         <name>.debug_frame</name>
         <load_address>0xd8</load_address>
         <run_address>0xd8</run_address>
         <size>0x38</size>
         <input_file_ref idref="fl-17"/>
      </object_component>
      <object_component id="oc-b8">
         <name>.debug_frame</name>
         <load_address>0x110</load_address>
         <run_address>0x110</run_address>
         <size>0x38</size>
         <input_file_ref idref="fl-18"/>
      </object_component>
      <object_component id="oc-bf">
         <name>.debug_frame</name>
         <load_address>0x148</load_address>
         <run_address>0x148</run_address>
         <size>0x58</size>
         <input_file_ref idref="fl-19"/>
      </object_component>
      <object_component id="oc-c4">
         <name>.debug_frame</name>
         <load_address>0x1a0</load_address>
         <run_address>0x1a0</run_address>
         <size>0x68</size>
         <input_file_ref idref="fl-1a"/>
      </object_component>
      <object_component id="oc-c9">
         <name>.debug_frame</name>
         <load_address>0x208</load_address>
         <run_address>0x208</run_address>
         <size>0x38</size>
         <input_file_ref idref="fl-1b"/>
      </object_component>
      <object_component id="oc-37">
         <name>.debug_line</name>
         <load_address>0x0</load_address>
         <run_address>0x0</run_address>
         <size>0x151</size>
         <input_file_ref idref="fl-2"/>
      </object_component>
      <object_component id="oc-3c">
         <name>.debug_line</name>
         <load_address>0x151</load_address>
         <run_address>0x151</run_address>
         <size>0x1c7</size>
         <input_file_ref idref="fl-a"/>
      </object_component>
      <object_component id="oc-41">
         <name>.debug_line</name>
         <load_address>0x318</load_address>
         <run_address>0x318</run_address>
         <size>0xde</size>
         <input_file_ref idref="fl-b"/>
      </object_component>
      <object_component id="oc-47">
         <name>.debug_line</name>
         <load_address>0x3f6</load_address>
         <run_address>0x3f6</run_address>
         <size>0xb0</size>
         <input_file_ref idref="fl-c"/>
      </object_component>
      <object_component id="oc-4c">
         <name>.debug_line</name>
         <load_address>0x4a6</load_address>
         <run_address>0x4a6</run_address>
         <size>0x9d</size>
         <input_file_ref idref="fl-d"/>
      </object_component>
      <object_component id="oc-51">
         <name>.debug_line</name>
         <load_address>0x543</load_address>
         <run_address>0x543</run_address>
         <size>0x15e</size>
         <input_file_ref idref="fl-e"/>
      </object_component>
      <object_component id="oc-56">
         <name>.debug_line</name>
         <load_address>0x6a1</load_address>
         <run_address>0x6a1</run_address>
         <size>0xd8</size>
         <input_file_ref idref="fl-f"/>
      </object_component>
      <object_component id="oc-5c">
         <name>.debug_line</name>
         <load_address>0x779</load_address>
         <run_address>0x779</run_address>
         <size>0x120</size>
         <input_file_ref idref="fl-10"/>
      </object_component>
      <object_component id="oc-61">
         <name>.debug_line</name>
         <load_address>0x899</load_address>
         <run_address>0x899</run_address>
         <size>0x123</size>
         <input_file_ref idref="fl-11"/>
      </object_component>
      <object_component id="oc-66">
         <name>.debug_line</name>
         <load_address>0x9bc</load_address>
         <run_address>0x9bc</run_address>
         <size>0xa3</size>
         <input_file_ref idref="fl-12"/>
      </object_component>
      <object_component id="oc-9e">
         <name>.debug_line</name>
         <load_address>0xa5f</load_address>
         <run_address>0xa5f</run_address>
         <size>0x4fb</size>
         <input_file_ref idref="fl-13"/>
      </object_component>
      <object_component id="oc-a5">
         <name>.debug_line</name>
         <load_address>0xf5a</load_address>
         <run_address>0xf5a</run_address>
         <size>0x7d</size>
         <input_file_ref idref="fl-14"/>
      </object_component>
      <object_component id="oc-aa">
         <name>.debug_line</name>
         <load_address>0xfd7</load_address>
         <run_address>0xfd7</run_address>
         <size>0x50</size>
         <input_file_ref idref="fl-15"/>
      </object_component>
      <object_component id="oc-af">
         <name>.debug_line</name>
         <load_address>0x1027</load_address>
         <run_address>0x1027</run_address>
         <size>0x62</size>
         <input_file_ref idref="fl-16"/>
      </object_component>
      <object_component id="oc-b4">
         <name>.debug_line</name>
         <load_address>0x1089</load_address>
         <run_address>0x1089</run_address>
         <size>0x3e</size>
         <input_file_ref idref="fl-17"/>
      </object_component>
      <object_component id="oc-b9">
         <name>.debug_line</name>
         <load_address>0x10c7</load_address>
         <run_address>0x10c7</run_address>
         <size>0x3a</size>
         <input_file_ref idref="fl-18"/>
      </object_component>
      <object_component id="oc-c0">
         <name>.debug_line</name>
         <load_address>0x1101</load_address>
         <run_address>0x1101</run_address>
         <size>0x65</size>
         <input_file_ref idref="fl-19"/>
      </object_component>
      <object_component id="oc-c5">
         <name>.debug_line</name>
         <load_address>0x1166</load_address>
         <run_address>0x1166</run_address>
         <size>0x5e</size>
         <input_file_ref idref="fl-1a"/>
      </object_component>
      <object_component id="oc-ca">
         <name>.debug_line</name>
         <load_address>0x11c4</load_address>
         <run_address>0x11c4</run_address>
         <size>0x4f</size>
         <input_file_ref idref="fl-1b"/>
      </object_component>
      <object_component id="oc-38">
         <name>.debug_abbrev</name>
         <load_address>0x0</load_address>
         <run_address>0x0</run_address>
         <size>0x156</size>
         <input_file_ref idref="fl-2"/>
      </object_component>
      <object_component id="oc-3d">
         <name>.debug_abbrev</name>
         <load_address>0x156</load_address>
         <run_address>0x156</run_address>
         <size>0x191</size>
         <input_file_ref idref="fl-a"/>
      </object_component>
      <object_component id="oc-42">
         <name>.debug_abbrev</name>
         <load_address>0x2e7</load_address>
         <run_address>0x2e7</run_address>
         <size>0x174</size>
         <input_file_ref idref="fl-b"/>
      </object_component>
      <object_component id="oc-48">
         <name>.debug_abbrev</name>
         <load_address>0x45b</load_address>
         <run_address>0x45b</run_address>
         <size>0x11b</size>
         <input_file_ref idref="fl-c"/>
      </object_component>
      <object_component id="oc-4d">
         <name>.debug_abbrev</name>
         <load_address>0x576</load_address>
         <run_address>0x576</run_address>
         <size>0x21</size>
         <input_file_ref idref="fl-d"/>
      </object_component>
      <object_component id="oc-52">
         <name>.debug_abbrev</name>
         <load_address>0x597</load_address>
         <run_address>0x597</run_address>
         <size>0x16e</size>
         <input_file_ref idref="fl-e"/>
      </object_component>
      <object_component id="oc-57">
         <name>.debug_abbrev</name>
         <load_address>0x705</load_address>
         <run_address>0x705</run_address>
         <size>0x16b</size>
         <input_file_ref idref="fl-f"/>
      </object_component>
      <object_component id="oc-5d">
         <name>.debug_abbrev</name>
         <load_address>0x870</load_address>
         <run_address>0x870</run_address>
         <size>0x1d9</size>
         <input_file_ref idref="fl-10"/>
      </object_component>
      <object_component id="oc-62">
         <name>.debug_abbrev</name>
         <load_address>0xa49</load_address>
         <run_address>0xa49</run_address>
         <size>0x182</size>
         <input_file_ref idref="fl-11"/>
      </object_component>
      <object_component id="oc-67">
         <name>.debug_abbrev</name>
         <load_address>0xbcb</load_address>
         <run_address>0xbcb</run_address>
         <size>0x11d</size>
         <input_file_ref idref="fl-12"/>
      </object_component>
      <object_component id="oc-9f">
         <name>.debug_abbrev</name>
         <load_address>0xce8</load_address>
         <run_address>0xce8</run_address>
         <size>0xb6</size>
         <input_file_ref idref="fl-13"/>
      </object_component>
      <object_component id="oc-a6">
         <name>.debug_abbrev</name>
         <load_address>0xd9e</load_address>
         <run_address>0xd9e</run_address>
         <size>0x46</size>
         <input_file_ref idref="fl-14"/>
      </object_component>
      <object_component id="oc-ab">
         <name>.debug_abbrev</name>
         <load_address>0xde4</load_address>
         <run_address>0xde4</run_address>
         <size>0xe3</size>
         <input_file_ref idref="fl-15"/>
      </object_component>
      <object_component id="oc-b0">
         <name>.debug_abbrev</name>
         <load_address>0xec7</load_address>
         <run_address>0xec7</run_address>
         <size>0xa8</size>
         <input_file_ref idref="fl-16"/>
      </object_component>
      <object_component id="oc-b5">
         <name>.debug_abbrev</name>
         <load_address>0xf6f</load_address>
         <run_address>0xf6f</run_address>
         <size>0x68</size>
         <input_file_ref idref="fl-17"/>
      </object_component>
      <object_component id="oc-ba">
         <name>.debug_abbrev</name>
         <load_address>0xfd7</load_address>
         <run_address>0xfd7</run_address>
         <size>0x66</size>
         <input_file_ref idref="fl-18"/>
      </object_component>
      <object_component id="oc-c1">
         <name>.debug_abbrev</name>
         <load_address>0x103d</load_address>
         <run_address>0x103d</run_address>
         <size>0x130</size>
         <input_file_ref idref="fl-19"/>
      </object_component>
      <object_component id="oc-c6">
         <name>.debug_abbrev</name>
         <load_address>0x116d</load_address>
         <run_address>0x116d</run_address>
         <size>0xb2</size>
         <input_file_ref idref="fl-1a"/>
      </object_component>
      <object_component id="oc-cb">
         <name>.debug_abbrev</name>
         <load_address>0x121f</load_address>
         <run_address>0x121f</run_address>
         <size>0xee</size>
         <input_file_ref idref="fl-1b"/>
      </object_component>
      <object_component id="oc-142">
         <name>.debug_abbrev</name>
         <load_address>0x130d</load_address>
         <run_address>0x130d</run_address>
         <size>0xf</size>
      </object_component>
      <object_component id="oc-39">
         <name>.debug_aranges</name>
         <load_address>0x0</load_address>
         <run_address>0x0</run_address>
         <size>0x20</size>
         <input_file_ref idref="fl-2"/>
      </object_component>
      <object_component id="oc-3e">
         <name>.debug_aranges</name>
         <load_address>0x20</load_address>
         <run_address>0x20</run_address>
         <size>0x70</size>
         <input_file_ref idref="fl-a"/>
      </object_component>
      <object_component id="oc-43">
         <name>.debug_aranges</name>
         <load_address>0x90</load_address>
         <run_address>0x90</run_address>
         <size>0x38</size>
         <input_file_ref idref="fl-b"/>
      </object_component>
      <object_component id="oc-49">
         <name>.debug_aranges</name>
         <load_address>0xc8</load_address>
         <run_address>0xc8</run_address>
         <size>0x30</size>
         <input_file_ref idref="fl-c"/>
      </object_component>
      <object_component id="oc-4e">
         <name>.debug_aranges</name>
         <load_address>0xf8</load_address>
         <run_address>0xf8</run_address>
         <size>0x28</size>
         <input_file_ref idref="fl-d"/>
      </object_component>
      <object_component id="oc-53">
         <name>.debug_aranges</name>
         <load_address>0x120</load_address>
         <run_address>0x120</run_address>
         <size>0x58</size>
         <input_file_ref idref="fl-e"/>
      </object_component>
      <object_component id="oc-58">
         <name>.debug_aranges</name>
         <load_address>0x178</load_address>
         <run_address>0x178</run_address>
         <size>0x28</size>
         <input_file_ref idref="fl-f"/>
      </object_component>
      <object_component id="oc-5e">
         <name>.debug_aranges</name>
         <load_address>0x1a0</load_address>
         <run_address>0x1a0</run_address>
         <size>0x48</size>
         <input_file_ref idref="fl-10"/>
      </object_component>
      <object_component id="oc-63">
         <name>.debug_aranges</name>
         <load_address>0x1e8</load_address>
         <run_address>0x1e8</run_address>
         <size>0x48</size>
         <input_file_ref idref="fl-11"/>
      </object_component>
      <object_component id="oc-68">
         <name>.debug_aranges</name>
         <load_address>0x230</load_address>
         <run_address>0x230</run_address>
         <size>0x28</size>
         <input_file_ref idref="fl-12"/>
      </object_component>
      <object_component id="oc-a0">
         <name>.debug_aranges</name>
         <load_address>0x258</load_address>
         <run_address>0x258</run_address>
         <size>0x1b0</size>
         <input_file_ref idref="fl-13"/>
      </object_component>
      <object_component id="oc-a7">
         <name>.debug_aranges</name>
         <load_address>0x408</load_address>
         <run_address>0x408</run_address>
         <size>0x20</size>
         <input_file_ref idref="fl-14"/>
      </object_component>
      <object_component id="oc-ac">
         <name>.debug_aranges</name>
         <load_address>0x428</load_address>
         <run_address>0x428</run_address>
         <size>0x20</size>
         <input_file_ref idref="fl-15"/>
      </object_component>
      <object_component id="oc-b1">
         <name>.debug_aranges</name>
         <load_address>0x448</load_address>
         <run_address>0x448</run_address>
         <size>0x20</size>
         <input_file_ref idref="fl-16"/>
      </object_component>
      <object_component id="oc-b6">
         <name>.debug_aranges</name>
         <load_address>0x468</load_address>
         <run_address>0x468</run_address>
         <size>0x20</size>
         <input_file_ref idref="fl-17"/>
      </object_component>
      <object_component id="oc-bb">
         <name>.debug_aranges</name>
         <load_address>0x488</load_address>
         <run_address>0x488</run_address>
         <size>0x20</size>
         <input_file_ref idref="fl-18"/>
      </object_component>
      <object_component id="oc-c2">
         <name>.debug_aranges</name>
         <load_address>0x4a8</load_address>
         <run_address>0x4a8</run_address>
         <size>0x28</size>
         <input_file_ref idref="fl-19"/>
      </object_component>
      <object_component id="oc-c7">
         <name>.debug_aranges</name>
         <load_address>0x4d0</load_address>
         <run_address>0x4d0</run_address>
         <size>0x30</size>
         <input_file_ref idref="fl-1a"/>
      </object_component>
      <object_component id="oc-cc">
         <name>.debug_aranges</name>
         <load_address>0x500</load_address>
         <run_address>0x500</run_address>
         <size>0x20</size>
         <input_file_ref idref="fl-1b"/>
      </object_component>
   </object_component_list>
   <logical_group_list>
      <logical_group id="lg-3" display="no" color="cyan">
         <name>PieVectTableFile</name>
         <run_address>0x0</run_address>
         <size>0x0</size>
         <contents>
         </contents>
      </logical_group>
      <logical_group id="lg-5" display="no" color="cyan">
         <name>EmuKeyVar</name>
         <run_address>0x0</run_address>
         <size>0x0</size>
         <contents>
         </contents>
      </logical_group>
      <logical_group id="lg-6" display="no" color="cyan">
         <name>EmuBModeVar</name>
         <run_address>0x0</run_address>
         <size>0x0</size>
         <contents>
         </contents>
      </logical_group>
      <logical_group id="lg-7" display="no" color="cyan">
         <name>FlashCallbackVar</name>
         <run_address>0x0</run_address>
         <size>0x0</size>
         <contents>
         </contents>
      </logical_group>
      <logical_group id="lg-8" display="no" color="cyan">
         <name>FlashScalingVar</name>
         <run_address>0x0</run_address>
         <size>0x0</size>
         <contents>
         </contents>
      </logical_group>
      <logical_group id="lg-4" display="no" color="cyan">
         <name>GROUP_2</name>
         <run_address>0x0</run_address>
         <size>0x0</size>
         <contents>
            <logical_group_ref idref="lg-5"/>
            <logical_group_ref idref="lg-6"/>
            <logical_group_ref idref="lg-7"/>
            <logical_group_ref idref="lg-8"/>
         </contents>
      </logical_group>
      <overlay id="lg-2" display="no" color="cyan">
         <name>UNION_1</name>
         <run_address>0x0</run_address>
         <size>0x0</size>
         <contents>
            <logical_group_ref idref="lg-3"/>
            <logical_group_ref idref="lg-4"/>
         </contents>
      </overlay>
      <logical_group id="lg-9" display="no" color="cyan">
         <name>DevEmuRegsFile</name>
         <run_address>0x0</run_address>
         <size>0x0</size>
         <contents>
         </contents>
      </logical_group>
      <logical_group id="lg-a" display="no" color="cyan">
         <name>SysPwrCtrlRegsFile</name>
         <run_address>0x0</run_address>
         <size>0x0</size>
         <contents>
         </contents>
      </logical_group>
      <logical_group id="lg-b" display="no" color="cyan">
         <name>FlashRegsFile</name>
         <run_address>0x0</run_address>
         <size>0x0</size>
         <contents>
         </contents>
      </logical_group>
      <logical_group id="lg-c" display="no" color="cyan">
         <name>CsmRegsFile</name>
         <run_address>0x0</run_address>
         <size>0x0</size>
         <contents>
         </contents>
      </logical_group>
      <logical_group id="lg-d" display="no" color="cyan">
         <name>AdcResultFile</name>
         <run_address>0x0</run_address>
         <size>0x0</size>
         <contents>
         </contents>
      </logical_group>
      <logical_group id="lg-e" display="no" color="cyan">
         <name>CpuTimer0RegsFile</name>
         <run_address>0x0</run_address>
         <size>0x0</size>
         <contents>
         </contents>
      </logical_group>
      <logical_group id="lg-f" display="no" color="cyan">
         <name>CpuTimer1RegsFile</name>
         <run_address>0x0</run_address>
         <size>0x0</size>
         <contents>
         </contents>
      </logical_group>
      <logical_group id="lg-10" display="no" color="cyan">
         <name>CpuTimer2RegsFile</name>
         <run_address>0x0</run_address>
         <size>0x0</size>
         <contents>
         </contents>
      </logical_group>
      <logical_group id="lg-11" display="no" color="cyan">
         <name>PieCtrlRegsFile</name>
         <run_address>0x0</run_address>
         <size>0x0</size>
         <contents>
         </contents>
      </logical_group>
      <logical_group id="lg-12" display="no" color="cyan">
         <name>ECap1RegsFile</name>
         <run_address>0x0</run_address>
         <size>0x0</size>
         <contents>
         </contents>
      </logical_group>
      <logical_group id="lg-13" display="no" color="cyan">
         <name>GpioCtrlRegsFile</name>
         <run_address>0x0</run_address>
         <size>0x0</size>
         <contents>
         </contents>
      </logical_group>
      <logical_group id="lg-14" display="no" color="cyan">
         <name>GpioDataRegsFile</name>
         <run_address>0x0</run_address>
         <size>0x0</size>
         <contents>
         </contents>
      </logical_group>
      <logical_group id="lg-15" display="no" color="cyan">
         <name>GpioIntRegsFile</name>
         <run_address>0x0</run_address>
         <size>0x0</size>
         <contents>
         </contents>
      </logical_group>
      <logical_group id="lg-16" display="no" color="cyan">
         <name>SysCtrlRegsFile</name>
         <run_address>0x0</run_address>
         <size>0x0</size>
         <contents>
         </contents>
      </logical_group>
      <logical_group id="lg-17" display="no" color="cyan">
         <name>SpiaRegsFile</name>
         <run_address>0x0</run_address>
         <size>0x0</size>
         <contents>
         </contents>
      </logical_group>
      <logical_group id="lg-18" display="no" color="cyan">
         <name>SciaRegsFile</name>
         <run_address>0x0</run_address>
         <size>0x0</size>
         <contents>
         </contents>
      </logical_group>
      <logical_group id="lg-19" display="no" color="cyan">
         <name>NmiIntruptRegsFile</name>
         <run_address>0x0</run_address>
         <size>0x0</size>
         <contents>
         </contents>
      </logical_group>
      <logical_group id="lg-1a" display="no" color="cyan">
         <name>XIntruptRegsFile</name>
         <run_address>0x0</run_address>
         <size>0x0</size>
         <contents>
         </contents>
      </logical_group>
      <logical_group id="lg-1b" display="no" color="cyan">
         <name>AdcRegsFile</name>
         <run_address>0x0</run_address>
         <size>0x0</size>
         <contents>
         </contents>
      </logical_group>
      <logical_group id="lg-1c" display="no" color="cyan">
         <name>I2caRegsFile</name>
         <run_address>0x0</run_address>
         <size>0x0</size>
         <contents>
         </contents>
      </logical_group>
      <logical_group id="lg-1d" display="no" color="cyan">
         <name>Comp1RegsFile</name>
         <run_address>0x0</run_address>
         <size>0x0</size>
         <contents>
         </contents>
      </logical_group>
      <logical_group id="lg-1e" display="no" color="cyan">
         <name>Comp2RegsFile</name>
         <run_address>0x0</run_address>
         <size>0x0</size>
         <contents>
         </contents>
      </logical_group>
      <logical_group id="lg-1f" display="no" color="cyan">
         <name>EPwm1RegsFile</name>
         <run_address>0x0</run_address>
         <size>0x0</size>
         <contents>
         </contents>
      </logical_group>
      <logical_group id="lg-20" display="no" color="cyan">
         <name>EPwm2RegsFile</name>
         <run_address>0x0</run_address>
         <size>0x0</size>
         <contents>
         </contents>
      </logical_group>
      <logical_group id="lg-21" display="no" color="cyan">
         <name>EPwm3RegsFile</name>
         <run_address>0x0</run_address>
         <size>0x0</size>
         <contents>
         </contents>
      </logical_group>
      <logical_group id="lg-22" display="no" color="cyan">
         <name>EPwm4RegsFile</name>
         <run_address>0x0</run_address>
         <size>0x0</size>
         <contents>
         </contents>
      </logical_group>
      <logical_group id="lg-23" display="no" color="cyan">
         <name>CsmPwlFile</name>
         <run_address>0x0</run_address>
         <size>0x0</size>
         <contents>
         </contents>
      </logical_group>
      <logical_group id="lg-24" display="no" color="cyan">
         <name>PartIdRegsFile</name>
         <run_address>0x0</run_address>
         <size>0x0</size>
         <contents>
         </contents>
      </logical_group>
      <logical_group id="lg-25" display="no" color="cyan">
         <name>codestart</name>
         <load_address>0x0</load_address>
         <run_address>0x0</run_address>
         <size>0x2</size>
         <contents>
            <object_component_ref idref="oc-33"/>
         </contents>
      </logical_group>
      <logical_group id="lg-13e" display="no" color="cyan">
         <name>ramfuncs</name>
         <load_address>0x80cf</load_address>
         <run_address>0x80cf</run_address>
         <size>0x3b</size>
         <contents>
            <object_component_ref idref="oc-f4"/>
            <object_component_ref idref="oc-fd"/>
            <object_component_ref idref="oc-fe"/>
            <object_component_ref idref="oc-ff"/>
            <object_component_ref idref="oc-fc"/>
            <object_component_ref idref="oc-101"/>
            <object_component_ref idref="oc-100"/>
         </contents>
      </logical_group>
      <split_section id="lg-26" display="no" color="cyan">
         <name>ramfuncs</name>
         <contents>
            <logical_group_ref idref="lg-13e"/>
         </contents>
      </split_section>
      <logical_group id="lg-13f" display="no" color="cyan">
         <name>.text.1</name>
         <load_address>0x50</load_address>
         <run_address>0x50</run_address>
         <size>0x3b0</size>
         <contents>
            <object_component_ref idref="oc-d3"/>
            <object_component_ref idref="oc-a1"/>
            <object_component_ref idref="oc-e6"/>
            <object_component_ref idref="oc-d1"/>
            <object_component_ref idref="oc-ce"/>
            <object_component_ref idref="oc-f2"/>
            <object_component_ref idref="oc-d2"/>
            <object_component_ref idref="oc-f3"/>
            <object_component_ref idref="oc-e1"/>
            <object_component_ref idref="oc-f0"/>
            <object_component_ref idref="oc-f1"/>
            <object_component_ref idref="oc-ee"/>
            <object_component_ref idref="oc-e3"/>
            <object_component_ref idref="oc-e8"/>
            <object_component_ref idref="oc-d0"/>
            <object_component_ref idref="oc-ed"/>
            <object_component_ref idref="oc-ea"/>
            <object_component_ref idref="oc-eb"/>
            <object_component_ref idref="oc-ef"/>
            <object_component_ref idref="oc-d6"/>
            <object_component_ref idref="oc-ec"/>
            <object_component_ref idref="oc-db"/>
            <object_component_ref idref="oc-f5"/>
            <object_component_ref idref="oc-d7"/>
            <object_component_ref idref="oc-d9"/>
            <object_component_ref idref="oc-da"/>
            <object_component_ref idref="oc-dc"/>
            <object_component_ref idref="oc-de"/>
            <object_component_ref idref="oc-dd"/>
            <object_component_ref idref="oc-4a"/>
            <object_component_ref idref="oc-df"/>
            <object_component_ref idref="oc-e7"/>
            <object_component_ref idref="oc-e0"/>
            <object_component_ref idref="oc-f8"/>
            <object_component_ref idref="oc-f9"/>
            <object_component_ref idref="oc-7d"/>
            <object_component_ref idref="oc-7e"/>
            <object_component_ref idref="oc-93"/>
            <object_component_ref idref="oc-94"/>
            <object_component_ref idref="oc-95"/>
            <object_component_ref idref="oc-96"/>
            <object_component_ref idref="oc-97"/>
            <object_component_ref idref="oc-98"/>
            <object_component_ref idref="oc-81"/>
            <object_component_ref idref="oc-6c"/>
            <object_component_ref idref="oc-8c"/>
            <object_component_ref idref="oc-9a"/>
            <object_component_ref idref="oc-6e"/>
            <object_component_ref idref="oc-88"/>
            <object_component_ref idref="oc-84"/>
            <object_component_ref idref="oc-e5"/>
         </contents>
      </logical_group>
      <logical_group id="lg-140" display="no" color="cyan">
         <name>.text.2</name>
         <load_address>0x8000</load_address>
         <run_address>0x8000</run_address>
         <size>0xcf</size>
         <contents>
            <object_component_ref idref="oc-89"/>
            <object_component_ref idref="oc-85"/>
            <object_component_ref idref="oc-8a"/>
            <object_component_ref idref="oc-86"/>
            <object_component_ref idref="oc-8b"/>
            <object_component_ref idref="oc-87"/>
            <object_component_ref idref="oc-8f"/>
            <object_component_ref idref="oc-90"/>
            <object_component_ref idref="oc-70"/>
            <object_component_ref idref="oc-6a"/>
            <object_component_ref idref="oc-6b"/>
            <object_component_ref idref="oc-6f"/>
            <object_component_ref idref="oc-9b"/>
            <object_component_ref idref="oc-5a"/>
            <object_component_ref idref="oc-6d"/>
            <object_component_ref idref="oc-91"/>
            <object_component_ref idref="oc-92"/>
            <object_component_ref idref="oc-8d"/>
            <object_component_ref idref="oc-8e"/>
            <object_component_ref idref="oc-82"/>
            <object_component_ref idref="oc-7a"/>
            <object_component_ref idref="oc-7b"/>
            <object_component_ref idref="oc-7c"/>
            <object_component_ref idref="oc-71"/>
            <object_component_ref idref="oc-72"/>
            <object_component_ref idref="oc-73"/>
            <object_component_ref idref="oc-74"/>
            <object_component_ref idref="oc-75"/>
            <object_component_ref idref="oc-76"/>
            <object_component_ref idref="oc-77"/>
            <object_component_ref idref="oc-78"/>
            <object_component_ref idref="oc-79"/>
            <object_component_ref idref="oc-83"/>
            <object_component_ref idref="oc-7f"/>
            <object_component_ref idref="oc-80"/>
            <object_component_ref idref="oc-99"/>
            <object_component_ref idref="oc-9c"/>
            <object_component_ref idref="oc-d8"/>
            <object_component_ref idref="oc-e4"/>
            <object_component_ref idref="oc-e2"/>
            <object_component_ref idref="oc-e9"/>
            <object_component_ref idref="oc-f7"/>
            <object_component_ref idref="oc-fa"/>
            <object_component_ref idref="oc-cd"/>
            <object_component_ref idref="oc-cf"/>
         </contents>
      </logical_group>
      <split_section id="lg-27" display="no" color="cyan">
         <name>.text</name>
         <contents>
            <logical_group_ref idref="lg-13f"/>
            <logical_group_ref idref="lg-140"/>
         </contents>
      </split_section>
      <logical_group id="lg-28" display="no" color="cyan">
         <name>.cinit</name>
         <load_address>0x810a</load_address>
         <run_address>0x810a</run_address>
         <size>0x1a</size>
         <contents>
            <object_component_ref idref="oc-bd"/>
            <object_component_ref idref="oc-d5"/>
            <object_component_ref idref="oc-f6"/>
         </contents>
      </logical_group>
      <logical_group id="lg-29" display="no" color="cyan">
         <name>.pinit</name>
         <run_address>0x0</run_address>
         <size>0x0</size>
         <contents>
         </contents>
      </logical_group>
      <logical_group id="lg-2a" display="no" color="cyan">
         <name>.switch</name>
         <run_address>0x0</run_address>
         <size>0x0</size>
         <contents>
         </contents>
      </logical_group>
      <logical_group id="lg-2b" display="no" color="cyan">
         <name>.reset</name>
         <load_address>0x3fffc0</load_address>
         <run_address>0x3fffc0</run_address>
         <size>0x2</size>
         <contents>
            <object_component_ref idref="oc-a3"/>
         </contents>
      </logical_group>
      <logical_group id="lg-2c" display="no" color="cyan">
         <name>.stack</name>
         <run_address>0x400</run_address>
         <size>0x200</size>
         <contents>
            <object_component_ref idref="oc-a2"/>
            <object_component_ref idref="oc-13d"/>
         </contents>
      </logical_group>
      <logical_group id="lg-2d" display="no" color="cyan">
         <name>.ebss</name>
         <run_address>0x700</run_address>
         <size>0x17</size>
         <contents>
            <object_component_ref idref="oc-35"/>
            <object_component_ref idref="oc-45"/>
            <object_component_ref idref="oc-be"/>
            <object_component_ref idref="oc-d4"/>
            <object_component_ref idref="oc-102"/>
         </contents>
      </logical_group>
      <logical_group id="lg-2e" display="no" color="cyan">
         <name>.econst</name>
         <load_address>0x600</load_address>
         <run_address>0x600</run_address>
         <size>0x100</size>
         <contents>
            <object_component_ref idref="oc-fb"/>
         </contents>
      </logical_group>
      <logical_group id="lg-2f" display="no" color="cyan">
         <name>.esysmem</name>
         <run_address>0x0</run_address>
         <size>0x0</size>
         <contents>
         </contents>
      </logical_group>
      <logical_group id="lg-30" display="no" color="cyan">
         <name>IQmath</name>
         <run_address>0x0</run_address>
         <size>0x0</size>
         <contents>
         </contents>
      </logical_group>
      <logical_group id="lg-31" display="no" color="cyan">
         <name>IQmathTables</name>
         <run_address>0x0</run_address>
         <size>0x0</size>
         <contents>
         </contents>
      </logical_group>
      <logical_group id="lg-131" display="never" color="cyan">
         <name>.debug_info</name>
         <load_address>0x0</load_address>
         <run_address>0x0</run_address>
         <size>0x13953</size>
         <contents>
            <object_component_ref idref="oc-34"/>
            <object_component_ref idref="oc-3a"/>
            <object_component_ref idref="oc-3f"/>
            <object_component_ref idref="oc-44"/>
            <object_component_ref idref="oc-4b"/>
            <object_component_ref idref="oc-4f"/>
            <object_component_ref idref="oc-54"/>
            <object_component_ref idref="oc-59"/>
            <object_component_ref idref="oc-5f"/>
            <object_component_ref idref="oc-64"/>
            <object_component_ref idref="oc-69"/>
            <object_component_ref idref="oc-a4"/>
            <object_component_ref idref="oc-a8"/>
            <object_component_ref idref="oc-ad"/>
            <object_component_ref idref="oc-b2"/>
            <object_component_ref idref="oc-b7"/>
            <object_component_ref idref="oc-bc"/>
            <object_component_ref idref="oc-c3"/>
            <object_component_ref idref="oc-c8"/>
            <object_component_ref idref="oc-141"/>
         </contents>
      </logical_group>
      <logical_group id="lg-133" display="never" color="cyan">
         <name>.debug_frame</name>
         <load_address>0x0</load_address>
         <run_address>0x0</run_address>
         <size>0xd53</size>
         <contents>
            <object_component_ref idref="oc-36"/>
            <object_component_ref idref="oc-3b"/>
            <object_component_ref idref="oc-40"/>
            <object_component_ref idref="oc-46"/>
            <object_component_ref idref="oc-50"/>
            <object_component_ref idref="oc-55"/>
            <object_component_ref idref="oc-5b"/>
            <object_component_ref idref="oc-60"/>
            <object_component_ref idref="oc-65"/>
            <object_component_ref idref="oc-9d"/>
            <object_component_ref idref="oc-a9"/>
            <object_component_ref idref="oc-ae"/>
            <object_component_ref idref="oc-b3"/>
            <object_component_ref idref="oc-b8"/>
            <object_component_ref idref="oc-bf"/>
            <object_component_ref idref="oc-c4"/>
            <object_component_ref idref="oc-c9"/>
         </contents>
      </logical_group>
      <logical_group id="lg-135" display="never" color="cyan">
         <name>.debug_line</name>
         <load_address>0x0</load_address>
         <run_address>0x0</run_address>
         <size>0x1213</size>
         <contents>
            <object_component_ref idref="oc-37"/>
            <object_component_ref idref="oc-3c"/>
            <object_component_ref idref="oc-41"/>
            <object_component_ref idref="oc-47"/>
            <object_component_ref idref="oc-4c"/>
            <object_component_ref idref="oc-51"/>
            <object_component_ref idref="oc-56"/>
            <object_component_ref idref="oc-5c"/>
            <object_component_ref idref="oc-61"/>
            <object_component_ref idref="oc-66"/>
            <object_component_ref idref="oc-9e"/>
[...]
         <value>0xffffffff</value>
      </symbol>
      <symbol id="sm-9">
         <name>.text</name>
         <value>0xffffffff</value>
      </symbol>
      <symbol id="sm-a">
         <name>___text__</name>
         <value>0xffffffff</value>
      </symbol>
      <symbol id="sm-b">
         <name>etext</name>
         <value>0xffffffff</value>
      </symbol>
      <symbol id="sm-c">
         <name>___etext__</name>
         <value>0xffffffff</value>
      </symbol>
      <symbol id="sm-d">
         <name>___TI_pprof_out_hndl</name>
         <value>0xffffffff</value>
      </symbol>
      <symbol id="sm-e">
         <name>___TI_prof_data_start</name>
         <value>0xffffffff</value>
      </symbol>
      <symbol id="sm-f">
         <name>___TI_prof_data_size</name>
         <value>0xffffffff</value>
      </symbol>
      <symbol id="sm-87">
         <name>_main</name>
         <value>0x50</value>
         <object_component_ref idref="oc-d3"/>
      </symbol>
      <symbol id="sm-89">
         <name>_myPie</name>
         <value>0x70a</value>
         <object_component_ref idref="oc-35"/>
      </symbol>
      <symbol id="sm-8a">
         <name>_temp</name>
         <value>0x700</value>
         <object_component_ref idref="oc-35"/>
      </symbol>
      <symbol id="sm-8b">
         <name>_degK</name>
         <value>0x702</value>
         <object_component_ref idref="oc-35"/>
      </symbol>
      <symbol id="sm-8c">
         <name>_degC</name>
         <value>0x701</value>
         <object_component_ref idref="oc-35"/>
      </symbol>
      <symbol id="sm-8d">
         <name>_myGpio</name>
         <value>0x708</value>
         <object_component_ref idref="oc-35"/>
      </symbol>
      <symbol id="sm-8e">
         <name>_myClk</name>
         <value>0x704</value>
         <object_component_ref idref="oc-35"/>
      </symbol>
      <symbol id="sm-8f">
         <name>_myFlash</name>
         <value>0x706</value>
         <object_component_ref idref="oc-35"/>
      </symbol>
      <symbol id="sm-b2">
         <name>_ADC_setVoltRefSrc</name>
         <value>0x2c5</value>
         <object_component_ref idref="oc-ee"/>
      </symbol>
      <symbol id="sm-b3">
         <name>_ADC_enableBandGap</name>
         <value>0x313</value>
         <object_component_ref idref="oc-ea"/>
      </symbol>
      <symbol id="sm-b4">
         <name>_ADC_enableRefBuffers</name>
         <value>0x31d</value>
         <object_component_ref idref="oc-eb"/>
      </symbol>
      <symbol id="sm-b5">
         <name>_ADC_enableTempSensor</name>
         <value>0x327</value>
         <object_component_ref idref="oc-ef"/>
      </symbol>
      <symbol id="sm-b6">
         <name>_ADC_setSocSampleWindow</name>
         <value>0x2b3</value>
         <object_component_ref idref="oc-f1"/>
      </symbol>
      <symbol id="sm-b7">
         <name>_ADC_setSocChanNumber</name>
         <value>0x2a1</value>
         <object_component_ref idref="oc-f0"/>
      </symbol>
      <symbol id="sm-b8">
         <name>_ADC_powerUp</name>
         <value>0x33b</value>
         <object_component_ref idref="oc-ec"/>
      </symbol>
      <symbol id="sm-b9">
         <name>_ADC_setIntSrc</name>
         <value>0x236</value>
         <object_component_ref idref="oc-f2"/>
      </symbol>
      <symbol id="sm-ba">
         <name>_ADC_init</name>
         <value>0x331</value>
         <object_component_ref idref="oc-d6"/>
      </symbol>
      <symbol id="sm-bb">
         <name>_ADC_enable</name>
         <value>0x309</value>
         <object_component_ref idref="oc-ed"/>
      </symbol>
      <symbol id="sm-bc">
         <name>_ADC_enableInt</name>
         <value>0x275</value>
         <object_component_ref idref="oc-f3"/>
      </symbol>
      <symbol id="sm-d1">
         <name>_CLK_enableAdcClock</name>
         <value>0x390</value>
         <object_component_ref idref="oc-df"/>
      </symbol>
      <symbol id="sm-d2">
         <name>_CLK_setOscSrc</name>
         <value>0x39e</value>
         <object_component_ref idref="oc-e0"/>
      </symbol>
      <symbol id="sm-d3">
         <name>_CLK_setClkOutPreScaler</name>
         <value>0x397</value>
         <object_component_ref idref="oc-e7"/>
      </symbol>
      <symbol id="sm-d4">
         <name>_CLK_init</name>
         <value>0x358</value>
         <object_component_ref idref="oc-d7"/>
      </symbol>
      <symbol id="sm-e8">
         <name>_CPU_disableGlobalInts</name>
         <value>0x80bd</value>
         <object_component_ref idref="oc-e4"/>
      </symbol>
      <symbol id="sm-e9">
         <name>_CPU_clearIntFlags</name>
         <value>0x3fd</value>
         <object_component_ref idref="oc-e5"/>
      </symbol>
      <symbol id="sm-ea">
         <name>_CPU_init</name>
         <value>0x80b9</value>
         <object_component_ref idref="oc-d8"/>
      </symbol>
      <symbol id="sm-eb">
         <name>_cpu</name>
         <value>0x716</value>
         <object_component_ref idref="oc-45"/>
      </symbol>
      <symbol id="sm-fb">
         <name>code_start</name>
         <value>0x0</value>
         <object_component_ref idref="oc-33"/>
      </symbol>
      <symbol id="sm-118">
         <name>_FLASH_setActiveWaitCount</name>
         <value>0x8100</value>
         <object_component_ref idref="oc-101"/>
      </symbol>
      <symbol id="sm-119">
         <name>_FLASH_enablePipelineMode</name>
         <value>0x80fa</value>
         <object_component_ref idref="oc-fc"/>
      </symbol>
      <symbol id="sm-11a">
         <name>_FLASH_setStandbyWaitCount</name>
         <value>0x8105</value>
         <object_component_ref idref="oc-100"/>
      </symbol>
      <symbol id="sm-11b">
         <name>_FLASH_setNumPagedReadWaitStates</name>
         <value>0x80e5</value>
         <object_component_ref idref="oc-fd"/>
      </symbol>
      <symbol id="sm-11c">
         <name>_FLASH_setOtpWaitStates</name>
         <value>0x80f3</value>
         <object_component_ref idref="oc-ff"/>
      </symbol>
      <symbol id="sm-11d">
         <name>_FLASH_init</name>
         <value>0x360</value>
         <object_component_ref idref="oc-d9"/>
      </symbol>
      <symbol id="sm-11e">
         <name>_FLASH_setNumRandomReadWaitStates</name>
         <value>0x80ec</value>
         <object_component_ref idref="oc-fe"/>
      </symbol>
      <symbol id="sm-11f">
         <name>_FLASH_setup</name>
         <value>0x80cf</value>
         <object_component_ref idref="oc-f4"/>
      </symbol>
      <symbol id="sm-133">
         <name>_GPIO_setMode</name>
         <value>0x1a1</value>
         <object_component_ref idref="oc-e6"/>
      </symbol>
      <symbol id="sm-134">
         <name>_GPIO_init</name>
         <value>0x368</value>
         <object_component_ref idref="oc-da"/>
      </symbol>
      <symbol id="sm-154">
         <name>_PIE_enable</name>
         <value>0x80c3</value>
         <object_component_ref idref="oc-e9"/>
      </symbol>
      <symbol id="sm-155">
         <name>_PIE_disableAllInts</name>
         <value>0x2d6</value>
         <object_component_ref idref="oc-e3"/>
      </symbol>
      <symbol id="sm-156">
         <name>_PIE_disable</name>
         <value>0x80c0</value>
         <object_component_ref idref="oc-e2"/>
      </symbol>
      <symbol id="sm-157">
         <name>_PIE_illegalIsr</name>
         <value>0x8041</value>
         <object_component_ref idref="oc-5a"/>
      </symbol>
      <symbol id="sm-158">
         <name>_PIE_init</name>
         <value>0x345</value>
         <object_component_ref idref="oc-db"/>
      </symbol>
      <symbol id="sm-159">
         <name>_PIE_setDebugIntVectorTable</name>
         <value>0x2e7</value>
         <object_component_ref idref="oc-e8"/>
      </symbol>
      <symbol id="sm-15a">
         <name>_PIE_tableDebugInit</name>
         <value>0x600</value>
         <object_component_ref idref="oc-fb"/>
      </symbol>
      <symbol id="sm-175">
         <name>_PLL_getClkStatus</name>
         <value>0x80c6</value>
         <object_component_ref idref="oc-f7"/>
      </symbol>
      <symbol id="sm-176">
         <name>_PLL_setDivider</name>
         <value>0x3a5</value>
         <object_component_ref idref="oc-f8"/>
      </symbol>
      <symbol id="sm-177">
         <name>_PLL_init</name>
         <value>0x370</value>
         <object_component_ref idref="oc-dc"/>
      </symbol>
      <symbol id="sm-178">
         <name>_PLL_getLockStatus</name>
         <value>0x80c9</value>
         <object_component_ref idref="oc-fa"/>
      </symbol>
      <symbol id="sm-179">
         <name>_PLL_setup</name>
         <value>0x28c</value>
         <object_component_ref idref="oc-e1"/>
      </symbol>
      <symbol id="sm-17a">
         <name>_PLL_setMultiplier</name>
         <value>0x3ac</value>
         <object_component_ref idref="oc-f9"/>
      </symbol>
      <symbol id="sm-18b">
         <name>_WDOG_init</name>
         <value>0x380</value>
         <object_component_ref idref="oc-dd"/>
      </symbol>
      <symbol id="sm-18c">
         <name>_WDOG_disable</name>
         <value>0x378</value>
         <object_component_ref idref="oc-de"/>
      </symbol>
      <symbol id="sm-22f">
         <name>_ILLEGAL_ISR</name>
         <value>0x8028</value>
         <object_component_ref idref="oc-70"/>
      </symbol>
      <symbol id="sm-230">
         <name>_ADCINT4_ISR</name>
         <value>0x3c1</value>
         <object_component_ref idref="oc-94"/>
      </symbol>
      <symbol id="sm-231">
         <name>_DATALOG_ISR</name>
         <value>0x3df</value>
         <object_component_ref idref="oc-6c"/>
      </symbol>
      <symbol id="sm-232">
         <name>_SPITXINTA_ISR</name>
         <value>0x805a</value>
         <object_component_ref idref="oc-8e"/>
      </symbol>
      <symbol id="sm-233">
         <name>_SPIRXINTA_ISR</name>
         <value>0x8055</value>
         <object_component_ref idref="oc-8d"/>
      </symbol>
      <symbol id="sm-234">
         <name>_INT13_ISR</name>
         <value>0x802d</value>
         <object_component_ref idref="oc-6a"/>
      </symbol>
      <symbol id="sm-235">
         <name>_ADCINT5_ISR</name>
         <value>0x3c6</value>
         <object_component_ref idref="oc-95"/>
      </symbol>
      <symbol id="sm-236">
         <name>_EPWM4_INT_ISR</name>
         <value>0x8014</value>
         <object_component_ref idref="oc-8b"/>
      </symbol>
      <symbol id="sm-237">
         <name>_USER5_ISR</name>
         <value>0x8087</value>
         <object_component_ref idref="oc-75"/>
      </symbol>
      <symbol id="sm-238">
         <name>_EMPTY_ISR</name>
         <value>0x3e9</value>
         <object_component_ref idref="oc-9a"/>
      </symbol>
      <symbol id="sm-239">
         <name>_EPWM4_TZINT_ISR</name>
         <value>0x8019</value>
         <object_component_ref idref="oc-87"/>
      </symbol>
      <symbol id="sm-23a">
         <name>_EMUINT_ISR</name>
         <value>0x3ee</value>
         <object_component_ref idref="oc-6e"/>
      </symbol>
      <symbol id="sm-23b">
         <name>_ECAP1_INT_ISR</name>
         <value>0x3e4</value>
         <object_component_ref idref="oc-8c"/>
      </symbol>
      <symbol id="sm-23c">
         <name>_EPWM1_TZINT_ISR</name>
         <value>0x3f8</value>
         <object_component_ref idref="oc-84"/>
      </symbol>
      <symbol id="sm-23d">
         <name>_ADCINT6_ISR</name>
         <value>0x3cb</value>
         <object_component_ref idref="oc-96"/>
      </symbol>
      <symbol id="sm-23e">
         <name>_ADCINT8_ISR</name>
         <value>0x3d5</value>
         <object_component_ref idref="oc-98"/>
      </symbol>
      <symbol id="sm-23f">
         <name>_USER11_ISR</name>
         <value>0x8069</value>
         <object_component_ref idref="oc-7b"/>
      </symbol>
      <symbol id="sm-240">
         <name>_EPWM3_TZINT_ISR</name>
         <value>0x800f</value>
         <object_component_ref idref="oc-86"/>
      </symbol>
      <symbol id="sm-241">
         <name>_USER4_ISR</name>
         <value>0x8082</value>
         <object_component_ref idref="oc-74"/>
      </symbol>
      <symbol id="sm-242">
         <name>_EPWM2_TZINT_ISR</name>
         <value>0x8005</value>
         <object_component_ref idref="oc-85"/>
      </symbol>
      <symbol id="sm-243">
         <name>_EPWM2_INT_ISR</name>
         <value>0x8000</value>
         <object_component_ref idref="oc-89"/>
      </symbol>
      <symbol id="sm-244">
         <name>_TINT0_ISR</name>
         <value>0x805f</value>
         <object_component_ref idref="oc-82"/>
      </symbol>
      <symbol id="sm-245">
         <name>_WAKEINT_ISR</name>
         <value>0x80a0</value>
         <object_component_ref idref="oc-83"/>
      </symbol>
      <symbol id="sm-246">
         <name>_ADCINT7_ISR</name>
         <value>0x3d0</value>
         <object_component_ref idref="oc-97"/>
      </symbol>
      <symbol id="sm-247">
         <name>_ADCINT9_ISR</name>
         <value>0x3da</value>
         <object_component_ref idref="oc-81"/>
      </symbol>
      <symbol id="sm-248">
         <name>_USER10_ISR</name>
         <value>0x8064</value>
         <object_component_ref idref="oc-7a"/>
      </symbol>
      <symbol id="sm-249">
         <name>_USER7_ISR</name>
         <value>0x8091</value>
         <object_component_ref idref="oc-77"/>
      </symbol>
      <symbol id="sm-24a">
         <name>_XINT1_ISR</name>
         <value>0x80a5</value>
         <object_component_ref idref="oc-7f"/>
      </symbol>
      <symbol id="sm-24b">
         <name>_INT14_ISR</name>
         <value>0x8032</value>
         <object_component_ref idref="oc-6b"/>
      </symbol>
      <symbol id="sm-24c">
         <name>_USER6_ISR</name>
         <value>0x808c</value>
         <object_component_ref idref="oc-76"/>
      </symbol>
      <symbol id="sm-24d">
         <name>_ADCINT1_ISR</name>
         <value>0x3b2</value>
         <object_component_ref idref="oc-7d"/>
      </symbol>
      <symbol id="sm-24e">
         <name>_USER12_ISR</name>
         <value>0x806e</value>
         <object_component_ref idref="oc-7c"/>
      </symbol>
      <symbol id="sm-24f">
         <name>_USER1_ISR</name>
         <value>0x8073</value>
         <object_component_ref idref="oc-71"/>
      </symbol>
      <symbol id="sm-250">
         <name>_XINT3_ISR</name>
         <value>0x80af</value>
         <object_component_ref idref="oc-99"/>
      </symbol>
      <symbol id="sm-251">
         <name>_NMI_ISR</name>
         <value>0x8037</value>
         <object_component_ref idref="oc-6f"/>
      </symbol>
      <symbol id="sm-252">
         <name>_ADCINT2_ISR</name>
         <value>0x3b7</value>
         <object_component_ref idref="oc-7e"/>
      </symbol>
      <symbol id="sm-253">
         <name>_PIE_RESERVED</name>
         <value>0x803c</value>
         <object_component_ref idref="oc-9b"/>
      </symbol>
      <symbol id="sm-254">
         <name>_I2CINT1A_ISR</name>
         <value>0x801e</value>
         <object_component_ref idref="oc-8f"/>
      </symbol>
      <symbol id="sm-255">
         <name>_XINT2_ISR</name>
         <value>0x80aa</value>
         <object_component_ref idref="oc-80"/>
      </symbol>
      <symbol id="sm-256">
         <name>_I2CINT2A_ISR</name>
         <value>0x8023</value>
         <object_component_ref idref="oc-90"/>
      </symbol>
      <symbol id="sm-257">
         <name>_RTOSINT_ISR</name>
         <value>0x8046</value>
         <object_component_ref idref="oc-6d"/>
      </symbol>
      <symbol id="sm-258">
         <name>_EPWM3_INT_ISR</name>
         <value>0x800a</value>
         <object_component_ref idref="oc-8a"/>
      </symbol>
      <symbol id="sm-259">
         <name>_ADCINT3_ISR</name>
         <value>0x3bc</value>
         <object_component_ref idref="oc-93"/>
      </symbol>
      <symbol id="sm-25a">
         <name>_USER9_ISR</name>
         <value>0x809b</value>
         <object_component_ref idref="oc-79"/>
      </symbol>
      <symbol id="sm-25b">
         <name>_USER3_ISR</name>
         <value>0x807d</value>
         <object_component_ref idref="oc-73"/>
      </symbol>
      <symbol id="sm-25c">
         <name>_USER8_ISR</name>
         <value>0x8096</value>
         <object_component_ref idref="oc-78"/>
      </symbol>
      <symbol id="sm-25d">
         <name>_EPWM1_INT_ISR</name>
         <value>0x3f3</value>
         <object_component_ref idref="oc-88"/>
      </symbol>
      <symbol id="sm-25e">
         <name>_USER2_ISR</name>
         <value>0x8078</value>
         <object_component_ref idref="oc-72"/>
      </symbol>
      <symbol id="sm-25f">
         <name>_SCITXINTA_ISR</name>
         <value>0x8050</value>
         <object_component_ref idref="oc-92"/>
      </symbol>
      <symbol id="sm-260">
         <name>_SCIRXINTA_ISR</name>
         <value>0x804b</value>
         <object_component_ref idref="oc-91"/>
      </symbol>
      <symbol id="sm-261">
         <name>_rsvd_ISR</name>
         <value>0x80b4</value>
         <object_component_ref idref="oc-9c"/>
      </symbol>
      <symbol id="sm-27c">
         <name>_c_int00</name>
         <value>0x14d</value>
         <object_component_ref idref="oc-a1"/>
      </symbol>
      <symbol id="sm-27d">
         <name>__stack</name>
         <value>0x400</value>
         <object_component_ref idref="oc-a2"/>
      </symbol>
      <symbol id="sm-28c">
         <name>_copy_in</name>
         <value>0x212</value>
         <object_component_ref idref="oc-ce"/>
      </symbol>
      <symbol id="sm-29e">
         <name>_memcpy</name>
         <value>0x258</value>
         <object_component_ref idref="oc-d2"/>
      </symbol>
      <symbol id="sm-2ab">
         <name>__system_pre_init</name>
         <value>0x80cc</value>
         <object_component_ref idref="oc-cd"/>
      </symbol>
      <symbol id="sm-2b9">
         <name>__system_post_cinit</name>
         <value>0x80ce</value>
         <object_component_ref idref="oc-cf"/>
      </symbol>
      <symbol id="sm-2ce">
         <name>C$$EXIT</name>
         <value>0x1e9</value>
         <object_component_ref idref="oc-d1"/>
      </symbol>
      <symbol id="sm-2cf">
         <name>_exit</name>
         <value>0x1eb</value>
         <object_component_ref idref="oc-d1"/>
      </symbol>
      <symbol id="sm-2d1">
         <name>___TI_cleanup_ptr</name>
         <value>0x70e</value>
         <object_component_ref idref="oc-be"/>
      </symbol>
      <symbol id="sm-2d2">
         <name>___TI_enable_exit_profile_output</name>
         <value>0x70c</value>
         <object_component_ref idref="oc-be"/>
      </symbol>
      <symbol id="sm-2d3">
         <name>_abort</name>
         <value>0x1e9</value>
         <object_component_ref idref="oc-d1"/>
      </symbol>
      <symbol id="sm-2d5">
         <name>___TI_dtors_ptr</name>
         <value>0x710</value>
         <object_component_ref idref="oc-be"/>
      </symbol>
      <symbol id="sm-2e9">
         <name>__unlock</name>
         <value>0x714</value>
         <object_component_ref idref="oc-102"/>
      </symbol>
      <symbol id="sm-2ea">
         <name>__lock</name>
         <value>0x712</value>
         <object_component_ref idref="oc-d4"/>
      </symbol>
      <symbol id="sm-2eb">
         <name>__register_lock</name>
         <value>0x353</value>
         <object_component_ref idref="oc-f5"/>
      </symbol>
      <symbol id="sm-2ed">
         <name>__nop</name>
         <value>0x357</value>
         <object_component_ref idref="oc-f5"/>
      </symbol>
      <symbol id="sm-2ef">
         <name>__register_unlock</name>
         <value>0x34f</value>
         <object_component_ref idref="oc-f5"/>
      </symbol>
      <symbol id="sm-2ff">
         <name>__args_main</name>
         <value>0x2f8</value>
         <object_component_ref idref="oc-d0"/>
      </symbol>
   </symbol_table>
   <title>Link successful</title>
</link_info>
